Archive member included to satisfy reference by file (symbol)

/usr/local/m68k-elf/lib/libc.a(libc_a-printf.o)
                              test2.o (printf)
/usr/local/m68k-elf/lib/libc.a(libc_a-puts.o)
                              test2.o (puts)
/usr/local/m68k-elf/lib/libc.a(libc_a-impure.o)
                              /usr/local/m68k-elf/lib/libc.a(libc_a-printf.o) (_impure_ptr)
/usr/local/m68k-elf/lib/libc.a(libc_a-strlen.o)
                              /usr/local/m68k-elf/lib/libc.a(libc_a-puts.o) (strlen)
/usr/local/m68k-elf/lib/libc.a(libc_a-vfprintf.o)
                              /usr/local/m68k-elf/lib/libc.a(libc_a-printf.o) (_vfprintf_r)
/usr/local/m68k-elf/lib/libc.a(libc_a-vfiprintf.o)
                              /usr/local/m68k-elf/lib/libc.a(libc_a-vfprintf.o) (__sprint_r)
/usr/local/m68k-elf/lib/libc.a(libc_a-fflush.o)
                              /usr/local/m68k-elf/lib/libc.a(libc_a-vfprintf.o) (_fflush_r)
/usr/local/m68k-elf/lib/libc.a(libc_a-findfp.o)
                              /usr/local/m68k-elf/lib/libc.a(libc_a-fflush.o) (__sglue)
/usr/local/m68k-elf/lib/libc.a(libc_a-fvwrite.o)
                              /usr/local/m68k-elf/lib/libc.a(libc_a-puts.o) (__sfvwrite_r)
/usr/local/m68k-elf/lib/libc.a(libc_a-fwalk.o)
                              /usr/local/m68k-elf/lib/libc.a(libc_a-fflush.o) (_fwalk_sglue)
/usr/local/m68k-elf/lib/libc.a(libc_a-stdio.o)
                              /usr/local/m68k-elf/lib/libc.a(libc_a-findfp.o) (__sread)
/usr/local/m68k-elf/lib/libc.a(libc_a-wsetup.o)
                              /usr/local/m68k-elf/lib/libc.a(libc_a-vfprintf.o) (__swsetup_r)
/usr/local/m68k-elf/lib/libc.a(libc_a-fputwc.o)
                              /usr/local/m68k-elf/lib/libc.a(libc_a-vfiprintf.o) (_fputwc_r)
/usr/local/m68k-elf/lib/libc.a(libc_a-memchr.o)
                              /usr/local/m68k-elf/lib/libc.a(libc_a-vfprintf.o) (memchr)
/usr/local/m68k-elf/lib/libc.a(libc_a-memmove.o)
                              /usr/local/m68k-elf/lib/libc.a(libc_a-fvwrite.o) (memmove)
/usr/local/m68k-elf/lib/libc.a(libc_a-locale.o)
                              /usr/local/m68k-elf/lib/libc.a(libc_a-fputwc.o) (__locale_mb_cur_max)
/usr/local/m68k-elf/lib/libc.a(libc_a-localeconv.o)
                              /usr/local/m68k-elf/lib/libc.a(libc_a-vfprintf.o) (_localeconv_r)
/usr/local/m68k-elf/lib/libc.a(libc_a-closer.o)
                              /usr/local/m68k-elf/lib/libc.a(libc_a-stdio.o) (_close_r)
/usr/local/m68k-elf/lib/libc.a(libc_a-reent.o)
                              /usr/local/m68k-elf/lib/libc.a(libc_a-closer.o) (errno)
/usr/local/m68k-elf/lib/libc.a(libc_a-lseekr.o)
                              /usr/local/m68k-elf/lib/libc.a(libc_a-stdio.o) (_lseek_r)
/usr/local/m68k-elf/lib/libc.a(libc_a-readr.o)
                              /usr/local/m68k-elf/lib/libc.a(libc_a-stdio.o) (_read_r)
/usr/local/m68k-elf/lib/libc.a(libc_a-writer.o)
                              /usr/local/m68k-elf/lib/libc.a(libc_a-stdio.o) (_write_r)
/usr/local/m68k-elf/lib/libc.a(libc_a-memcpy.o)
                              /usr/local/m68k-elf/lib/libc.a(libc_a-fvwrite.o) (memcpy)
/usr/local/m68k-elf/lib/libc.a(libc_a-memset.o)
                              /usr/local/m68k-elf/lib/libc.a(libc_a-findfp.o) (memset)
/usr/local/m68k-elf/lib/libc.a(libc_a-dtoa.o)
                              /usr/local/m68k-elf/lib/libc.a(libc_a-vfprintf.o) (_dtoa_r)
/usr/local/m68k-elf/lib/libc.a(libc_a-freer.o)
                              /usr/local/m68k-elf/lib/libc.a(libc_a-fflush.o) (_free_r)
/usr/local/m68k-elf/lib/libc.a(libc_a-mallocr.o)
                              /usr/local/m68k-elf/lib/libc.a(libc_a-findfp.o) (_malloc_r)
/usr/local/m68k-elf/lib/libc.a(libc_a-mbtowc_r.o)
                              /usr/local/m68k-elf/lib/libc.a(libc_a-locale.o) (__ascii_mbtowc)
/usr/local/m68k-elf/lib/libc.a(libc_a-mlock.o)
                              /usr/local/m68k-elf/lib/libc.a(libc_a-freer.o) (__malloc_lock)
/usr/local/m68k-elf/lib/libc.a(libc_a-mprec.o)
                              /usr/local/m68k-elf/lib/libc.a(libc_a-dtoa.o) (_Balloc)
/usr/local/m68k-elf/lib/libc.a(libc_a-reallocr.o)
                              /usr/local/m68k-elf/lib/libc.a(libc_a-fvwrite.o) (_realloc_r)
/usr/local/m68k-elf/lib/libc.a(libc_a-wctomb_r.o)
                              /usr/local/m68k-elf/lib/libc.a(libc_a-locale.o) (__ascii_wctomb)
/usr/local/m68k-elf/lib/libc.a(libc_a-wcrtomb.o)
                              /usr/local/m68k-elf/lib/libc.a(libc_a-fputwc.o) (_wcrtomb_r)
/usr/local/m68k-elf/lib/libc.a(libc_a-ctype_.o)
                              /usr/local/m68k-elf/lib/libc.a(libc_a-locale.o) (_ctype_)
/usr/local/m68k-elf/lib/libc.a(libc_a-fclose.o)
                              /usr/local/m68k-elf/lib/libc.a(libc_a-findfp.o) (_fclose_r)
/usr/local/m68k-elf/lib/libc.a(libc_a-makebuf.o)
                              /usr/local/m68k-elf/lib/libc.a(libc_a-wsetup.o) (__smakebuf_r)
[...]
Memory Configuration

Name             Origin             Length             Attributes
ram              0x0000000000000000 0x0000000000040000 xrw
rom0             0x0000000000c00000 0x0000000000080000
device           0x0000000000fff000 0x0000000000001000
*default*        0x0000000000000000 0xffffffffffffffff

Linker script and memory map

LOAD crt0.o
LOAD mon.o
LOAD csys68k.o
LOAD inchrw.o
LOAD mtk_asm.o
LOAD mtk_c.o
LOAD outchr.o
LOAD test2.o
START GROUP
LOAD /usr/local/m68k-elf/lib/libidp.a
LOAD /usr/local/m68k-elf/lib/libc.a
LOAD /usr/local/lib/gcc/m68k-elf/11/libgcc.a
END GROUP
                0x0000000000000000                __DYNAMIC = 0x0
                0x000000000003fff0                PROVIDE (__stack = 0x3fff0)
                0x0000000000000000                PROVIDE (hardware_init_hook = 0x0)
                [!provide]                        PROVIDE (_hardware_init_hook = 0x0)
                0x0000000000000000                PROVIDE (software_init_hook = 0x0)
                [!provide]                        PROVIDE (_software_init_hook = 0x0)

.vector
 *(.vector)

.text           0x0000000000000400     0xb6f9
                0x0000000000000400                __text_start = .
 *(.text)
 .text          0x0000000000000400       0x90 crt0.o
                0x000000000000043c                start
 .text          0x0000000000000490      0x498 mon.o
                0x0000000000000490                monitor_begin
 .text          0x0000000000000928       0xe6 csys68k.o
                0x0000000000000928                read
                0x00000000000009b8                write
 *fill*         0x0000000000000a0e        0x2 
 .text          0x0000000000000a10       0x60 inchrw.o
                0x0000000000000a10                inbyte
 .text          0x0000000000000a70      0x126 mtk_asm.o
                0x0000000000000a70                first_task
                0x0000000000000a90                swtch
                0x0000000000000ad6                hard_clock
                0x0000000000000b06                init_timer
                0x0000000000000b22                skipmt
                0x0000000000000b30                P
                0x0000000000000b48                V
                0x0000000000000b60                pv_handler
 *fill*         0x0000000000000b96        0x2 
 .text          0x0000000000000b98      0x3f2 mtk_c.o
                0x0000000000000b98                init_kernel
                0x0000000000000c0a                set_task
                0x0000000000000cde                init_stack
                0x0000000000000d2e                begin_sch
                0x0000000000000d60                addq
                0x0000000000000db2                removeq
                0x0000000000000dd0                sched
                0x0000000000000dfc                sleep
                0x0000000000000eb6                p_body
                0x0000000000000ee0                wakeup
                0x0000000000000f60                v_body
 *fill*         0x0000000000000f8a        0x2 
 .text          0x0000000000000f8c       0x24 outchr.o
                0x0000000000000f8c                outbyte
 .text          0x0000000000000fb0      0x2e4 test2.o
                0x0000000000000fb0                task1
                0x000000000000106a                task2
                0x000000000000112e                task3
                0x00000000000011fa                task_0
                0x000000000000128a                exit
 .text          0x0000000000001294       0x4a /usr/local/m68k-elf/lib/libc.a(libc_a-printf.o)
                0x0000000000001294                _printf_r
                0x00000000000012b8                printf
 *fill*         0x00000000000012de        0x2 
 .text          0x00000000000012e0       0xb6 /usr/local/m68k-elf/lib/libc.a(libc_a-puts.o)
                0x00000000000012e0                _puts_r
                0x0000000000001384                puts
 *fill*         0x0000000000001396        0x2 
 .text          0x0000000000001398        0x0 /usr/local/m68k-elf/lib/libc.a(libc_a-impure.o)
 .text          0x0000000000001398       0x14 /usr/local/m68k-elf/lib/libc.a(libc_a-strlen.o)
                0x0000000000001398                strlen
 .text          0x00000000000013ac     0x1e7c /usr/local/m68k-elf/lib/libc.a(libc_a-vfprintf.o)
                0x00000000000013ac                _vfprintf_r
                0x000000000000316a                vfprintf
 .text          0x0000000000003228     0x11c4 /usr/local/m68k-elf/lib/libc.a(libc_a-vfiprintf.o)
                0x00000000000032c4                __sprint_r
                0x00000000000032ee                _vfiprintf_r
                0x000000000000432e                vfiprintf
 .text          0x00000000000043ec      0x296 /usr/local/m68k-elf/lib/libc.a(libc_a-fflush.o)
                0x00000000000043ec                __sflush_r
                0x00000000000045d0                _fflush_r
                0x0000000000004612                fflush
 *fill*         0x0000000000004682        0x2 
 .text          0x0000000000004684      0x362 /usr/local/m68k-elf/lib/libc.a(libc_a-findfp.o)
                0x0000000000004884                __sfp
                0x0000000000004992                __sinit
                0x00000000000049b2                __sfp_lock_acquire
                0x00000000000049b4                __sfp_lock_release
                0x00000000000049b6                __fp_lock_all
                0x00000000000049ce                __fp_unlock_all
 *fill*         0x00000000000049e6        0x2 
 .text          0x00000000000049e8      0x3cc /usr/local/m68k-elf/lib/libc.a(libc_a-fvwrite.o)
                0x00000000000049e8                __sfvwrite_r
 .text          0x0000000000004db4       0x56 /usr/local/m68k-elf/lib/libc.a(libc_a-fwalk.o)
                0x0000000000004db4                _fwalk_sglue
 *fill*         0x0000000000004e0a        0x2 
 .text          0x0000000000004e0c      0x114 /usr/local/m68k-elf/lib/libc.a(libc_a-stdio.o)
                0x0000000000004e0c                __sread
                0x0000000000004e44                __seofread
                0x0000000000004e48                __swrite
                0x0000000000004ece                __sseek
                0x0000000000004f0e                __sclose
 .text          0x0000000000004f20      0x12a /usr/local/m68k-elf/lib/libc.a(libc_a-wsetup.o)
                0x0000000000004f20                __swsetup_r
 *fill*         0x000000000000504a        0x2 
 .text          0x000000000000504c      0x166 /usr/local/m68k-elf/lib/libc.a(libc_a-fputwc.o)
                0x000000000000504c                __fputwc
                0x000000000000512a                _fputwc_r
                0x000000000000515e                fputwc
 *fill*         0x00000000000051b2        0x2 
 .text          0x00000000000051b4       0x9c /usr/local/m68k-elf/lib/libc.a(libc_a-memchr.o)
                0x00000000000051b4                memchr
 .text          0x0000000000005250       0xfa /usr/local/m68k-elf/lib/libc.a(libc_a-memmove.o)
                0x0000000000005250                memmove
 *fill*         0x000000000000534a        0x2 
 .text          0x000000000000534c       0xb4 /usr/local/m68k-elf/lib/libc.a(libc_a-locale.o)
                0x000000000000534c                _setlocale_r
                0x00000000000053a0                __locale_mb_cur_max
                0x00000000000053ac                setlocale
 .text          0x0000000000005400       0x1c /usr/local/m68k-elf/lib/libc.a(libc_a-localeconv.o)
                0x0000000000005400                __localeconv_l
                0x000000000000540c                _localeconv_r
                0x0000000000005414                localeconv
 .text          0x000000000000541c       0x2a /usr/local/m68k-elf/lib/libc.a(libc_a-closer.o)
                0x000000000000541c                _close_r
 *fill*         0x0000000000005446        0x2 
 .text          0x0000000000005448       0x92 /usr/local/m68k-elf/lib/libc.a(libc_a-reent.o)
                0x0000000000005448                _reclaim_reent
 *fill*         0x00000000000054da        0x2 
 .text          0x00000000000054dc       0x34 /usr/local/m68k-elf/lib/libc.a(libc_a-lseekr.o)
                0x00000000000054dc                _lseek_r
 .text          0x0000000000005510       0x34 /usr/local/m68k-elf/lib/libc.a(libc_a-readr.o)
                0x0000000000005510                _read_r
 .text          0x0000000000005544       0x34 /usr/local/m68k-elf/lib/libc.a(libc_a-writer.o)
                0x0000000000005544                _write_r
 .text          0x0000000000005578       0x6e /usr/local/m68k-elf/lib/libc.a(libc_a-memcpy.o)
                0x0000000000005578                memcpy
 *fill*         0x00000000000055e6        0x2 
 .text          0x00000000000055e8       0x72 /usr/local/m68k-elf/lib/libc.a(libc_a-memset.o)
                0x00000000000055e8                memset
 *fill*         0x000000000000565a        0x2 
 .text          0x000000000000565c     0x1ae0 /usr/local/m68k-elf/lib/libc.a(libc_a-dtoa.o)
                0x00000000000057e4                _dtoa_r
 .text          0x000000000000713c      0x424 /usr/local/m68k-elf/lib/libc.a(libc_a-freer.o)
                0x000000000000713c                _malloc_trim_r
                0x0000000000007216                _free_r
 .text          0x0000000000007560      0x85a /usr/local/m68k-elf/lib/libc.a(libc_a-mallocr.o)
                0x0000000000007560                _malloc_r
 *fill*         0x0000000000007dba        0x2 
 .text          0x0000000000007dbc       0x4c /usr/local/m68k-elf/lib/libc.a(libc_a-mbtowc_r.o)
                0x0000000000007dbc                _mbtowc_r
                0x0000000000007dc4                __ascii_mbtowc
 .text          0x0000000000007e08        0x4 /usr/local/m68k-elf/lib/libc.a(libc_a-mlock.o)
                0x0000000000007e08                __malloc_lock
                0x0000000000007e0a                __malloc_unlock
 .text          0x0000000000007e0c      0xe1a /usr/local/m68k-elf/lib/libc.a(libc_a-mprec.o)
                0x0000000000007e0c                _Balloc
                0x0000000000007e9c                _Bfree
                0x0000000000007ec0                __multadd
                0x0000000000007fba                __s2b
                0x0000000000008096                __hi0bits
                0x00000000000080f0                __lo0bits
                0x0000000000008166                __i2b
                0x000000000000820a                __multiply
                0x000000000000841a                __pow5mult
                0x0000000000008512                __lshift
                0x0000000000008602                __mcmp
                0x0000000000008650                __mdiff
                0x0000000000008826                __ulp
                0x0000000000008878                __b2d
                0x000000000000896a                __d2b
                0x0000000000008a84                __ratio
                0x0000000000008b1c                _mprec_log10
                0x0000000000008b76                __copybits
                0x0000000000008bcc                __any_on
 *fill*         0x0000000000008c26        0x2 
 .text          0x0000000000008c28      0x61a /usr/local/m68k-elf/lib/libc.a(libc_a-reallocr.o)
                0x0000000000008c28                _realloc_r
 *fill*         0x0000000000009242        0x2 
 .text          0x0000000000009244       0x36 /usr/local/m68k-elf/lib/libc.a(libc_a-wctomb_r.o)
                0x0000000000009244                _wctomb_r
                0x000000000000924c                __ascii_wctomb
 *fill*         0x000000000000927a        0x2 
 .text          0x000000000000927c       0xc8 /usr/local/m68k-elf/lib/libc.a(libc_a-wcrtomb.o)
                0x000000000000927c                _wcrtomb_r
                0x00000000000092dc                wcrtomb
 .text          0x0000000000009344        0x0 /usr/local/m68k-elf/lib/libc.a(libc_a-ctype_.o)
 .text          0x0000000000009344       0xea /usr/local/m68k-elf/lib/libc.a(libc_a-fclose.o)
                0x0000000000009344                _fclose_r
                0x000000000000941c                fclose
 *fill*         0x000000000000942e        0x2 
 .text          0x0000000000009430      0x1d2 /usr/local/m68k-elf/lib/libc.a(libc_a-makebuf.o)
                0x0000000000009430                __smakebuf_r
                0x0000000000009566                __swhatbuf_r
 *fill*         0x0000000000009602        0x2 
 .text          0x0000000000009604      0x12a /usr/local/m68k-elf/lib/libc.a(libc_a-wbuf.o)
                0x0000000000009604                __swbuf_r
                0x0000000000009716                __swbuf
 *fill*         0x000000000000972e        0x2 
 .text          0x0000000000009730       0x6e /usr/local/m68k-elf/lib/libc.a(libc_a-strcmp.o)
                0x0000000000009730                strcmp
 *fill*         0x000000000000979e        0x2 
 .text          0x00000000000097a0       0x2e /usr/local/m68k-elf/lib/libc.a(libc_a-fstatr.o)
                0x00000000000097a0                _fstat_r
 *fill*         0x00000000000097ce        0x2 
 .text          0x00000000000097d0       0x2a /usr/local/m68k-elf/lib/libc.a(libc_a-isattyr.o)
                0x00000000000097d0                _isatty_r
 *fill*         0x00000000000097fa        0x2 
 .text          0x00000000000097fc       0x2a /usr/local/m68k-elf/lib/libc.a(libc_a-sbrkr.o)
                0x00000000000097fc                _sbrk_r
 *fill*         0x0000000000009826        0x2 
 .text          0x0000000000009828       0x80 /usr/local/m68k-elf/lib/libc.a(libc_a-assert.o)
                0x0000000000009828                __assert_func
                0x0000000000009896                __assert
 .text          0x00000000000098a8      0x122 /usr/local/m68k-elf/lib/libc.a(libc_a-callocr.o)
                0x00000000000098a8                _calloc_r
 *fill*         0x00000000000099ca        0x2 
 .text          0x00000000000099cc       0x46 /usr/local/m68k-elf/lib/libc.a(libc_a-fiprintf.o)
                0x00000000000099cc                _fiprintf_r
                0x00000000000099ee                fiprintf
 *fill*         0x0000000000009a12        0x2 
 .text          0x0000000000009a14        0x8 /usr/local/m68k-elf/lib/libc.a(libc_a-errno.o)
                0x0000000000009a14                __errno
 .text          0x0000000000009a1c       0x14 /usr/local/m68k-elf/lib/libc.a(libc_a-abort.o)
                0x0000000000009a1c                abort
 .text          0x0000000000009a30      0x390 /usr/local/m68k-elf/lib/libc.a(libc_a-signal.o)
                0x0000000000009a30                _init_signal_r
                0x0000000000009a72                _signal_r
                0x0000000000009ade                _raise_r
                0x0000000000009b62                __sigtramp_r
                0x0000000000009bf4                raise
                0x0000000000009c7a                signal
                0x0000000000009ce8                _init_signal
                0x0000000000009d2c                __sigtramp
 .text          0x0000000000009dc0       0x34 /usr/local/m68k-elf/lib/libc.a(libc_a-signalr.o)
                0x0000000000009dc0                _kill_r
                0x0000000000009dee                _getpid_r
 .text          0x0000000000009df4       0x22 /usr/local/lib/gcc/m68k-elf/11/libgcc.a(_mulsi3.o)
                0x0000000000009df4                __mulsi3
 *fill*         0x0000000000009e16        0x2 
 .text          0x0000000000009e18       0x5c /usr/local/lib/gcc/m68k-elf/11/libgcc.a(_udivsi3.o)
                0x0000000000009e18                __udivsi3
 .text          0x0000000000009e74       0x2e /usr/local/lib/gcc/m68k-elf/11/libgcc.a(_divsi3.o)
                0x0000000000009e74                __divsi3
 *fill*         0x0000000000009ea2        0x2 
 .text          0x0000000000009ea4       0x2e /usr/local/lib/gcc/m68k-elf/11/libgcc.a(_umodsi3.o)
                0x0000000000009ea4                __umodsi3
 *fill*         0x0000000000009ed2        0x2 
 .text          0x0000000000009ed4       0x2e /usr/local/lib/gcc/m68k-elf/11/libgcc.a(_modsi3.o)
                0x0000000000009ed4                __modsi3
 *fill*         0x0000000000009f02        0x2 
 .text          0x0000000000009f04      0x9cc /usr/local/lib/gcc/m68k-elf/11/libgcc.a(_double.o)
                0x0000000000009f5e                __subdf3
                0x0000000000009f64                __adddf3
                0x000000000000a2fa                __muldf3
                0x000000000000a4a8                __divdf3
                0x000000000000a71c                __negdf2
                0x000000000000a77a                __cmpdf2_internal
                0x000000000000a84a                __cmpdf2
 .text          0x000000000000a8d0       0x6a /usr/local/lib/gcc/m68k-elf/11/libgcc.a(_floatex.o)
                0x000000000000a8d0                __clear_sticky_bit
                0x000000000000a8de                $_exception_handler
 *fill*         0x000000000000a93a        0x2 
 .text          0x000000000000a93c       0x22 /usr/local/lib/gcc/m68k-elf/11/libgcc.a(_eqdf2.o)
                0x000000000000a93c                __eqdf2
 *fill*         0x000000000000a95e        0x2 
 .text          0x000000000000a960       0x22 /usr/local/lib/gcc/m68k-elf/11/libgcc.a(_nedf2.o)
                0x000000000000a960                __nedf2
 *fill*         0x000000000000a982        0x2 
 .text          0x000000000000a984       0x22 /usr/local/lib/gcc/m68k-elf/11/libgcc.a(_gtdf2.o)
                0x000000000000a984                __gtdf2
 *fill*         0x000000000000a9a6        0x2 
 .text          0x000000000000a9a8       0x22 /usr/local/lib/gcc/m68k-elf/11/libgcc.a(_ltdf2.o)
                0x000000000000a9a8                __ltdf2
 *fill*         0x000000000000a9ca        0x2 
 .text          0x000000000000a9cc       0x22 /usr/local/lib/gcc/m68k-elf/11/libgcc.a(_ledf2.o)
                0x000000000000a9cc                __ledf2
 *fill*         0x000000000000a9ee        0x2 
 .text          0x000000000000a9f0      0x53a /usr/local/lib/gcc/m68k-elf/11/libgcc.a(fpgnulib.o)
                0x000000000000aa9e                __unordsf2
                0x000000000000aaf4                __unorddf2
                0x000000000000ab64                __floatunsidf
                0x000000000000abda                __floatsidf
                0x000000000000abee                __floatunsisf
                0x000000000000ac68                __floatsisf
                0x000000000000ac84                __extendsfdf2
                0x000000000000acf8                __truncdfsf2
                0x000000000000ae06                __fixdfsi
                0x000000000000ae96                __fixsfsi
 *fill*         0x000000000000af2a        0x2 
 .text          0x000000000000af2c      0x8c0 /usr/local/lib/gcc/m68k-elf/11/libgcc.a(xfgnulib.o)
                0x000000000000af2c                __unordxf2
                0x000000000000afcc                __extenddfxf2
                0x000000000000b080                __truncxfdf2
                0x000000000000b148                __extendsfxf2
                0x000000000000b202                __truncxfsf2
                0x000000000000b2fc                __floatsixf
                0x000000000000b342                __floatunsixf
                0x000000000000b388                __fixxfsi
                0x000000000000b3aa                __addxf3
                0x000000000000b420                __subxf3
                0x000000000000b496                __mulxf3
                0x000000000000b50c                __divxf3
                0x000000000000b582                __negxf2
                0x000000000000b5d8                __cmpxf2
                0x000000000000b624                __eqxf2
                0x000000000000b670                __nexf2
                0x000000000000b6bc                __ltxf2
                0x000000000000b708                __lexf2
                0x000000000000b754                __gtxf2
                0x000000000000b7a0                __gexf2
 .text          0x000000000000b7ec        0x4 /usr/local/m68k-elf/lib/libidp.a(close.o)
                0x000000000000b7ec                close
 .text          0x000000000000b7f0       0x14 /usr/local/m68k-elf/lib/libidp.a(fstat.o)
                0x000000000000b7f0                fstat
 .text          0x000000000000b804        0x4 /usr/local/m68k-elf/lib/libidp.a(getpid.o)
                0x000000000000b804                getpid
 .text          0x000000000000b808        0x4 /usr/local/m68k-elf/lib/libidp.a(isatty.o)
                0x000000000000b808                isatty
 .text          0x000000000000b80c       0x16 /usr/local/m68k-elf/lib/libidp.a(kill.o)
                0x000000000000b80c                kill
 *fill*         0x000000000000b822        0x2 
 .text          0x000000000000b824       0x10 /usr/local/m68k-elf/lib/libidp.a(lseek.o)
                0x000000000000b824                lseek
 .text          0x000000000000b834       0x2a /usr/local/m68k-elf/lib/libidp.a(sbrk.o)
                0x000000000000b834                sbrk
 *fill*         0x000000000000b85e        0x2 
 .text          0x000000000000b860       0x12 /usr/local/m68k-elf/lib/libidp.a(mc68ec.o)
                0x000000000000b860                _exit
                0x000000000000b864                delay
                0x000000000000b874                . = ALIGN (0x4)
 *fill*         0x000000000000b872        0x2 
                0x000000000000b874                __CTOR_LIST__ = .
                0x000000000000b874                ___CTOR_LIST__ = .
                0x000000000000b874        0x4 LONG 0x0 (((__CTOR_END__ - __CTOR_LIST__) / 0x4) - 0x2)
 *(.ctors)
                0x000000000000b878        0x4 LONG 0x0
                0x000000000000b87c                __CTOR_END__ = .
                0x000000000000b87c                __DTOR_LIST__ = .
                0x000000000000b87c                ___DTOR_LIST__ = .
                0x000000000000b87c        0x4 LONG 0x0 (((__DTOR_END__ - __DTOR_LIST__) / 0x4) - 0x2)
 *(.dtors)
                0x000000000000b880        0x4 LONG 0x0
                0x000000000000b884                __DTOR_END__ = .
 *(.rodata)
 .rodata        0x000000000000b884       0x20 /usr/local/m68k-elf/lib/libc.a(libc_a-vfprintf.o)
 .rodata        0x000000000000b8a4       0x20 /usr/local/m68k-elf/lib/libc.a(libc_a-vfiprintf.o)
 .rodata        0x000000000000b8c4      0x124 /usr/local/m68k-elf/lib/libc.a(libc_a-mprec.o)
                0x000000000000b8d0                __mprec_tinytens
                0x000000000000b8f8                __mprec_bigtens
                0x000000000000b920                __mprec_tens
 .rodata        0x000000000000b9e8      0x101 /usr/local/m68k-elf/lib/libc.a(libc_a-ctype_.o)
                0x000000000000b9e8                _ctype_
 *(.gcc_except_table)
                0x000000000000bae9                __INIT_SECTION__ = .
                0x000000000000bae9        0x4 LONG 0x4e560000
 *(.init)
                0x000000000000baed        0x2 SHORT 0x4e5e
                0x000000000000baef        0x2 SHORT 0x4e75
                0x000000000000baf1                __FINI_SECTION__ = .
                0x000000000000baf1        0x4 LONG 0x4e560000
 *(.fini)
                0x000000000000baf5        0x2 SHORT 0x4e5e
                0x000000000000baf7        0x2 SHORT 0x4e75
                0x000000000000baf9                _etext = .
 *(.lit)

.text.startup   0x000000000000bafa       0xc2
 .text.startup  0x000000000000bafa       0xc2 test2.o
                0x000000000000bafa                main

.rodata.str1.1  0x000000000000bbbc      0x390
 .rodata.str1.1
                0x000000000000bbbc      0x23e test2.o
 .rodata.str1.1
                0x000000000000bdfa        0x2 /usr/local/m68k-elf/lib/libc.a(libc_a-puts.o)
 .rodata.str1.1
                0x000000000000bdfc       0x3b /usr/local/m68k-elf/lib/libc.a(libc_a-vfprintf.o)
 .rodata.str1.1
                0x000000000000be37       0x29 /usr/local/m68k-elf/lib/libc.a(libc_a-vfiprintf.o)
 .rodata.str1.1
                0x000000000000be60        0xb /usr/local/m68k-elf/lib/libc.a(libc_a-locale.o)
 .rodata.str1.1
                0x000000000000be6b       0x59 /usr/local/m68k-elf/lib/libc.a(libc_a-dtoa.o)
 .rodata.str1.1
                0x000000000000bec4       0x4b /usr/local/m68k-elf/lib/libc.a(libc_a-mprec.o)
 .rodata.str1.1
                0x000000000000bf0f       0x3d /usr/local/m68k-elf/lib/libc.a(libc_a-assert.o)

.data           0x000000000000bf4c      0xb2c
 *(.shdata)
 *(.data)
 .data          0x000000000000bf4c        0x4 crt0.o
 .data          0x000000000000bf50      0x45a mon.o
 *fill*         0x000000000000c3aa        0x2 
 .data          0x000000000000c3ac        0x0 csys68k.o
 .data          0x000000000000c3ac        0x2 inchrw.o
 *fill*         0x000000000000c3ae        0x2 
 .data          0x000000000000c3b0        0x0 mtk_asm.o
 .data          0x000000000000c3b0        0x0 mtk_c.o
 .data          0x000000000000c3b0        0x2 outchr.o
 *fill*         0x000000000000c3b2        0x2 
 .data          0x000000000000c3b4        0x8 test2.o
                0x000000000000c3b4                K
                0x000000000000c3b8                N
 .data          0x000000000000c3bc        0x0 /usr/local/m68k-elf/lib/libc.a(libc_a-printf.o)
 .data          0x000000000000c3bc        0x0 /usr/local/m68k-elf/lib/libc.a(libc_a-puts.o)
 .data          0x000000000000c3bc      0x11a /usr/local/m68k-elf/lib/libc.a(libc_a-impure.o)
                0x000000000000c3bc                _impure_ptr
                0x000000000000c3c0                _impure_data
 *fill*         0x000000000000c4d6        0x2 
 .data          0x000000000000c4d8        0x0 /usr/local/m68k-elf/lib/libc.a(libc_a-strlen.o)
 .data          0x000000000000c4d8        0x0 /usr/local/m68k-elf/lib/libc.a(libc_a-vfprintf.o)
 .data          0x000000000000c4d8        0x0 /usr/local/m68k-elf/lib/libc.a(libc_a-vfiprintf.o)
 .data          0x000000000000c4d8        0x0 /usr/local/m68k-elf/lib/libc.a(libc_a-fflush.o)
 .data          0x000000000000c4d8        0xc /usr/local/m68k-elf/lib/libc.a(libc_a-findfp.o)
                0x000000000000c4d8                __sglue
 .data          0x000000000000c4e4        0x0 /usr/local/m68k-elf/lib/libc.a(libc_a-fvwrite.o)
 .data          0x000000000000c4e4        0x0 /usr/local/m68k-elf/lib/libc.a(libc_a-fwalk.o)
 .data          0x000000000000c4e4        0x0 /usr/local/m68k-elf/lib/libc.a(libc_a-stdio.o)
 .data          0x000000000000c4e4        0x0 /usr/local/m68k-elf/lib/libc.a(libc_a-wsetup.o)
 .data          0x000000000000c4e4        0x0 /usr/local/m68k-elf/lib/libc.a(libc_a-fputwc.o)
 .data          0x000000000000c4e4        0x0 /usr/local/m68k-elf/lib/libc.a(libc_a-memchr.o)
 .data          0x000000000000c4e4        0x0 /usr/local/m68k-elf/lib/libc.a(libc_a-memmove.o)
 .data          0x000000000000c4e4      0x168 /usr/local/m68k-elf/lib/libc.a(libc_a-locale.o)
                0x000000000000c4e4                __global_locale
 .data          0x000000000000c64c        0x0 /usr/local/m68k-elf/lib/libc.a(libc_a-localeconv.o)
 .data          0x000000000000c64c        0x0 /usr/local/m68k-elf/lib/libc.a(libc_a-closer.o)
 .data          0x000000000000c64c        0x0 /usr/local/m68k-elf/lib/libc.a(libc_a-reent.o)
 .data          0x000000000000c64c        0x0 /usr/local/m68k-elf/lib/libc.a(libc_a-lseekr.o)
 .data          0x000000000000c64c        0x0 /usr/local/m68k-elf/lib/libc.a(libc_a-readr.o)
 .data          0x000000000000c64c        0x0 /usr/local/m68k-elf/lib/libc.a(libc_a-writer.o)
 .data          0x000000000000c64c        0x0 /usr/local/m68k-elf/lib/libc.a(libc_a-memcpy.o)
 .data          0x000000000000c64c        0x0 /usr/local/m68k-elf/lib/libc.a(libc_a-memset.o)
 .data          0x000000000000c64c        0x0 /usr/local/m68k-elf/lib/libc.a(libc_a-dtoa.o)
 .data          0x000000000000c64c        0x0 /usr/local/m68k-elf/lib/libc.a(libc_a-freer.o)
 .data          0x000000000000c64c      0x410 /usr/local/m68k-elf/lib/libc.a(libc_a-mallocr.o)
                0x000000000000c64c                __malloc_sbrk_base
                0x000000000000c650                __malloc_trim_threshold
                0x000000000000c654                __malloc_av_
 .data          0x000000000000ca5c        0x0 /usr/local/m68k-elf/lib/libc.a(libc_a-mbtowc_r.o)
 .data          0x000000000000ca5c        0x0 /usr/local/m68k-elf/lib/libc.a(libc_a-mlock.o)
 .data          0x000000000000ca5c        0x0 /usr/local/m68k-elf/lib/libc.a(libc_a-mprec.o)
 .data          0x000000000000ca5c        0x0 /usr/local/m68k-elf/lib/libc.a(libc_a-reallocr.o)
 .data          0x000000000000ca5c        0x0 /usr/local/m68k-elf/lib/libc.a(libc_a-wctomb_r.o)
 .data          0x000000000000ca5c        0x0 /usr/local/m68k-elf/lib/libc.a(libc_a-wcrtomb.o)
 .data          0x000000000000ca5c        0x0 /usr/local/m68k-elf/lib/libc.a(libc_a-ctype_.o)
 .data          0x000000000000ca5c        0x0 /usr/local/m68k-elf/lib/libc.a(libc_a-fclose.o)
 .data          0x000000000000ca5c        0x0 /usr/local/m68k-elf/lib/libc.a(libc_a-makebuf.o)
 .data          0x000000000000ca5c        0x0 /usr/local/m68k-elf/lib/libc.a(libc_a-wbuf.o)
 .data          0x000000000000ca5c        0x0 /usr/local/m68k-elf/lib/libc.a(libc_a-strcmp.o)
 .data          0x000000000000ca5c        0x0 /usr/local/m68k-elf/lib/libc.a(libc_a-fstatr.o)
 .data          0x000000000000ca5c        0x0 /usr/local/m68k-elf/lib/libc.a(libc_a-isattyr.o)
 .data          0x000000000000ca5c        0x0 /usr/local/m68k-elf/lib/libc.a(libc_a-sbrkr.o)
 .data          0x000000000000ca5c        0x0 /usr/local/m68k-elf/lib/libc.a(libc_a-assert.o)
 .data          0x000000000000ca5c        0x0 /usr/local/m68k-elf/lib/libc.a(libc_a-callocr.o)
 .data          0x000000000000ca5c        0x0 /usr/local/m68k-elf/lib/libc.a(libc_a-fiprintf.o)
 .data          0x000000000000ca5c        0x0 /usr/local/m68k-elf/lib/libc.a(libc_a-errno.o)
 .data          0x000000000000ca5c        0x0 /usr/local/m68k-elf/lib/libc.a(libc_a-abort.o)
 .data          0x000000000000ca5c        0x0 /usr/local/m68k-elf/lib/libc.a(libc_a-signal.o)
 .data          0x000000000000ca5c        0x0 /usr/local/m68k-elf/lib/libc.a(libc_a-signalr.o)
 .data          0x000000000000ca5c        0x0 /usr/local/lib/gcc/m68k-elf/11/libgcc.a(_mulsi3.o)
 .data          0x000000000000ca5c        0x0 /usr/local/lib/gcc/m68k-elf/11/libgcc.a(_udivsi3.o)
 .data          0x000000000000ca5c        0x0 /usr/local/lib/gcc/m68k-elf/11/libgcc.a(_divsi3.o)
 .data          0x000000000000ca5c        0x0 /usr/local/lib/gcc/m68k-elf/11/libgcc.a(_umodsi3.o)
 .data          0x000000000000ca5c        0x0 /usr/local/lib/gcc/m68k-elf/11/libgcc.a(_modsi3.o)
 .data          0x000000000000ca5c        0x0 /usr/local/lib/gcc/m68k-elf/11/libgcc.a(_double.o)
 .data          0x000000000000ca5c       0x1c /usr/local/lib/gcc/m68k-elf/11/libgcc.a(_floatex.o)
                0x000000000000ca5c                _fpCCR
 .data          0x000000000000ca78        0x0 /usr/local/lib/gcc/m68k-elf/11/libgcc.a(_eqdf2.o)
 .data          0x000000000000ca78        0x0 /usr/local/lib/gcc/m68k-elf/11/libgcc.a(_nedf2.o)
 .data          0x000000000000ca78        0x0 /usr/local/lib/gcc/m68k-elf/11/libgcc.a(_gtdf2.o)
 .data          0x000000000000ca78        0x0 /usr/local/lib/gcc/m68k-elf/11/libgcc.a(_ltdf2.o)
 .data          0x000000000000ca78        0x0 /usr/local/lib/gcc/m68k-elf/11/libgcc.a(_ledf2.o)
 .data          0x000000000000ca78        0x0 /usr/local/lib/gcc/m68k-elf/11/libgcc.a(fpgnulib.o)
 .data          0x000000000000ca78        0x0 /usr/local/lib/gcc/m68k-elf/11/libgcc.a(xfgnulib.o)
 .data          0x000000000000ca78        0x0 /usr/local/m68k-elf/lib/libidp.a(close.o)
 .data          0x000000000000ca78        0x0 /usr/local/m68k-elf/lib/libidp.a(fstat.o)
 .data          0x000000000000ca78        0x0 /usr/local/m68k-elf/lib/libidp.a(getpid.o)
 .data          0x000000000000ca78        0x0 /usr/local/m68k-elf/lib/libidp.a(isatty.o)
 .data          0x000000000000ca78        0x0 /usr/local/m68k-elf/lib/libidp.a(kill.o)
 .data          0x000000000000ca78        0x0 /usr/local/m68k-elf/lib/libidp.a(lseek.o)
 .data          0x000000000000ca78        0x0 /usr/local/m68k-elf/lib/libidp.a(sbrk.o)
 .data          0x000000000000ca78        0x0 /usr/local/m68k-elf/lib/libidp.a(mc68ec.o)
                0x000000000000ca78                _edata = .

.bss            0x000000000000ca78    0x13194
                0x000000000000ca78                . = ALIGN (0x4)
                0x000000000000ca78                __bss_start = .
 *(.shbss)
 *(.bss)
 .bss           0x000000000000ca78        0x0 crt0.o
 .bss           0x000000000000ca78     0x8104 mon.o
 .bss           0x0000000000014b7c        0x0 csys68k.o
 .bss           0x0000000000014b7c     0x4326 inchrw.o
 *fill*         0x0000000000018ea2        0x2 
 .bss           0x0000000000018ea4        0x0 mtk_asm.o
 .bss           0x0000000000018ea4     0x28c4 mtk_c.o
                0x0000000000018ea4                ready
                0x0000000000018ea8                next_task
                0x0000000000018eac                new_task
                0x0000000000018eb0                curr_task
                0x0000000000018eb4                stacks
                0x000000000001b6b4                task_tab
                0x000000000001b72c                semaphore
 .bss           0x000000000001b768     0x4324 outchr.o
 .bss           0x000000000001fa8c        0x4 test2.o
                0x000000000001fa8c                nttask
 .bss           0x000000000001fa90        0x0 /usr/local/m68k-elf/lib/libc.a(libc_a-printf.o)
 .bss           0x000000000001fa90        0x0 /usr/local/m68k-elf/lib/libc.a(libc_a-puts.o)
 .bss           0x000000000001fa90        0x0 /usr/local/m68k-elf/lib/libc.a(libc_a-impure.o)
 .bss           0x000000000001fa90        0x0 /usr/local/m68k-elf/lib/libc.a(libc_a-strlen.o)
 .bss           0x000000000001fa90        0x0 /usr/local/m68k-elf/lib/libc.a(libc_a-vfprintf.o)
 .bss           0x000000000001fa90        0x0 /usr/local/m68k-elf/lib/libc.a(libc_a-vfiprintf.o)
 .bss           0x000000000001fa90        0x0 /usr/local/m68k-elf/lib/libc.a(libc_a-fflush.o)
 .bss           0x000000000001fa90      0x13c /usr/local/m68k-elf/lib/libc.a(libc_a-findfp.o)
                0x000000000001fa90                __sf
                0x000000000001fbc8                __stdio_exit_handler
 .bss           0x000000000001fbcc        0x0 /usr/local/m68k-elf/lib/libc.a(libc_a-fvwrite.o)
 .bss           0x000000000001fbcc        0x0 /usr/local/m68k-elf/lib/libc.a(libc_a-fwalk.o)
 .bss           0x000000000001fbcc        0x0 /usr/local/m68k-elf/lib/libc.a(libc_a-stdio.o)
 .bss           0x000000000001fbcc        0x0 /usr/local/m68k-elf/lib/libc.a(libc_a-wsetup.o)
 .bss           0x000000000001fbcc        0x0 /usr/local/m68k-elf/lib/libc.a(libc_a-fputwc.o)
 .bss           0x000000000001fbcc        0x0 /usr/local/m68k-elf/lib/libc.a(libc_a-memchr.o)
 .bss           0x000000000001fbcc        0x0 /usr/local/m68k-elf/lib/libc.a(libc_a-memmove.o)
 .bss           0x000000000001fbcc        0x4 /usr/local/m68k-elf/lib/libc.a(libc_a-locale.o)
                0x000000000001fbcc                _PathLocale
 .bss           0x000000000001fbd0        0x0 /usr/local/m68k-elf/lib/libc.a(libc_a-localeconv.o)
 .bss           0x000000000001fbd0        0x0 /usr/local/m68k-elf/lib/libc.a(libc_a-closer.o)
 .bss           0x000000000001fbd0        0x4 /usr/local/m68k-elf/lib/libc.a(libc_a-reent.o)
                0x000000000001fbd0                errno
 .bss           0x000000000001fbd4        0x0 /usr/local/m68k-elf/lib/libc.a(libc_a-lseekr.o)
 .bss           0x000000000001fbd4        0x0 /usr/local/m68k-elf/lib/libc.a(libc_a-readr.o)
 .bss           0x000000000001fbd4        0x0 /usr/local/m68k-elf/lib/libc.a(libc_a-writer.o)
 .bss           0x000000000001fbd4        0x0 /usr/local/m68k-elf/lib/libc.a(libc_a-memcpy.o)
 .bss           0x000000000001fbd4        0x0 /usr/local/m68k-elf/lib/libc.a(libc_a-memset.o)
 .bss           0x000000000001fbd4        0x0 /usr/local/m68k-elf/lib/libc.a(libc_a-dtoa.o)
 .bss           0x000000000001fbd4        0x0 /usr/local/m68k-elf/lib/libc.a(libc_a-freer.o)
 .bss           0x000000000001fbd4       0x34 /usr/local/m68k-elf/lib/libc.a(libc_a-mallocr.o)
                0x000000000001fbd4                __malloc_current_mallinfo
                0x000000000001fbfc                __malloc_max_total_mem
                0x000000000001fc00                __malloc_max_sbrked_mem
                0x000000000001fc04                __malloc_top_pad
 .bss           0x000000000001fc08        0x0 /usr/local/m68k-elf/lib/libc.a(libc_a-mbtowc_r.o)
 .bss           0x000000000001fc08        0x0 /usr/local/m68k-elf/lib/libc.a(libc_a-mlock.o)
 .bss           0x000000000001fc08        0x0 /usr/local/m68k-elf/lib/libc.a(libc_a-mprec.o)
 .bss           0x000000000001fc08        0x0 /usr/local/m68k-elf/lib/libc.a(libc_a-reallocr.o)
 .bss           0x000000000001fc08        0x0 /usr/local/m68k-elf/lib/libc.a(libc_a-wctomb_r.o)
 .bss           0x000000000001fc08        0x0 /usr/local/m68k-elf/lib/libc.a(libc_a-wcrtomb.o)
 .bss           0x000000000001fc08        0x0 /usr/local/m68k-elf/lib/libc.a(libc_a-ctype_.o)
 .bss           0x000000000001fc08        0x0 /usr/local/m68k-elf/lib/libc.a(libc_a-fclose.o)
 .bss           0x000000000001fc08        0x0 /usr/local/m68k-elf/lib/libc.a(libc_a-makebuf.o)
 .bss           0x000000000001fc08        0x0 /usr/local/m68k-elf/lib/libc.a(libc_a-wbuf.o)
 .bss           0x000000000001fc08        0x0 /usr/local/m68k-elf/lib/libc.a(libc_a-strcmp.o)
 .bss           0x000000000001fc08        0x0 /usr/local/m68k-elf/lib/libc.a(libc_a-fstatr.o)
 .bss           0x000000000001fc08        0x0 /usr/local/m68k-elf/lib/libc.a(libc_a-isattyr.o)
 .bss           0x000000000001fc08        0x0 /usr/local/m68k-elf/lib/libc.a(libc_a-sbrkr.o)
 .bss           0x000000000001fc08        0x0 /usr/local/m68k-elf/lib/libc.a(libc_a-assert.o)
 .bss           0x000000000001fc08        0x0 /usr/local/m68k-elf/lib/libc.a(libc_a-callocr.o)
 .bss           0x000000000001fc08        0x0 /usr/local/m68k-elf/lib/libc.a(libc_a-fiprintf.o)
 .bss           0x000000000001fc08        0x0 /usr/local/m68k-elf/lib/libc.a(libc_a-errno.o)
 .bss           0x000000000001fc08        0x0 /usr/local/m68k-elf/lib/libc.a(libc_a-abort.o)
 .bss           0x000000000001fc08        0x0 /usr/local/m68k-elf/lib/libc.a(libc_a-signal.o)
 .bss           0x000000000001fc08        0x0 /usr/local/m68k-elf/lib/libc.a(libc_a-signalr.o)
 .bss           0x000000000001fc08        0x0 /usr/local/lib/gcc/m68k-elf/11/libgcc.a(_mulsi3.o)
 .bss           0x000000000001fc08        0x0 /usr/local/lib/gcc/m68k-elf/11/libgcc.a(_udivsi3.o)
 .bss           0x000000000001fc08        0x0 /usr/local/lib/gcc/m68k-elf/11/libgcc.a(_divsi3.o)
 .bss           0x000000000001fc08        0x0 /usr/local/lib/gcc/m68k-elf/11/libgcc.a(_umodsi3.o)
 .bss           0x000000000001fc08        0x0 /usr/local/lib/gcc/m68k-elf/11/libgcc.a(_modsi3.o)
 .bss           0x000000000001fc08        0x0 /usr/local/lib/gcc/m68k-elf/11/libgcc.a(_double.o)
 .bss           0x000000000001fc08        0x0 /usr/local/lib/gcc/m68k-elf/11/libgcc.a(_floatex.o)
 .bss           0x000000000001fc08        0x0 /usr/local/lib/gcc/m68k-elf/11/libgcc.a(_eqdf2.o)
 .bss           0x000000000001fc08        0x0 /usr/local/lib/gcc/m68k-elf/11/libgcc.a(_nedf2.o)
 .bss           0x000000000001fc08        0x0 /usr/local/lib/gcc/m68k-elf/11/libgcc.a(_gtdf2.o)
 .bss           0x000000000001fc08        0x0 /usr/local/lib/gcc/m68k-elf/11/libgcc.a(_ltdf2.o)
 .bss           0x000000000001fc08        0x0 /usr/local/lib/gcc/m68k-elf/11/libgcc.a(_ledf2.o)
 .bss           0x000000000001fc08        0x0 /usr/local/lib/gcc/m68k-elf/11/libgcc.a(fpgnulib.o)
 .bss           0x000000000001fc08        0x0 /usr/local/lib/gcc/m68k-elf/11/libgcc.a(xfgnulib.o)
 .bss           0x000000000001fc08        0x0 /usr/local/m68k-elf/lib/libidp.a(close.o)
 .bss           0x000000000001fc08        0x0 /usr/local/m68k-elf/lib/libidp.a(fstat.o)
 .bss           0x000000000001fc08        0x0 /usr/local/m68k-elf/lib/libidp.a(getpid.o)
 .bss           0x000000000001fc08        0x0 /usr/local/m68k-elf/lib/libidp.a(isatty.o)
 .bss           0x000000000001fc08        0x0 /usr/local/m68k-elf/lib/libidp.a(kill.o)
 .bss           0x000000000001fc08        0x0 /usr/local/m68k-elf/lib/libidp.a(lseek.o)
 .bss           0x000000000001fc08        0x4 /usr/local/m68k-elf/lib/libidp.a(sbrk.o)
                0x000000000001fc08                heap_ptr
 .bss           0x000000000001fc0c        0x0 /usr/local/m68k-elf/lib/libidp.a(mc68ec.o)
 *(COMMON)
                0x000000000001fc10                _end = ALIGN (0x8)
                0x000000000001fc10                __end = _end

.stab
 *(.stab)

.stabstr
 *(.stabstr)
OUTPUT(test2.hex srec)

.debug_info     0x0000000000000000    0x1d229
 .debug_info    0x0000000000000000      0x17f csys68k.o
 .debug_info    0x000000000000017f      0x6fa mtk_c.o
 .debug_info    0x0000000000000879      0x494 test2.o
 .debug_info    0x0000000000000d0d      0x82a /usr/local/m68k-elf/lib/libc.a(libc_a-printf.o)
 .debug_info    0x0000000000001537      0x8d4 /usr/local/m68k-elf/lib/libc.a(libc_a-puts.o)
 .debug_info    0x0000000000001e0b      0x735 /usr/local/m68k-elf/lib/libc.a(libc_a-impure.o)
 .debug_info    0x0000000000002540       0xdb /usr/local/m68k-elf/lib/libc.a(libc_a-strlen.o)
 .debug_info    0x000000000000261b     0x158a /usr/local/m68k-elf/lib/libc.a(libc_a-vfprintf.o)
 .debug_info    0x0000000000003ba5     0x164c /usr/local/m68k-elf/lib/libc.a(libc_a-vfiprintf.o)
 .debug_info    0x00000000000051f1      0x9ca /usr/local/m68k-elf/lib/libc.a(libc_a-fflush.o)
 .debug_info    0x0000000000005bbb      0xdee /usr/local/m68k-elf/lib/libc.a(libc_a-findfp.o)
 .debug_info    0x00000000000069a9      0xa3c /usr/local/m68k-elf/lib/libc.a(libc_a-fvwrite.o)
 .debug_info    0x00000000000073e5      0x7d6 /usr/local/m68k-elf/lib/libc.a(libc_a-fwalk.o)
 .debug_info    0x0000000000007bbb      0x9ff /usr/local/m68k-elf/lib/libc.a(libc_a-stdio.o)
 .debug_info    0x00000000000085ba      0x7b9 /usr/local/m68k-elf/lib/libc.a(libc_a-wsetup.o)
 .debug_info    0x0000000000008d73      0x9e8 /usr/local/m68k-elf/lib/libc.a(libc_a-fputwc.o)
 .debug_info    0x000000000000975b      0x142 /usr/local/m68k-elf/lib/libc.a(libc_a-memchr.o)
 .debug_info    0x000000000000989d      0x144 /usr/local/m68k-elf/lib/libc.a(libc_a-memmove.o)
 .debug_info    0x00000000000099e1      0xbc8 /usr/local/m68k-elf/lib/libc.a(libc_a-locale.o)
 .debug_info    0x000000000000a5a9      0xa2e /usr/local/m68k-elf/lib/libc.a(libc_a-localeconv.o)
 .debug_info    0x000000000000afd7      0x764 /usr/local/m68k-elf/lib/libc.a(libc_a-closer.o)
 .debug_info    0x000000000000b73b      0x7bb /usr/local/m68k-elf/lib/libc.a(libc_a-reent.o)
 .debug_info    0x000000000000bef6      0x7a3 /usr/local/m68k-elf/lib/libc.a(libc_a-lseekr.o)
 .debug_info    0x000000000000c699      0x796 /usr/local/m68k-elf/lib/libc.a(libc_a-readr.o)
 .debug_info    0x000000000000ce2f      0x79c /usr/local/m68k-elf/lib/libc.a(libc_a-writer.o)
 .debug_info    0x000000000000d5cb       0x24 /usr/local/m68k-elf/lib/libc.a(libc_a-memcpy.o)
 .debug_info    0x000000000000d5ef       0x24 /usr/local/m68k-elf/lib/libc.a(libc_a-memset.o)
 .debug_info    0x000000000000d613     0x156f /usr/local/m68k-elf/lib/libc.a(libc_a-dtoa.o)
 .debug_info    0x000000000000eb82      0xac7 /usr/local/m68k-elf/lib/libc.a(libc_a-freer.o)
 .debug_info    0x000000000000f649      0xc29 /usr/local/m68k-elf/lib/libc.a(libc_a-mallocr.o)
 .debug_info    0x0000000000010272      0xaa2 /usr/local/m68k-elf/lib/libc.a(libc_a-mbtowc_r.o)
 .debug_info    0x0000000000010d14      0x747 /usr/local/m68k-elf/lib/libc.a(libc_a-mlock.o)
 .debug_info    0x000000000001145b     0x1b9d /usr/local/m68k-elf/lib/libc.a(libc_a-mprec.o)
 .debug_info    0x0000000000012ff8      0xb69 /usr/local/m68k-elf/lib/libc.a(libc_a-reallocr.o)
 .debug_info    0x0000000000013b61      0xa63 /usr/local/m68k-elf/lib/libc.a(libc_a-wctomb_r.o)
 .debug_info    0x00000000000145c4      0xab8 /usr/local/m68k-elf/lib/libc.a(libc_a-wcrtomb.o)
 .debug_info    0x000000000001507c       0xb9 /usr/local/m68k-elf/lib/libc.a(libc_a-ctype_.o)
 .debug_info    0x0000000000015135      0x897 /usr/local/m68k-elf/lib/libc.a(libc_a-fclose.o)
 .debug_info    0x00000000000159cc      0xbcc /usr/local/m68k-elf/lib/libc.a(libc_a-makebuf.o)
 .debug_info    0x0000000000016598      0x830 /usr/local/m68k-elf/lib/libc.a(libc_a-wbuf.o)
 .debug_info    0x0000000000016dc8       0xeb /usr/local/m68k-elf/lib/libc.a(libc_a-strcmp.o)
 .debug_info    0x0000000000016eb3      0x977 /usr/local/m68k-elf/lib/libc.a(libc_a-fstatr.o)
 .debug_info    0x000000000001782a      0x764 /usr/local/m68k-elf/lib/libc.a(libc_a-isattyr.o)
 .debug_info    0x0000000000017f8e      0x783 /usr/local/m68k-elf/lib/libc.a(libc_a-sbrkr.o)
 .debug_info    0x0000000000018711      0x7ef /usr/local/m68k-elf/lib/libc.a(libc_a-assert.o)
 .debug_info    0x0000000000018f00      0x8a6 /usr/local/m68k-elf/lib/libc.a(libc_a-callocr.o)
 .debug_info    0x00000000000197a6      0x830 /usr/local/m68k-elf/lib/libc.a(libc_a-fiprintf.o)
 .debug_info    0x0000000000019fd6      0x71b /usr/local/m68k-elf/lib/libc.a(libc_a-errno.o)
 .debug_info    0x000000000001a6f1       0xc8 /usr/local/m68k-elf/lib/libc.a(libc_a-abort.o)
 .debug_info    0x000000000001a7b9      0xc54 /usr/local/m68k-elf/lib/libc.a(libc_a-signal.o)
 .debug_info    0x000000000001b40d      0x7da /usr/local/m68k-elf/lib/libc.a(libc_a-signalr.o)
 .debug_info    0x000000000001bbe7       0x24 /usr/local/lib/gcc/m68k-elf/11/libgcc.a(_mulsi3.o)
 .debug_info    0x000000000001bc0b       0x24 /usr/local/lib/gcc/m68k-elf/11/libgcc.a(_udivsi3.o)
 .debug_info    0x000000000001bc2f       0x24 /usr/local/lib/gcc/m68k-elf/11/libgcc.a(_divsi3.o)
 .debug_info    0x000000000001bc53       0x24 /usr/local/lib/gcc/m68k-elf/11/libgcc.a(_umodsi3.o)
 .debug_info    0x000000000001bc77       0x24 /usr/local/lib/gcc/m68k-elf/11/libgcc.a(_modsi3.o)
 .debug_info    0x000000000001bc9b       0x25 /usr/local/lib/gcc/m68k-elf/11/libgcc.a(_double.o)
 .debug_info    0x000000000001bcc0       0x24 /usr/local/lib/gcc/m68k-elf/11/libgcc.a(_floatex.o)
 .debug_info    0x000000000001bce4       0x24 /usr/local/lib/gcc/m68k-elf/11/libgcc.a(_eqdf2.o)
 .debug_info    0x000000000001bd08       0x24 /usr/local/lib/gcc/m68k-elf/11/libgcc.a(_nedf2.o)
 .debug_info    0x000000000001bd2c       0x24 /usr/local/lib/gcc/m68k-elf/11/libgcc.a(_gtdf2.o)
 .debug_info    0x000000000001bd50       0x24 /usr/local/lib/gcc/m68k-elf/11/libgcc.a(_ltdf2.o)
 .debug_info    0x000000000001bd74       0x24 /usr/local/lib/gcc/m68k-elf/11/libgcc.a(_ledf2.o)
 .debug_info    0x000000000001bd98      0x5bf /usr/local/lib/gcc/m68k-elf/11/libgcc.a(fpgnulib.o)
 .debug_info    0x000000000001c357      0x7d0 /usr/local/lib/gcc/m68k-elf/11/libgcc.a(xfgnulib.o)
 .debug_info    0x000000000001cb27       0x5e /usr/local/m68k-elf/lib/libidp.a(close.o)
 .debug_info    0x000000000001cb85      0x2b9 /usr/local/m68k-elf/lib/libidp.a(fstat.o)
 .debug_info    0x000000000001ce3e       0x4b /usr/local/m68k-elf/lib/libidp.a(getpid.o)
 .debug_info    0x000000000001ce89       0x5e /usr/local/m68k-elf/lib/libidp.a(isatty.o)
 .debug_info    0x000000000001cee7       0x9b /usr/local/m68k-elf/lib/libidp.a(kill.o)
 .debug_info    0x000000000001cf82       0xfb /usr/local/m68k-elf/lib/libidp.a(lseek.o)
 .debug_info    0x000000000001d07d       0xe4 /usr/local/m68k-elf/lib/libidp.a(sbrk.o)
 .debug_info    0x000000000001d161       0xc8 /usr/local/m68k-elf/lib/libidp.a(mc68ec.o)

.debug_abbrev   0x0000000000000000     0x769b
 .debug_abbrev  0x0000000000000000       0xf3 csys68k.o
 .debug_abbrev  0x00000000000000f3      0x2dd mtk_c.o
 .debug_abbrev  0x00000000000003d0      0x1f0 test2.o
 .debug_abbrev  0x00000000000005c0      0x227 /usr/local/m68k-elf/lib/libc.a(libc_a-printf.o)
 .debug_abbrev  0x00000000000007e7      0x275 /usr/local/m68k-elf/lib/libc.a(libc_a-puts.o)
 .debug_abbrev  0x0000000000000a5c      0x185 /usr/local/m68k-elf/lib/libc.a(libc_a-impure.o)
 .debug_abbrev  0x0000000000000be1       0x8a /usr/local/m68k-elf/lib/libc.a(libc_a-strlen.o)
 .debug_abbrev  0x0000000000000c6b      0x482 /usr/local/m68k-elf/lib/libc.a(libc_a-vfprintf.o)
 .debug_abbrev  0x00000000000010ed      0x46c /usr/local/m68k-elf/lib/libc.a(libc_a-vfiprintf.o)
 .debug_abbrev  0x0000000000001559      0x311 /usr/local/m68k-elf/lib/libc.a(libc_a-fflush.o)
 .debug_abbrev  0x000000000000186a      0x425 /usr/local/m68k-elf/lib/libc.a(libc_a-findfp.o)
 .debug_abbrev  0x0000000000001c8f      0x241 /usr/local/m68k-elf/lib/libc.a(libc_a-fvwrite.o)
 .debug_abbrev  0x0000000000001ed0      0x1d6 /usr/local/m68k-elf/lib/libc.a(libc_a-fwalk.o)
 .debug_abbrev  0x00000000000020a6      0x243 /usr/local/m68k-elf/lib/libc.a(libc_a-stdio.o)
 .debug_abbrev  0x00000000000022e9      0x1fe /usr/local/m68k-elf/lib/libc.a(libc_a-wsetup.o)
 .debug_abbrev  0x00000000000024e7      0x34a /usr/local/m68k-elf/lib/libc.a(libc_a-fputwc.o)
 .debug_abbrev  0x0000000000002831       0xd4 /usr/local/m68k-elf/lib/libc.a(libc_a-memchr.o)
 .debug_abbrev  0x0000000000002905       0xc3 /usr/local/m68k-elf/lib/libc.a(libc_a-memmove.o)
 .debug_abbrev  0x00000000000029c8      0x2e5 /usr/local/m68k-elf/lib/libc.a(libc_a-locale.o)
 .debug_abbrev  0x0000000000002cad      0x264 /usr/local/m68k-elf/lib/libc.a(libc_a-localeconv.o)
 .debug_abbrev  0x0000000000002f11      0x1e0 /usr/local/m68k-elf/lib/libc.a(libc_a-closer.o)
 .debug_abbrev  0x00000000000030f1      0x208 /usr/local/m68k-elf/lib/libc.a(libc_a-reent.o)
 .debug_abbrev  0x00000000000032f9      0x1f1 /usr/local/m68k-elf/lib/libc.a(libc_a-lseekr.o)
 .debug_abbrev  0x00000000000034ea      0x1e0 /usr/local/m68k-elf/lib/libc.a(libc_a-readr.o)
 .debug_abbrev  0x00000000000036ca      0x1e5 /usr/local/m68k-elf/lib/libc.a(libc_a-writer.o)
 .debug_abbrev  0x00000000000038af       0x14 /usr/local/m68k-elf/lib/libc.a(libc_a-memcpy.o)
 .debug_abbrev  0x00000000000038c3       0x14 /usr/local/m68k-elf/lib/libc.a(libc_a-memset.o)
 .debug_abbrev  0x00000000000038d7      0x365 /usr/local/m68k-elf/lib/libc.a(libc_a-dtoa.o)
 .debug_abbrev  0x0000000000003c3c      0x274 /usr/local/m68k-elf/lib/libc.a(libc_a-freer.o)
 .debug_abbrev  0x0000000000003eb0      0x2b7 /usr/local/m68k-elf/lib/libc.a(libc_a-mallocr.o)
 .debug_abbrev  0x0000000000004167      0x252 /usr/local/m68k-elf/lib/libc.a(libc_a-mbtowc_r.o)
 .debug_abbrev  0x00000000000043b9      0x1ce /usr/local/m68k-elf/lib/libc.a(libc_a-mlock.o)
 .debug_abbrev  0x0000000000004587      0x527 /usr/local/m68k-elf/lib/libc.a(libc_a-mprec.o)
 .debug_abbrev  0x0000000000004aae      0x256 /usr/local/m68k-elf/lib/libc.a(libc_a-reallocr.o)
 .debug_abbrev  0x0000000000004d04      0x226 /usr/local/m68k-elf/lib/libc.a(libc_a-wctomb_r.o)
 .debug_abbrev  0x0000000000004f2a      0x233 /usr/local/m68k-elf/lib/libc.a(libc_a-wcrtomb.o)
 .debug_abbrev  0x000000000000515d       0x62 /usr/local/m68k-elf/lib/libc.a(libc_a-ctype_.o)
 .debug_abbrev  0x00000000000051bf      0x2c1 /usr/local/m68k-elf/lib/libc.a(libc_a-fclose.o)
 .debug_abbrev  0x0000000000005480      0x2ad /usr/local/m68k-elf/lib/libc.a(libc_a-makebuf.o)
 .debug_abbrev  0x000000000000572d      0x25a /usr/local/m68k-elf/lib/libc.a(libc_a-wbuf.o)
 .debug_abbrev  0x0000000000005987       0x83 /usr/local/m68k-elf/lib/libc.a(libc_a-strcmp.o)
 .debug_abbrev  0x0000000000005a0a      0x1f0 /usr/local/m68k-elf/lib/libc.a(libc_a-fstatr.o)
 .debug_abbrev  0x0000000000005bfa      0x1e0 /usr/local/m68k-elf/lib/libc.a(libc_a-isattyr.o)
 .debug_abbrev  0x0000000000005dda      0x1f3 /usr/local/m68k-elf/lib/libc.a(libc_a-sbrkr.o)
 .debug_abbrev  0x0000000000005fcd      0x206 /usr/local/m68k-elf/lib/libc.a(libc_a-assert.o)
 .debug_abbrev  0x00000000000061d3      0x238 /usr/local/m68k-elf/lib/libc.a(libc_a-callocr.o)
 .debug_abbrev  0x000000000000640b      0x221 /usr/local/m68k-elf/lib/libc.a(libc_a-fiprintf.o)
 .debug_abbrev  0x000000000000662c      0x19a /usr/local/m68k-elf/lib/libc.a(libc_a-errno.o)
 .debug_abbrev  0x00000000000067c6       0x85 /usr/local/m68k-elf/lib/libc.a(libc_a-abort.o)
 .debug_abbrev  0x000000000000684b      0x2f9 /usr/local/m68k-elf/lib/libc.a(libc_a-signal.o)
 .debug_abbrev  0x0000000000006b44      0x22d /usr/local/m68k-elf/lib/libc.a(libc_a-signalr.o)
 .debug_abbrev  0x0000000000006d71       0x14 /usr/local/lib/gcc/m68k-elf/11/libgcc.a(_mulsi3.o)
 .debug_abbrev  0x0000000000006d85       0x14 /usr/local/lib/gcc/m68k-elf/11/libgcc.a(_udivsi3.o)
 .debug_abbrev  0x0000000000006d99       0x14 /usr/local/lib/gcc/m68k-elf/11/libgcc.a(_divsi3.o)
 .debug_abbrev  0x0000000000006dad       0x14 /usr/local/lib/gcc/m68k-elf/11/libgcc.a(_umodsi3.o)
 .debug_abbrev  0x0000000000006dc1       0x14 /usr/local/lib/gcc/m68k-elf/11/libgcc.a(_modsi3.o)
 .debug_abbrev  0x0000000000006dd5       0x14 /usr/local/lib/gcc/m68k-elf/11/libgcc.a(_double.o)
 .debug_abbrev  0x0000000000006de9       0x14 /usr/local/lib/gcc/m68k-elf/11/libgcc.a(_floatex.o)
 .debug_abbrev  0x0000000000006dfd       0x14 /usr/local/lib/gcc/m68k-elf/11/libgcc.a(_eqdf2.o)
 .debug_abbrev  0x0000000000006e11       0x14 /usr/local/lib/gcc/m68k-elf/11/libgcc.a(_nedf2.o)
 .debug_abbrev  0x0000000000006e25       0x14 /usr/local/lib/gcc/m68k-elf/11/libgcc.a(_gtdf2.o)
 .debug_abbrev  0x0000000000006e39       0x14 /usr/local/lib/gcc/m68k-elf/11/libgcc.a(_ltdf2.o)
 .debug_abbrev  0x0000000000006e4d       0x14 /usr/local/lib/gcc/m68k-elf/11/libgcc.a(_ledf2.o)
 .debug_abbrev  0x0000000000006e61      0x25f /usr/local/lib/gcc/m68k-elf/11/libgcc.a(fpgnulib.o)
 .debug_abbrev  0x00000000000070c0      0x1e3 /usr/local/lib/gcc/m68k-elf/11/libgcc.a(xfgnulib.o)
 .debug_abbrev  0x00000000000072a3       0x58 /usr/local/m68k-elf/lib/libidp.a(close.o)
 .debug_abbrev  0x00000000000072fb       0xa6 /usr/local/m68k-elf/lib/libidp.a(fstat.o)
 .debug_abbrev  0x00000000000073a1       0x45 /usr/local/m68k-elf/lib/libidp.a(getpid.o)
 .debug_abbrev  0x00000000000073e6       0x58 /usr/local/m68k-elf/lib/libidp.a(isatty.o)
 .debug_abbrev  0x000000000000743e       0x99 /usr/local/m68k-elf/lib/libidp.a(kill.o)
 .debug_abbrev  0x00000000000074d7       0x9e /usr/local/m68k-elf/lib/libidp.a(lseek.o)
 .debug_abbrev  0x0000000000007575       0xa5 /usr/local/m68k-elf/lib/libidp.a(sbrk.o)
 .debug_abbrev  0x000000000000761a       0x81 /usr/local/m68k-elf/lib/libidp.a(mc68ec.o)

.debug_loclists
                0x0000000000000000     0xcc3a
 .debug_loclists
                0x0000000000000000       0xe7 csys68k.o
 .debug_loclists
                0x00000000000000e7      0x3c2 mtk_c.o
 .debug_loclists
                0x00000000000004a9       0x94 test2.o
 .debug_loclists
                0x000000000000053d       0x87 /usr/local/m68k-elf/lib/libc.a(libc_a-printf.o)
 .debug_loclists
                0x00000000000005c4       0xd2 /usr/local/m68k-elf/lib/libc.a(libc_a-puts.o)
 .debug_loclists
                0x0000000000000696       0x25 /usr/local/m68k-elf/lib/libc.a(libc_a-strlen.o)
 .debug_loclists
                0x00000000000006bb     0x2748 /usr/local/m68k-elf/lib/libc.a(libc_a-vfprintf.o)
 .debug_loclists
                0x0000000000002e03     0x1c2f /usr/local/m68k-elf/lib/libc.a(libc_a-vfiprintf.o)
 .debug_loclists
                0x0000000000004a32      0x17d /usr/local/m68k-elf/lib/libc.a(libc_a-fflush.o)
 .debug_loclists
                0x0000000000004baf      0x19a /usr/local/m68k-elf/lib/libc.a(libc_a-findfp.o)
 .debug_loclists
                0x0000000000004d49      0x3e1 /usr/local/m68k-elf/lib/libc.a(libc_a-fvwrite.o)
 .debug_loclists
                0x000000000000512a       0x62 /usr/local/m68k-elf/lib/libc.a(libc_a-fwalk.o)
 .debug_loclists
                0x000000000000518c       0x92 /usr/local/m68k-elf/lib/libc.a(libc_a-stdio.o)
 .debug_loclists
                0x000000000000521e       0x1d /usr/local/m68k-elf/lib/libc.a(libc_a-wsetup.o)
 .debug_loclists
                0x000000000000523b      0x198 /usr/local/m68k-elf/lib/libc.a(libc_a-fputwc.o)
 .debug_loclists
                0x00000000000053d3       0xe3 /usr/local/m68k-elf/lib/libc.a(libc_a-memchr.o)
 .debug_loclists
                0x00000000000054b6      0x2be /usr/local/m68k-elf/lib/libc.a(libc_a-memmove.o)
 .debug_loclists
                0x0000000000005774       0x56 /usr/local/m68k-elf/lib/libc.a(libc_a-locale.o)
 .debug_loclists
                0x00000000000057ca       0x21 /usr/local/m68k-elf/lib/libc.a(libc_a-localeconv.o)
 .debug_loclists
                0x00000000000057eb       0x14 /usr/local/m68k-elf/lib/libc.a(libc_a-closer.o)
 .debug_loclists
                0x00000000000057ff       0x23 /usr/local/m68k-elf/lib/libc.a(libc_a-reent.o)
 .debug_loclists
                0x0000000000005822       0x14 /usr/local/m68k-elf/lib/libc.a(libc_a-lseekr.o)
 .debug_loclists
                0x0000000000005836       0x14 /usr/local/m68k-elf/lib/libc.a(libc_a-readr.o)
 .debug_loclists
                0x000000000000584a       0x14 /usr/local/m68k-elf/lib/libc.a(libc_a-writer.o)
 .debug_loclists
                0x000000000000585e     0x270b /usr/local/m68k-elf/lib/libc.a(libc_a-dtoa.o)
 .debug_loclists
                0x0000000000007f69      0x3eb /usr/local/m68k-elf/lib/libc.a(libc_a-freer.o)
 .debug_loclists
                0x0000000000008354      0x9b7 /usr/local/m68k-elf/lib/libc.a(libc_a-mallocr.o)
 .debug_loclists
                0x0000000000008d0b       0x33 /usr/local/m68k-elf/lib/libc.a(libc_a-mbtowc_r.o)
 .debug_loclists
                0x0000000000008d3e     0x18c8 /usr/local/m68k-elf/lib/libc.a(libc_a-mprec.o)
 .debug_loclists
                0x000000000000a606     0x131f /usr/local/m68k-elf/lib/libc.a(libc_a-reallocr.o)
 .debug_loclists
                0x000000000000b925       0x3a /usr/local/m68k-elf/lib/libc.a(libc_a-wctomb_r.o)
 .debug_loclists
                0x000000000000b95f      0x1de /usr/local/m68k-elf/lib/libc.a(libc_a-wcrtomb.o)
 .debug_loclists
                0x000000000000bb3d       0x6c /usr/local/m68k-elf/lib/libc.a(libc_a-fclose.o)
 .debug_loclists
                0x000000000000bba9      0x32e /usr/local/m68k-elf/lib/libc.a(libc_a-makebuf.o)
 .debug_loclists
                0x000000000000bed7       0x7b /usr/local/m68k-elf/lib/libc.a(libc_a-wbuf.o)
 .debug_loclists
                0x000000000000bf52       0x5a /usr/local/m68k-elf/lib/libc.a(libc_a-strcmp.o)
 .debug_loclists
                0x000000000000bfac       0x14 /usr/local/m68k-elf/lib/libc.a(libc_a-fstatr.o)
 .debug_loclists
                0x000000000000bfc0       0x14 /usr/local/m68k-elf/lib/libc.a(libc_a-isattyr.o)
 .debug_loclists
                0x000000000000bfd4       0x14 /usr/local/m68k-elf/lib/libc.a(libc_a-sbrkr.o)
 .debug_loclists
                0x000000000000bfe8      0x1c1 /usr/local/m68k-elf/lib/libc.a(libc_a-callocr.o)
 .debug_loclists
                0x000000000000c1a9       0xc1 /usr/local/m68k-elf/lib/libc.a(libc_a-fiprintf.o)
 .debug_loclists
                0x000000000000c26a      0x245 /usr/local/m68k-elf/lib/libc.a(libc_a-signal.o)
 .debug_loclists
                0x000000000000c4af       0x14 /usr/local/m68k-elf/lib/libc.a(libc_a-signalr.o)
 .debug_loclists
                0x000000000000c4c3      0x536 /usr/local/lib/gcc/m68k-elf/11/libgcc.a(fpgnulib.o)
 .debug_loclists
                0x000000000000c9f9      0x1eb /usr/local/lib/gcc/m68k-elf/11/libgcc.a(xfgnulib.o)
 .debug_loclists
                0x000000000000cbe4       0x1f /usr/local/m68k-elf/lib/libidp.a(sbrk.o)
 .debug_loclists
                0x000000000000cc03       0x37 /usr/local/m68k-elf/lib/libidp.a(mc68ec.o)

.debug_aranges  0x0000000000000000      0x918
 .debug_aranges
                0x0000000000000000       0x20 csys68k.o
 .debug_aranges
                0x0000000000000020       0x20 mtk_c.o
 .debug_aranges
                0x0000000000000040       0x28 test2.o
 .debug_aranges
                0x0000000000000068       0x20 /usr/local/m68k-elf/lib/libc.a(libc_a-printf.o)
 .debug_aranges
                0x0000000000000088       0x20 /usr/local/m68k-elf/lib/libc.a(libc_a-puts.o)
 .debug_aranges
                0x00000000000000a8       0x18 /usr/local/m68k-elf/lib/libc.a(libc_a-impure.o)
 .debug_aranges
                0x00000000000000c0       0x20 /usr/local/m68k-elf/lib/libc.a(libc_a-strlen.o)
 .debug_aranges
                0x00000000000000e0       0x20 /usr/local/m68k-elf/lib/libc.a(libc_a-vfprintf.o)
 .debug_aranges
                0x0000000000000100       0x20 /usr/local/m68k-elf/lib/libc.a(libc_a-vfiprintf.o)
 .debug_aranges
                0x0000000000000120       0x20 /usr/local/m68k-elf/lib/libc.a(libc_a-fflush.o)
 .debug_aranges
                0x0000000000000140       0x20 /usr/local/m68k-elf/lib/libc.a(libc_a-findfp.o)
 .debug_aranges
                0x0000000000000160       0x20 /usr/local/m68k-elf/lib/libc.a(libc_a-fvwrite.o)
 .debug_aranges
                0x0000000000000180       0x20 /usr/local/m68k-elf/lib/libc.a(libc_a-fwalk.o)
 .debug_aranges
                0x00000000000001a0       0x20 /usr/local/m68k-elf/lib/libc.a(libc_a-stdio.o)
 .debug_aranges
                0x00000000000001c0       0x20 /usr/local/m68k-elf/lib/libc.a(libc_a-wsetup.o)
 .debug_aranges
                0x00000000000001e0       0x20 /usr/local/m68k-elf/lib/libc.a(libc_a-fputwc.o)
 .debug_aranges
                0x0000000000000200       0x20 /usr/local/m68k-elf/lib/libc.a(libc_a-memchr.o)
 .debug_aranges
                0x0000000000000220       0x20 /usr/local/m68k-elf/lib/libc.a(libc_a-memmove.o)
 .debug_aranges
                0x0000000000000240       0x20 /usr/local/m68k-elf/lib/libc.a(libc_a-locale.o)
 .debug_aranges
                0x0000000000000260       0x20 /usr/local/m68k-elf/lib/libc.a(libc_a-localeconv.o)
 .debug_aranges
                0x0000000000000280       0x20 /usr/local/m68k-elf/lib/libc.a(libc_a-closer.o)
 .debug_aranges
                0x00000000000002a0       0x20 /usr/local/m68k-elf/lib/libc.a(libc_a-reent.o)
 .debug_aranges
                0x00000000000002c0       0x20 /usr/local/m68k-elf/lib/libc.a(libc_a-lseekr.o)
 .debug_aranges
                0x00000000000002e0       0x20 /usr/local/m68k-elf/lib/libc.a(libc_a-readr.o)
 .debug_aranges
                0x0000000000000300       0x20 /usr/local/m68k-elf/lib/libc.a(libc_a-writer.o)
 .debug_aranges
                0x0000000000000320       0x20 /usr/local/m68k-elf/lib/libc.a(libc_a-memcpy.o)
 .debug_aranges
                0x0000000000000340       0x20 /usr/local/m68k-elf/lib/libc.a(libc_a-memset.o)
 .debug_aranges
                0x0000000000000360       0x20 /usr/local/m68k-elf/lib/libc.a(libc_a-dtoa.o)
 .debug_aranges
                0x0000000000000380       0x20 /usr/local/m68k-elf/lib/libc.a(libc_a-freer.o)
 .debug_aranges
                0x00000000000003a0       0x20 /usr/local/m68k-elf/lib/libc.a(libc_a-mallocr.o)
 .debug_aranges
                0x00000000000003c0       0x20 /usr/local/m68k-elf/lib/libc.a(libc_a-mbtowc_r.o)
 .debug_aranges
                0x00000000000003e0       0x20 /usr/local/m68k-elf/lib/libc.a(libc_a-mlock.o)
 .debug_aranges
                0x0000000000000400       0x20 /usr/local/m68k-elf/lib/libc.a(libc_a-mprec.o)
 .debug_aranges
                0x0000000000000420       0x20 /usr/local/m68k-elf/lib/libc.a(libc_a-reallocr.o)
 .debug_aranges
                0x0000000000000440       0x20 /usr/local/m68k-elf/lib/libc.a(libc_a-wctomb_r.o)
 .debug_aranges
                0x0000000000000460       0x20 /usr/local/m68k-elf/lib/libc.a(libc_a-wcrtomb.o)
 .debug_aranges
                0x0000000000000480       0x18 /usr/local/m68k-elf/lib/libc.a(libc_a-ctype_.o)
 .debug_aranges
                0x0000000000000498       0x20 /usr/local/m68k-elf/lib/libc.a(libc_a-fclose.o)
 .debug_aranges
                0x00000000000004b8       0x20 /usr/local/m68k-elf/lib/libc.a(libc_a-makebuf.o)
 .debug_aranges
                0x00000000000004d8       0x20 /usr/local/m68k-elf/lib/libc.a(libc_a-wbuf.o)
 .debug_aranges
                0x00000000000004f8       0x20 /usr/local/m68k-elf/lib/libc.a(libc_a-strcmp.o)
 .debug_aranges
                0x0000000000000518       0x20 /usr/local/m68k-elf/lib/libc.a(libc_a-fstatr.o)
 .debug_aranges
                0x0000000000000538       0x20 /usr/local/m68k-elf/lib/libc.a(libc_a-isattyr.o)
 .debug_aranges
                0x0000000000000558       0x20 /usr/local/m68k-elf/lib/libc.a(libc_a-sbrkr.o)
 .debug_aranges
                0x0000000000000578       0x20 /usr/local/m68k-elf/lib/libc.a(libc_a-assert.o)
 .debug_aranges
                0x0000000000000598       0x20 /usr/local/m68k-elf/lib/libc.a(libc_a-callocr.o)
 .debug_aranges
                0x00000000000005b8       0x20 /usr/local/m68k-elf/lib/libc.a(libc_a-fiprintf.o)
 .debug_aranges
                0x00000000000005d8       0x20 /usr/local/m68k-elf/lib/libc.a(libc_a-errno.o)
 .debug_aranges
                0x00000000000005f8       0x20 /usr/local/m68k-elf/lib/libc.a(libc_a-abort.o)
 .debug_aranges
                0x0000000000000618       0x20 /usr/local/m68k-elf/lib/libc.a(libc_a-signal.o)
 .debug_aranges
                0x0000000000000638       0x20 /usr/local/m68k-elf/lib/libc.a(libc_a-signalr.o)
 .debug_aranges
                0x0000000000000658       0x20 /usr/local/lib/gcc/m68k-elf/11/libgcc.a(_mulsi3.o)
 .debug_aranges
                0x0000000000000678       0x20 /usr/local/lib/gcc/m68k-elf/11/libgcc.a(_udivsi3.o)
 .debug_aranges
                0x0000000000000698       0x20 /usr/local/lib/gcc/m68k-elf/11/libgcc.a(_divsi3.o)
 .debug_aranges
                0x00000000000006b8       0x20 /usr/local/lib/gcc/m68k-elf/11/libgcc.a(_umodsi3.o)
 .debug_aranges
                0x00000000000006d8       0x20 /usr/local/lib/gcc/m68k-elf/11/libgcc.a(_modsi3.o)
 .debug_aranges
                0x00000000000006f8       0x20 /usr/local/lib/gcc/m68k-elf/11/libgcc.a(_double.o)
 .debug_aranges
                0x0000000000000718       0x20 /usr/local/lib/gcc/m68k-elf/11/libgcc.a(_floatex.o)
 .debug_aranges
                0x0000000000000738       0x20 /usr/local/lib/gcc/m68k-elf/11/libgcc.a(_eqdf2.o)
 .debug_aranges
                0x0000000000000758       0x20 /usr/local/lib/gcc/m68k-elf/11/libgcc.a(_nedf2.o)
 .debug_aranges
                0x0000000000000778       0x20 /usr/local/lib/gcc/m68k-elf/11/libgcc.a(_gtdf2.o)
 .debug_aranges
                0x0000000000000798       0x20 /usr/local/lib/gcc/m68k-elf/11/libgcc.a(_ltdf2.o)
 .debug_aranges
                0x00000000000007b8       0x20 /usr/local/lib/gcc/m68k-elf/11/libgcc.a(_ledf2.o)
 .debug_aranges
                0x00000000000007d8       0x20 /usr/local/lib/gcc/m68k-elf/11/libgcc.a(fpgnulib.o)
 .debug_aranges
                0x00000000000007f8       0x20 /usr/local/lib/gcc/m68k-elf/11/libgcc.a(xfgnulib.o)
 .debug_aranges
                0x0000000000000818       0x20 /usr/local/m68k-elf/lib/libidp.a(close.o)
 .debug_aranges
                0x0000000000000838       0x20 /usr/local/m68k-elf/lib/libidp.a(fstat.o)
 .debug_aranges
                0x0000000000000858       0x20 /usr/local/m68k-elf/lib/libidp.a(getpid.o)
 .debug_aranges
                0x0000000000000878       0x20 /usr/local/m68k-elf/lib/libidp.a(isatty.o)
 .debug_aranges
                0x0000000000000898       0x20 /usr/local/m68k-elf/lib/libidp.a(kill.o)
 .debug_aranges
                0x00000000000008b8       0x20 /usr/local/m68k-elf/lib/libidp.a(lseek.o)
 .debug_aranges
                0x00000000000008d8       0x20 /usr/local/m68k-elf/lib/libidp.a(sbrk.o)
 .debug_aranges
                0x00000000000008f8       0x20 /usr/local/m68k-elf/lib/libidp.a(mc68ec.o)

.debug_line     0x0000000000000000     0xe28d
 .debug_line    0x0000000000000000      0x118 csys68k.o
 .debug_line    0x0000000000000118      0x50a mtk_c.o
 .debug_line    0x0000000000000622      0x29d test2.o
 .debug_line    0x00000000000008bf      0x190 /usr/local/m68k-elf/lib/libc.a(libc_a-printf.o)
 .debug_line    0x0000000000000a4f      0x239 /usr/local/m68k-elf/lib/libc.a(libc_a-puts.o)
 .debug_line    0x0000000000000c88       0xac /usr/local/m68k-elf/lib/libc.a(libc_a-impure.o)
 .debug_line    0x0000000000000d34       0xfa /usr/local/m68k-elf/lib/libc.a(libc_a-strlen.o)
 .debug_line    0x0000000000000e2e     0x1a4f /usr/local/m68k-elf/lib/libc.a(libc_a-vfprintf.o)
 .debug_line    0x000000000000287d     0x12da /usr/local/m68k-elf/lib/libc.a(libc_a-vfiprintf.o)
 .debug_line    0x0000000000003b57      0x484 /usr/local/m68k-elf/lib/libc.a(libc_a-fflush.o)
 .debug_line    0x0000000000003fdb      0x52f /usr/local/m68k-elf/lib/libc.a(libc_a-findfp.o)
 .debug_line    0x000000000000450a      0x610 /usr/local/m68k-elf/lib/libc.a(libc_a-fvwrite.o)
 .debug_line    0x0000000000004b1a      0x199 /usr/local/m68k-elf/lib/libc.a(libc_a-fwalk.o)
 .debug_line    0x0000000000004cb3      0x21e /usr/local/m68k-elf/lib/libc.a(libc_a-stdio.o)
 .debug_line    0x0000000000004ed1      0x2db /usr/local/m68k-elf/lib/libc.a(libc_a-wsetup.o)
 .debug_line    0x00000000000051ac      0x30b /usr/local/m68k-elf/lib/libc.a(libc_a-fputwc.o)
 .debug_line    0x00000000000054b7      0x19f /usr/local/m68k-elf/lib/libc.a(libc_a-memchr.o)
 .debug_line    0x0000000000005656      0x1da /usr/local/m68k-elf/lib/libc.a(libc_a-memmove.o)
 .debug_line    0x0000000000005830      0x26f /usr/local/m68k-elf/lib/libc.a(libc_a-locale.o)
 .debug_line    0x0000000000005a9f      0x173 /usr/local/m68k-elf/lib/libc.a(libc_a-localeconv.o)
 .debug_line    0x0000000000005c12      0x178 /usr/local/m68k-elf/lib/libc.a(libc_a-closer.o)
 .debug_line    0x0000000000005d8a      0x1c1 /usr/local/m68k-elf/lib/libc.a(libc_a-reent.o)
 .debug_line    0x0000000000005f4b      0x183 /usr/local/m68k-elf/lib/libc.a(libc_a-lseekr.o)
 .debug_line    0x00000000000060ce      0x177 /usr/local/m68k-elf/lib/libc.a(libc_a-readr.o)
 .debug_line    0x0000000000006245      0x178 /usr/local/m68k-elf/lib/libc.a(libc_a-writer.o)
 .debug_line    0x00000000000063bd       0x69 /usr/local/m68k-elf/lib/libc.a(libc_a-memcpy.o)
 .debug_line    0x0000000000006426       0x6d /usr/local/m68k-elf/lib/libc.a(libc_a-memset.o)
 .debug_line    0x0000000000006493     0x1617 /usr/local/m68k-elf/lib/libc.a(libc_a-dtoa.o)
 .debug_line    0x0000000000007aaa      0x500 /usr/local/m68k-elf/lib/libc.a(libc_a-freer.o)
 .debug_line    0x0000000000007faa      0x99b /usr/local/m68k-elf/lib/libc.a(libc_a-mallocr.o)
 .debug_line    0x0000000000008945      0x201 /usr/local/m68k-elf/lib/libc.a(libc_a-mbtowc_r.o)
 .debug_line    0x0000000000008b46      0x140 /usr/local/m68k-elf/lib/libc.a(libc_a-mlock.o)
 .debug_line    0x0000000000008c86     0x1599 /usr/local/m68k-elf/lib/libc.a(libc_a-mprec.o)
 .debug_line    0x000000000000a21f      0x864 /usr/local/m68k-elf/lib/libc.a(libc_a-reallocr.o)
 .debug_line    0x000000000000aa83      0x1f4 /usr/local/m68k-elf/lib/libc.a(libc_a-wctomb_r.o)
 .debug_line    0x000000000000ac77      0x253 /usr/local/m68k-elf/lib/libc.a(libc_a-wcrtomb.o)
 .debug_line    0x000000000000aeca       0x5b /usr/local/m68k-elf/lib/libc.a(libc_a-ctype_.o)
 .debug_line    0x000000000000af25      0x24c /usr/local/m68k-elf/lib/libc.a(libc_a-fclose.o)
 .debug_line    0x000000000000b171      0x36d /usr/local/m68k-elf/lib/libc.a(libc_a-makebuf.o)
 .debug_line    0x000000000000b4de      0x29f /usr/local/m68k-elf/lib/libc.a(libc_a-wbuf.o)
 .debug_line    0x000000000000b77d      0x144 /usr/local/m68k-elf/lib/libc.a(libc_a-strcmp.o)
 .debug_line    0x000000000000b8c1      0x1ed /usr/local/m68k-elf/lib/libc.a(libc_a-fstatr.o)
 .debug_line    0x000000000000baae      0x179 /usr/local/m68k-elf/lib/libc.a(libc_a-isattyr.o)
 .debug_line    0x000000000000bc27      0x16c /usr/local/m68k-elf/lib/libc.a(libc_a-sbrkr.o)
 .debug_line    0x000000000000bd93      0x183 /usr/local/m68k-elf/lib/libc.a(libc_a-assert.o)
 .debug_line    0x000000000000bf16      0x226 /usr/local/m68k-elf/lib/libc.a(libc_a-callocr.o)
 .debug_line    0x000000000000c13c      0x180 /usr/local/m68k-elf/lib/libc.a(libc_a-fiprintf.o)
 .debug_line    0x000000000000c2bc      0x10b /usr/local/m68k-elf/lib/libc.a(libc_a-errno.o)
 .debug_line    0x000000000000c3c7      0x100 /usr/local/m68k-elf/lib/libc.a(libc_a-abort.o)
 .debug_line    0x000000000000c4c7      0x618 /usr/local/m68k-elf/lib/libc.a(libc_a-signal.o)
 .debug_line    0x000000000000cadf      0x19f /usr/local/m68k-elf/lib/libc.a(libc_a-signalr.o)
 .debug_line    0x000000000000cc7e       0x54 /usr/local/lib/gcc/m68k-elf/11/libgcc.a(_mulsi3.o)
 .debug_line    0x000000000000ccd2       0x6d /usr/local/lib/gcc/m68k-elf/11/libgcc.a(_udivsi3.o)
 .debug_line    0x000000000000cd3f       0x5c /usr/local/lib/gcc/m68k-elf/11/libgcc.a(_divsi3.o)
 .debug_line    0x000000000000cd9b       0x58 /usr/local/lib/gcc/m68k-elf/11/libgcc.a(_umodsi3.o)
 .debug_line    0x000000000000cdf3       0x58 /usr/local/lib/gcc/m68k-elf/11/libgcc.a(_modsi3.o)
 .debug_line    0x000000000000ce4b      0x3cb /usr/local/lib/gcc/m68k-elf/11/libgcc.a(_double.o)
 .debug_line    0x000000000000d216       0x63 /usr/local/lib/gcc/m68k-elf/11/libgcc.a(_floatex.o)
 .debug_line    0x000000000000d279       0x52 /usr/local/lib/gcc/m68k-elf/11/libgcc.a(_eqdf2.o)
 .debug_line    0x000000000000d2cb       0x52 /usr/local/lib/gcc/m68k-elf/11/libgcc.a(_nedf2.o)
 .debug_line    0x000000000000d31d       0x52 /usr/local/lib/gcc/m68k-elf/11/libgcc.a(_gtdf2.o)
 .debug_line    0x000000000000d36f       0x52 /usr/local/lib/gcc/m68k-elf/11/libgcc.a(_ltdf2.o)
 .debug_line    0x000000000000d3c1       0x52 /usr/local/lib/gcc/m68k-elf/11/libgcc.a(_ledf2.o)
 .debug_line    0x000000000000d413      0x5e1 /usr/local/lib/gcc/m68k-elf/11/libgcc.a(fpgnulib.o)
 .debug_line    0x000000000000d9f4      0x35c /usr/local/lib/gcc/m68k-elf/11/libgcc.a(xfgnulib.o)
 .debug_line    0x000000000000dd50       0x73 /usr/local/m68k-elf/lib/libidp.a(close.o)
 .debug_line    0x000000000000ddc3      0x14a /usr/local/m68k-elf/lib/libidp.a(fstat.o)
 .debug_line    0x000000000000df0d       0x74 /usr/local/m68k-elf/lib/libidp.a(getpid.o)
 .debug_line    0x000000000000df81       0x74 /usr/local/m68k-elf/lib/libidp.a(isatty.o)
 .debug_line    0x000000000000dff5       0x90 /usr/local/m68k-elf/lib/libidp.a(kill.o)
 .debug_line    0x000000000000e085       0xd4 /usr/local/m68k-elf/lib/libidp.a(lseek.o)
 .debug_line    0x000000000000e159       0xa9 /usr/local/m68k-elf/lib/libidp.a(sbrk.o)
 .debug_line    0x000000000000e202       0x8b /usr/local/m68k-elf/lib/libidp.a(mc68ec.o)

.debug_str      0x0000000000000000     0xf3ec
 .debug_str     0x0000000000000000       0xa6 csys68k.o
 .debug_str     0x00000000000000a6      0x264 mtk_c.o
 .debug_str     0x000000000000030a      0x1d7 test2.o
 .debug_str     0x00000000000004e1      0x48d /usr/local/m68k-elf/lib/libc.a(libc_a-printf.o)
 .debug_str     0x000000000000096e      0x4c8 /usr/local/m68k-elf/lib/libc.a(libc_a-puts.o)
 .debug_str     0x0000000000000e36      0x454 /usr/local/m68k-elf/lib/libc.a(libc_a-impure.o)
 .debug_str     0x000000000000128a      0x139 /usr/local/m68k-elf/lib/libc.a(libc_a-strlen.o)
 .debug_str     0x00000000000013c3      0x8d6 /usr/local/m68k-elf/lib/libc.a(libc_a-vfprintf.o)
 .debug_str     0x0000000000001c99      0x800 /usr/local/m68k-elf/lib/libc.a(libc_a-vfiprintf.o)
 .debug_str     0x0000000000002499      0x4d6 /usr/local/m68k-elf/lib/libc.a(libc_a-fflush.o)
 .debug_str     0x000000000000296f      0x657 /usr/local/m68k-elf/lib/libc.a(libc_a-findfp.o)
 .debug_str     0x0000000000002fc6      0x505 /usr/local/m68k-elf/lib/libc.a(libc_a-fvwrite.o)
 .debug_str     0x00000000000034cb      0x45f /usr/local/m68k-elf/lib/libc.a(libc_a-fwalk.o)
 .debug_str     0x000000000000392a      0x4b3 /usr/local/m68k-elf/lib/libc.a(libc_a-stdio.o)
 .debug_str     0x0000000000003ddd      0x480 /usr/local/m68k-elf/lib/libc.a(libc_a-wsetup.o)
 .debug_str     0x000000000000425d      0x4d0 /usr/local/m68k-elf/lib/libc.a(libc_a-fputwc.o)
 .debug_str     0x000000000000472d      0x14d /usr/local/m68k-elf/lib/libc.a(libc_a-memchr.o)
 .debug_str     0x000000000000487a      0x166 /usr/local/m68k-elf/lib/libc.a(libc_a-memmove.o)
 .debug_str     0x00000000000049e0      0x6ce /usr/local/m68k-elf/lib/libc.a(libc_a-locale.o)
 .debug_str     0x00000000000050ae      0x695 /usr/local/m68k-elf/lib/libc.a(libc_a-localeconv.o)
 .debug_str     0x0000000000005743      0x44b /usr/local/m68k-elf/lib/libc.a(libc_a-closer.o)
 .debug_str     0x0000000000005b8e      0x46e /usr/local/m68k-elf/lib/libc.a(libc_a-reent.o)
 .debug_str     0x0000000000005ffc      0x460 /usr/local/m68k-elf/lib/libc.a(libc_a-lseekr.o)
 .debug_str     0x000000000000645c      0x44f /usr/local/m68k-elf/lib/libc.a(libc_a-readr.o)
 .debug_str     0x00000000000068ab      0x452 /usr/local/m68k-elf/lib/libc.a(libc_a-writer.o)
 .debug_str     0x0000000000006cfd       0x73 /usr/local/m68k-elf/lib/libc.a(libc_a-memcpy.o)
 .debug_str     0x0000000000006d70       0x73 /usr/local/m68k-elf/lib/libc.a(libc_a-memset.o)
 .debug_str     0x0000000000006de3      0x802 /usr/local/m68k-elf/lib/libc.a(libc_a-dtoa.o)
 .debug_str     0x00000000000075e5      0x5b7 /usr/local/m68k-elf/lib/libc.a(libc_a-freer.o)
 .debug_str     0x0000000000007b9c      0x66f /usr/local/m68k-elf/lib/libc.a(libc_a-mallocr.o)
 .debug_str     0x000000000000820b      0x675 /usr/local/m68k-elf/lib/libc.a(libc_a-mbtowc_r.o)
 .debug_str     0x0000000000008880      0x46d /usr/local/m68k-elf/lib/libc.a(libc_a-mlock.o)
 .debug_str     0x0000000000008ced      0x75d /usr/local/m68k-elf/lib/libc.a(libc_a-mprec.o)
 .debug_str     0x000000000000944a      0x542 /usr/local/m68k-elf/lib/libc.a(libc_a-reallocr.o)
 .debug_str     0x000000000000998c      0x67c /usr/local/m68k-elf/lib/libc.a(libc_a-wctomb_r.o)
 .debug_str     0x000000000000a008      0x67b /usr/local/m68k-elf/lib/libc.a(libc_a-wcrtomb.o)
 .debug_str     0x000000000000a683      0x12c /usr/local/m68k-elf/lib/libc.a(libc_a-ctype_.o)
 .debug_str     0x000000000000a7af      0x4ae /usr/local/m68k-elf/lib/libc.a(libc_a-fclose.o)
 .debug_str     0x000000000000ac5d      0x5e2 /usr/local/m68k-elf/lib/libc.a(libc_a-makebuf.o)
 .debug_str     0x000000000000b23f      0x485 /usr/local/m68k-elf/lib/libc.a(libc_a-wbuf.o)
 .debug_str     0x000000000000b6c4      0x12c /usr/local/m68k-elf/lib/libc.a(libc_a-strcmp.o)
 .debug_str     0x000000000000b7f0      0x596 /usr/local/m68k-elf/lib/libc.a(libc_a-fstatr.o)
 .debug_str     0x000000000000bd86      0x44e /usr/local/m68k-elf/lib/libc.a(libc_a-isattyr.o)
 .debug_str     0x000000000000c1d4      0x457 /usr/local/m68k-elf/lib/libc.a(libc_a-sbrkr.o)
 .debug_str     0x000000000000c62b      0x488 /usr/local/m68k-elf/lib/libc.a(libc_a-assert.o)
 .debug_str     0x000000000000cab3      0x4a1 /usr/local/m68k-elf/lib/libc.a(libc_a-callocr.o)
 .debug_str     0x000000000000cf54      0x494 /usr/local/m68k-elf/lib/libc.a(libc_a-fiprintf.o)
 .debug_str     0x000000000000d3e8      0x449 /usr/local/m68k-elf/lib/libc.a(libc_a-errno.o)
 .debug_str     0x000000000000d831      0x136 /usr/local/m68k-elf/lib/libc.a(libc_a-abort.o)
 .debug_str     0x000000000000d967      0x4d6 /usr/local/m68k-elf/lib/libc.a(libc_a-signal.o)
 .debug_str     0x000000000000de3d      0x469 /usr/local/m68k-elf/lib/libc.a(libc_a-signalr.o)
 .debug_str     0x000000000000e2a6       0x60 /usr/local/lib/gcc/m68k-elf/11/libgcc.a(_mulsi3.o)
 .debug_str     0x000000000000e306       0x60 /usr/local/lib/gcc/m68k-elf/11/libgcc.a(_udivsi3.o)
 .debug_str     0x000000000000e366       0x60 /usr/local/lib/gcc/m68k-elf/11/libgcc.a(_divsi3.o)
 .debug_str     0x000000000000e3c6       0x60 /usr/local/lib/gcc/m68k-elf/11/libgcc.a(_umodsi3.o)
 .debug_str     0x000000000000e426       0x60 /usr/local/lib/gcc/m68k-elf/11/libgcc.a(_modsi3.o)
 .debug_str     0x000000000000e486       0x60 /usr/local/lib/gcc/m68k-elf/11/libgcc.a(_double.o)
 .debug_str     0x000000000000e4e6       0x60 /usr/local/lib/gcc/m68k-elf/11/libgcc.a(_floatex.o)
 .debug_str     0x000000000000e546       0x60 /usr/local/lib/gcc/m68k-elf/11/libgcc.a(_eqdf2.o)
 .debug_str     0x000000000000e5a6       0x60 /usr/local/lib/gcc/m68k-elf/11/libgcc.a(_nedf2.o)
 .debug_str     0x000000000000e606       0x60 /usr/local/lib/gcc/m68k-elf/11/libgcc.a(_gtdf2.o)
 .debug_str     0x000000000000e666       0x60 /usr/local/lib/gcc/m68k-elf/11/libgcc.a(_ltdf2.o)
 .debug_str     0x000000000000e6c6       0x60 /usr/local/lib/gcc/m68k-elf/11/libgcc.a(_ledf2.o)
 .debug_str     0x000000000000e726      0x1b0 /usr/local/lib/gcc/m68k-elf/11/libgcc.a(fpgnulib.o)
 .debug_str     0x000000000000e8d6      0x234 /usr/local/lib/gcc/m68k-elf/11/libgcc.a(xfgnulib.o)
 .debug_str     0x000000000000eb0a       0xa0 /usr/local/m68k-elf/lib/libidp.a(close.o)
 .debug_str     0x000000000000ebaa      0x27c /usr/local/m68k-elf/lib/libidp.a(fstat.o)
 .debug_str     0x000000000000ee26       0xa2 /usr/local/m68k-elf/lib/libidp.a(getpid.o)
 .debug_str     0x000000000000eec8       0xa2 /usr/local/m68k-elf/lib/libidp.a(isatty.o)
 .debug_str     0x000000000000ef6a       0xa4 /usr/local/m68k-elf/lib/libidp.a(kill.o)
 .debug_str     0x000000000000f00e      0x15b /usr/local/m68k-elf/lib/libidp.a(lseek.o)
 .debug_str     0x000000000000f169      0x148 /usr/local/m68k-elf/lib/libidp.a(sbrk.o)
 .debug_str     0x000000000000f2b1      0x13b /usr/local/m68k-elf/lib/libidp.a(mc68ec.o)

.comment        0x0000000000000000      0x461
 .comment       0x0000000000000000       0x13 csys68k.o
 .comment       0x0000000000000013       0x13 mtk_c.o
 .comment       0x0000000000000026       0x13 test2.o
 .comment       0x0000000000000039       0x13 /usr/local/m68k-elf/lib/libc.a(libc_a-printf.o)
 .comment       0x000000000000004c       0x13 /usr/local/m68k-elf/lib/libc.a(libc_a-puts.o)
 .comment       0x000000000000005f       0x13 /usr/local/m68k-elf/lib/libc.a(libc_a-impure.o)
 .comment       0x0000000000000072       0x13 /usr/local/m68k-elf/lib/libc.a(libc_a-strlen.o)
 .comment       0x0000000000000085       0x13 /usr/local/m68k-elf/lib/libc.a(libc_a-vfprintf.o)
 .comment       0x0000000000000098       0x13 /usr/local/m68k-elf/lib/libc.a(libc_a-vfiprintf.o)
 .comment       0x00000000000000ab       0x13 /usr/local/m68k-elf/lib/libc.a(libc_a-fflush.o)
 .comment       0x00000000000000be       0x13 /usr/local/m68k-elf/lib/libc.a(libc_a-findfp.o)
 .comment       0x00000000000000d1       0x13 /usr/local/m68k-elf/lib/libc.a(libc_a-fvwrite.o)
 .comment       0x00000000000000e4       0x13 /usr/local/m68k-elf/lib/libc.a(libc_a-fwalk.o)
 .comment       0x00000000000000f7       0x13 /usr/local/m68k-elf/lib/libc.a(libc_a-stdio.o)
 .comment       0x000000000000010a       0x13 /usr/local/m68k-elf/lib/libc.a(libc_a-wsetup.o)
 .comment       0x000000000000011d       0x13 /usr/local/m68k-elf/lib/libc.a(libc_a-fputwc.o)
 .comment       0x0000000000000130       0x13 /usr/local/m68k-elf/lib/libc.a(libc_a-memchr.o)
 .comment       0x0000000000000143       0x13 /usr/local/m68k-elf/lib/libc.a(libc_a-memmove.o)
 .comment       0x0000000000000156       0x13 /usr/local/m68k-elf/lib/libc.a(libc_a-locale.o)
 .comment       0x0000000000000169       0x13 /usr/local/m68k-elf/lib/libc.a(libc_a-localeconv.o)
 .comment       0x000000000000017c       0x13 /usr/local/m68k-elf/lib/libc.a(libc_a-closer.o)
 .comment       0x000000000000018f       0x13 /usr/local/m68k-elf/lib/libc.a(libc_a-reent.o)
 .comment       0x00000000000001a2       0x13 /usr/local/m68k-elf/lib/libc.a(libc_a-lseekr.o)
 .comment       0x00000000000001b5       0x13 /usr/local/m68k-elf/lib/libc.a(libc_a-readr.o)
 .comment       0x00000000000001c8       0x13 /usr/local/m68k-elf/lib/libc.a(libc_a-writer.o)
 .comment       0x00000000000001db       0x13 /usr/local/m68k-elf/lib/libc.a(libc_a-dtoa.o)
 .comment       0x00000000000001ee       0x13 /usr/local/m68k-elf/lib/libc.a(libc_a-freer.o)
 .comment       0x0000000000000201       0x13 /usr/local/m68k-elf/lib/libc.a(libc_a-mallocr.o)
 .comment       0x0000000000000214       0x13 /usr/local/m68k-elf/lib/libc.a(libc_a-mbtowc_r.o)
 .comment       0x0000000000000227       0x13 /usr/local/m68k-elf/lib/libc.a(libc_a-mlock.o)
 .comment       0x000000000000023a       0x13 /usr/local/m68k-elf/lib/libc.a(libc_a-mprec.o)
 .comment       0x000000000000024d       0x13 /usr/local/m68k-elf/lib/libc.a(libc_a-reallocr.o)
 .comment       0x0000000000000260       0x13 /usr/local/m68k-elf/lib/libc.a(libc_a-wctomb_r.o)
 .comment       0x0000000000000273       0x13 /usr/local/m68k-elf/lib/libc.a(libc_a-wcrtomb.o)
 .comment       0x0000000000000286       0x13 /usr/local/m68k-elf/lib/libc.a(libc_a-ctype_.o)
 .comment       0x0000000000000299       0x13 /usr/local/m68k-elf/lib/libc.a(libc_a-fclose.o)
 .comment       0x00000000000002ac       0x13 /usr/local/m68k-elf/lib/libc.a(libc_a-makebuf.o)
 .comment       0x00000000000002bf       0x13 /usr/local/m68k-elf/lib/libc.a(libc_a-wbuf.o)
 .comment       0x00000000000002d2       0x13 /usr/local/m68k-elf/lib/libc.a(libc_a-strcmp.o)
 .comment       0x00000000000002e5       0x13 /usr/local/m68k-elf/lib/libc.a(libc_a-fstatr.o)
 .comment       0x00000000000002f8       0x13 /usr/local/m68k-elf/lib/libc.a(libc_a-isattyr.o)
 .comment       0x000000000000030b       0x13 /usr/local/m68k-elf/lib/libc.a(libc_a-sbrkr.o)
 .comment       0x000000000000031e       0x13 /usr/local/m68k-elf/lib/libc.a(libc_a-assert.o)
 .comment       0x0000000000000331       0x13 /usr/local/m68k-elf/lib/libc.a(libc_a-callocr.o)
 .comment       0x0000000000000344       0x13 /usr/local/m68k-elf/lib/libc.a(libc_a-fiprintf.o)
 .comment       0x0000000000000357       0x13 /usr/local/m68k-elf/lib/libc.a(libc_a-errno.o)
 .comment       0x000000000000036a       0x13 /usr/local/m68k-elf/lib/libc.a(libc_a-abort.o)
 .comment       0x000000000000037d       0x13 /usr/local/m68k-elf/lib/libc.a(libc_a-signal.o)
 .comment       0x0000000000000390       0x13 /usr/local/m68k-elf/lib/libc.a(libc_a-signalr.o)
 .comment       0x00000000000003a3       0x13 /usr/local/lib/gcc/m68k-elf/11/libgcc.a(fpgnulib.o)
 .comment       0x00000000000003b6       0x13 /usr/local/lib/gcc/m68k-elf/11/libgcc.a(xfgnulib.o)
 .comment       0x00000000000003c9       0x13 /usr/local/m68k-elf/lib/libidp.a(close.o)
 .comment       0x00000000000003dc       0x13 /usr/local/m68k-elf/lib/libidp.a(fstat.o)
 .comment       0x00000000000003ef       0x13 /usr/local/m68k-elf/lib/libidp.a(getpid.o)
 .comment       0x0000000000000402       0x13 /usr/local/m68k-elf/lib/libidp.a(isatty.o)
 .comment       0x0000000000000415       0x13 /usr/local/m68k-elf/lib/libidp.a(kill.o)
 .comment       0x0000000000000428       0x13 /usr/local/m68k-elf/lib/libidp.a(lseek.o)
 .comment       0x000000000000043b       0x13 /usr/local/m68k-elf/lib/libidp.a(sbrk.o)
 .comment       0x000000000000044e       0x13 /usr/local/m68k-elf/lib/libidp.a(mc68ec.o)

.debug_frame    0x0000000000000000     0x1e4c
 .debug_frame   0x0000000000000000       0x80 csys68k.o
 .debug_frame   0x0000000000000080       0xe4 mtk_c.o
 .debug_frame   0x0000000000000164      0x1c4 test2.o
 .debug_frame   0x0000000000000328       0x44 /usr/local/m68k-elf/lib/libc.a(libc_a-printf.o)
 .debug_frame   0x000000000000036c       0x4c /usr/local/m68k-elf/lib/libc.a(libc_a-puts.o)
 .debug_frame   0x00000000000003b8       0x24 /usr/local/m68k-elf/lib/libc.a(libc_a-strlen.o)
 .debug_frame   0x00000000000003dc       0xa4 /usr/local/m68k-elf/lib/libc.a(libc_a-vfprintf.o)
 .debug_frame   0x0000000000000480       0xf4 /usr/local/m68k-elf/lib/libc.a(libc_a-vfiprintf.o)
 .debug_frame   0x0000000000000574       0xd0 /usr/local/m68k-elf/lib/libc.a(libc_a-fflush.o)
 .debug_frame   0x0000000000000644      0x15c /usr/local/m68k-elf/lib/libc.a(libc_a-findfp.o)
 .debug_frame   0x00000000000007a0      0x10c /usr/local/m68k-elf/lib/libc.a(libc_a-fvwrite.o)
 .debug_frame   0x00000000000008ac       0x3c /usr/local/m68k-elf/lib/libc.a(libc_a-fwalk.o)
 .debug_frame   0x00000000000008e8       0xa8 /usr/local/m68k-elf/lib/libc.a(libc_a-stdio.o)
 .debug_frame   0x0000000000000990       0x48 /usr/local/m68k-elf/lib/libc.a(libc_a-wsetup.o)
 .debug_frame   0x00000000000009d8       0x78 /usr/local/m68k-elf/lib/libc.a(libc_a-fputwc.o)
 .debug_frame   0x0000000000000a50       0x30 /usr/local/m68k-elf/lib/libc.a(libc_a-memchr.o)
 .debug_frame   0x0000000000000a80       0x34 /usr/local/m68k-elf/lib/libc.a(libc_a-memmove.o)
 .debug_frame   0x0000000000000ab4       0x94 /usr/local/m68k-elf/lib/libc.a(libc_a-locale.o)
 .debug_frame   0x0000000000000b48       0x44 /usr/local/m68k-elf/lib/libc.a(libc_a-localeconv.o)
 .debug_frame   0x0000000000000b8c       0x2c /usr/local/m68k-elf/lib/libc.a(libc_a-closer.o)
 .debug_frame   0x0000000000000bb8       0x54 /usr/local/m68k-elf/lib/libc.a(libc_a-reent.o)
 .debug_frame   0x0000000000000c0c       0x30 /usr/local/m68k-elf/lib/libc.a(libc_a-lseekr.o)
 .debug_frame   0x0000000000000c3c       0x30 /usr/local/m68k-elf/lib/libc.a(libc_a-readr.o)
 .debug_frame   0x0000000000000c6c       0x30 /usr/local/m68k-elf/lib/libc.a(libc_a-writer.o)
 .debug_frame   0x0000000000000c9c       0x94 /usr/local/m68k-elf/lib/libc.a(libc_a-dtoa.o)
 .debug_frame   0x0000000000000d30       0x90 /usr/local/m68k-elf/lib/libc.a(libc_a-freer.o)
 .debug_frame   0x0000000000000dc0       0xa0 /usr/local/m68k-elf/lib/libc.a(libc_a-mallocr.o)
 .debug_frame   0x0000000000000e60       0x38 /usr/local/m68k-elf/lib/libc.a(libc_a-mbtowc_r.o)
 .debug_frame   0x0000000000000e98       0x34 /usr/local/m68k-elf/lib/libc.a(libc_a-mlock.o)
 .debug_frame   0x0000000000000ecc      0x3ac /usr/local/m68k-elf/lib/libc.a(libc_a-mprec.o)
 .debug_frame   0x0000000000001278       0xc0 /usr/local/m68k-elf/lib/libc.a(libc_a-reallocr.o)
 .debug_frame   0x0000000000001338       0x34 /usr/local/m68k-elf/lib/libc.a(libc_a-wctomb_r.o)
 .debug_frame   0x000000000000136c       0x48 /usr/local/m68k-elf/lib/libc.a(libc_a-wcrtomb.o)
 .debug_frame   0x00000000000013b4       0x7c /usr/local/m68k-elf/lib/libc.a(libc_a-fclose.o)
 .debug_frame   0x0000000000001430       0x50 /usr/local/m68k-elf/lib/libc.a(libc_a-makebuf.o)
 .debug_frame   0x0000000000001480       0x6c /usr/local/m68k-elf/lib/libc.a(libc_a-wbuf.o)
 .debug_frame   0x00000000000014ec       0x2c /usr/local/m68k-elf/lib/libc.a(libc_a-strcmp.o)
 .debug_frame   0x0000000000001518       0x30 /usr/local/m68k-elf/lib/libc.a(libc_a-fstatr.o)
 .debug_frame   0x0000000000001548       0x2c /usr/local/m68k-elf/lib/libc.a(libc_a-isattyr.o)
 .debug_frame   0x0000000000001574       0x2c /usr/local/m68k-elf/lib/libc.a(libc_a-sbrkr.o)
 .debug_frame   0x00000000000015a0       0x70 /usr/local/m68k-elf/lib/libc.a(libc_a-assert.o)
 .debug_frame   0x0000000000001610       0x58 /usr/local/m68k-elf/lib/libc.a(libc_a-callocr.o)
 .debug_frame   0x0000000000001668       0x44 /usr/local/m68k-elf/lib/libc.a(libc_a-fiprintf.o)
 .debug_frame   0x00000000000016ac       0x24 /usr/local/m68k-elf/lib/libc.a(libc_a-errno.o)
 .debug_frame   0x00000000000016d0       0x2c /usr/local/m68k-elf/lib/libc.a(libc_a-abort.o)
 .debug_frame   0x00000000000016fc      0x154 /usr/local/m68k-elf/lib/libc.a(libc_a-signal.o)
 .debug_frame   0x0000000000001850       0x40 /usr/local/m68k-elf/lib/libc.a(libc_a-signalr.o)
 .debug_frame   0x0000000000001890      0x144 /usr/local/lib/gcc/m68k-elf/11/libgcc.a(fpgnulib.o)
 .debug_frame   0x00000000000019d4      0x344 /usr/local/lib/gcc/m68k-elf/11/libgcc.a(xfgnulib.o)
 .debug_frame   0x0000000000001d18       0x24 /usr/local/m68k-elf/lib/libidp.a(close.o)
 .debug_frame   0x0000000000001d3c       0x24 /usr/local/m68k-elf/lib/libidp.a(fstat.o)
 .debug_frame   0x0000000000001d60       0x24 /usr/local/m68k-elf/lib/libidp.a(getpid.o)
 .debug_frame   0x0000000000001d84       0x24 /usr/local/m68k-elf/lib/libidp.a(isatty.o)
 .debug_frame   0x0000000000001da8       0x28 /usr/local/m68k-elf/lib/libidp.a(kill.o)
 .debug_frame   0x0000000000001dd0       0x24 /usr/local/m68k-elf/lib/libidp.a(lseek.o)
 .debug_frame   0x0000000000001df4       0x24 /usr/local/m68k-elf/lib/libidp.a(sbrk.o)
 .debug_frame   0x0000000000001e18       0x34 /usr/local/m68k-elf/lib/libidp.a(mc68ec.o)

.debug_rnglists
                0x0000000000000000      0x671
 .debug_rnglists
                0x0000000000000000       0x4d mtk_c.o
 .debug_rnglists
                0x000000000000004d       0x42 test2.o
 .debug_rnglists
                0x000000000000008f       0x15 /usr/local/m68k-elf/lib/libc.a(libc_a-puts.o)
 .debug_rnglists
                0x00000000000000a4       0xe7 /usr/local/m68k-elf/lib/libc.a(libc_a-vfprintf.o)
 .debug_rnglists
                0x000000000000018b       0xa7 /usr/local/m68k-elf/lib/libc.a(libc_a-vfiprintf.o)
 .debug_rnglists
                0x0000000000000232       0x56 /usr/local/m68k-elf/lib/libc.a(libc_a-fflush.o)
 .debug_rnglists
                0x0000000000000288       0x32 /usr/local/m68k-elf/lib/libc.a(libc_a-findfp.o)
 .debug_rnglists
                0x00000000000002ba       0x26 /usr/local/m68k-elf/lib/libc.a(libc_a-fvwrite.o)
 .debug_rnglists
                0x00000000000002e0       0x15 /usr/local/m68k-elf/lib/libc.a(libc_a-wsetup.o)
 .debug_rnglists
                0x00000000000002f5       0x28 /usr/local/m68k-elf/lib/libc.a(libc_a-fputwc.o)
 .debug_rnglists
                0x000000000000031d       0x16 /usr/local/m68k-elf/lib/libc.a(libc_a-locale.o)
 .debug_rnglists
                0x0000000000000333       0x27 /usr/local/m68k-elf/lib/libc.a(libc_a-dtoa.o)
 .debug_rnglists
                0x000000000000035a       0x35 /usr/local/m68k-elf/lib/libc.a(libc_a-mallocr.o)
 .debug_rnglists
                0x000000000000038f       0x8a /usr/local/m68k-elf/lib/libc.a(libc_a-mprec.o)
 .debug_rnglists
                0x0000000000000419       0xeb /usr/local/m68k-elf/lib/libc.a(libc_a-reallocr.o)
 .debug_rnglists
                0x0000000000000504       0x1f /usr/local/m68k-elf/lib/libc.a(libc_a-fclose.o)
 .debug_rnglists
                0x0000000000000523       0x2a /usr/local/m68k-elf/lib/libc.a(libc_a-makebuf.o)
 .debug_rnglists
                0x000000000000054d       0x15 /usr/local/m68k-elf/lib/libc.a(libc_a-wbuf.o)
 .debug_rnglists
                0x0000000000000562       0x30 /usr/local/m68k-elf/lib/libc.a(libc_a-callocr.o)
 .debug_rnglists
                0x0000000000000592       0x5b /usr/local/m68k-elf/lib/libc.a(libc_a-signal.o)
 .debug_rnglists
                0x00000000000005ed       0x62 /usr/local/lib/gcc/m68k-elf/11/libgcc.a(fpgnulib.o)
 .debug_rnglists
                0x000000000000064f       0x22 /usr/local/lib/gcc/m68k-elf/11/libgcc.a(xfgnulib.o)

.debug_line_str
                0x0000000000000000      0x548
 .debug_line_str
                0x0000000000000000       0x70 /usr/local/m68k-elf/lib/libc.a(libc_a-memcpy.o)
 .debug_line_str