Archive member included to satisfy reference by file (symbol)

/usr/local/m68k-elf/lib/libc.a(libc_a-exit.o)
                              crt0.o (exit)
/usr/local/m68k-elf/lib/libc.a(libc_a-fdopen.o)
                              test3.o (fdopen)
/usr/local/m68k-elf/lib/libc.a(libc_a-findfp.o)
                              /usr/local/m68k-elf/lib/libc.a(libc_a-exit.o) (__stdio_exit_handler)
/usr/local/m68k-elf/lib/libc.a(libc_a-flags.o)
                              /usr/local/m68k-elf/lib/libc.a(libc_a-fdopen.o) (__sflags)
/usr/local/m68k-elf/lib/libc.a(libc_a-fprintf.o)
                              test3.o (fprintf)
/usr/local/m68k-elf/lib/libc.a(libc_a-fscanf.o)
                              test3.o (fscanf)
/usr/local/m68k-elf/lib/libc.a(libc_a-fwalk.o)
                              /usr/local/m68k-elf/lib/libc.a(libc_a-findfp.o) (_fwalk_sglue)
/usr/local/m68k-elf/lib/libc.a(libc_a-fwrite.o)
                              test3.o (fwrite)
/usr/local/m68k-elf/lib/libc.a(libc_a-stdio.o)
                              /usr/local/m68k-elf/lib/libc.a(libc_a-fdopen.o) (__sread)
/usr/local/m68k-elf/lib/libc.a(libc_a-closer.o)
                              /usr/local/m68k-elf/lib/libc.a(libc_a-stdio.o) (_close_r)
/usr/local/m68k-elf/lib/libc.a(libc_a-reent.o)
                              /usr/local/m68k-elf/lib/libc.a(libc_a-closer.o) (errno)
/usr/local/m68k-elf/lib/libc.a(libc_a-impure.o)
                              /usr/local/m68k-elf/lib/libc.a(libc_a-fdopen.o) (_impure_ptr)
/usr/local/m68k-elf/lib/libc.a(libc_a-lseekr.o)
                              /usr/local/m68k-elf/lib/libc.a(libc_a-stdio.o) (_lseek_r)
/usr/local/m68k-elf/lib/libc.a(libc_a-readr.o)
                              /usr/local/m68k-elf/lib/libc.a(libc_a-stdio.o) (_read_r)
/usr/local/m68k-elf/lib/libc.a(libc_a-writer.o)
                              /usr/local/m68k-elf/lib/libc.a(libc_a-stdio.o) (_write_r)
/usr/local/m68k-elf/lib/libc.a(libc_a-memset.o)
                              /usr/local/m68k-elf/lib/libc.a(libc_a-findfp.o) (memset)
/usr/local/m68k-elf/lib/libc.a(libc_a-__call_atexit.o)
                              /usr/local/m68k-elf/lib/libc.a(libc_a-exit.o) (__call_exitprocs)
/usr/local/m68k-elf/lib/libc.a(libc_a-freer.o)
                              /usr/local/m68k-elf/lib/libc.a(libc_a-reent.o) (_free_r)
/usr/local/m68k-elf/lib/libc.a(libc_a-mallocr.o)
                              /usr/local/m68k-elf/lib/libc.a(libc_a-findfp.o) (_malloc_r)
/usr/local/m68k-elf/lib/libc.a(libc_a-mlock.o)
                              /usr/local/m68k-elf/lib/libc.a(libc_a-freer.o) (__malloc_lock)
/usr/local/m68k-elf/lib/libc.a(libc_a-vfprintf.o)
                              /usr/local/m68k-elf/lib/libc.a(libc_a-fprintf.o) (_vfprintf_r)
/usr/local/m68k-elf/lib/libc.a(libc_a-vfiprintf.o)
                              /usr/local/m68k-elf/lib/libc.a(libc_a-vfprintf.o) (__sprint_r)
/usr/local/m68k-elf/lib/libc.a(libc_a-vfscanf.o)
                              /usr/local/m68k-elf/lib/libc.a(libc_a-fscanf.o) (_vfscanf_r)
/usr/local/m68k-elf/lib/libc.a(libc_a-fclose.o)
                              /usr/local/m68k-elf/lib/libc.a(libc_a-findfp.o) (_fclose_r)
/usr/local/m68k-elf/lib/libc.a(libc_a-fflush.o)
                              /usr/local/m68k-elf/lib/libc.a(libc_a-fclose.o) (__sflush_r)
/usr/local/m68k-elf/lib/libc.a(libc_a-fread.o)
                              /usr/local/m68k-elf/lib/libc.a(libc_a-vfscanf.o) (_fread_r)
/usr/local/m68k-elf/lib/libc.a(libc_a-fvwrite.o)
                              /usr/local/m68k-elf/lib/libc.a(libc_a-fwrite.o) (__sfvwrite_r)
/usr/local/m68k-elf/lib/libc.a(libc_a-refill.o)
                              /usr/local/m68k-elf/lib/libc.a(libc_a-vfscanf.o) (__srefill_r)
/usr/local/m68k-elf/lib/libc.a(libc_a-sccl.o)
                              /usr/local/m68k-elf/lib/libc.a(libc_a-vfscanf.o) (__sccl)
/usr/local/m68k-elf/lib/libc.a(libc_a-sprintf.o)
                              /usr/local/m68k-elf/lib/libc.a(libc_a-vfscanf.o) (sprintf)
/usr/local/m68k-elf/lib/libc.a(libc_a-ungetc.o)
                              /usr/local/m68k-elf/lib/libc.a(libc_a-vfscanf.o) (_ungetc_r)
/usr/local/m68k-elf/lib/libc.a(libc_a-wsetup.o)
                              /usr/local/m68k-elf/lib/libc.a(libc_a-vfprintf.o) (__swsetup_r)
/usr/local/m68k-elf/lib/libc.a(libc_a-fputwc.o)
                              /usr/local/m68k-elf/lib/libc.a(libc_a-vfiprintf.o) (_fputwc_r)
/usr/local/m68k-elf/lib/libc.a(libc_a-memchr.o)
                              /usr/local/m68k-elf/lib/libc.a(libc_a-vfprintf.o) (memchr)
/usr/local/m68k-elf/lib/libc.a(libc_a-memmove.o)
                              /usr/local/m68k-elf/lib/libc.a(libc_a-fvwrite.o) (memmove)
/usr/local/m68k-elf/lib/libc.a(libc_a-locale.o)
                              /usr/local/m68k-elf/lib/libc.a(libc_a-vfscanf.o) (__locale_mb_cur_max)
/usr/local/m68k-elf/lib/libc.a(libc_a-localeconv.o)
                              /usr/local/m68k-elf/lib/libc.a(libc_a-vfprintf.o) (_localeconv_r)
[...]
Memory Configuration

Name             Origin             Length             Attributes
ram              0x0000000000000000 0x0000000000040000 xrw
rom0             0x0000000000c00000 0x0000000000080000
device           0x0000000000fff000 0x0000000000001000
*default*        0x0000000000000000 0xffffffffffffffff

Linker script and memory map

LOAD crt0.o
LOAD mon.o
LOAD csys68k.o
LOAD inchrw.o
LOAD mtk_asm.o
LOAD mtk_c.o
LOAD outchr.o
LOAD test3.o
START GROUP
LOAD /usr/local/m68k-elf/lib/libidp.a
LOAD /usr/local/m68k-elf/lib/libc.a
LOAD /usr/local/lib/gcc/m68k-elf/11/libgcc.a
END GROUP
                0x0000000000000000                __DYNAMIC = 0x0
                0x000000000003fff0                PROVIDE (__stack = 0x3fff0)
                0x0000000000000000                PROVIDE (hardware_init_hook = 0x0)
                [!provide]                        PROVIDE (_hardware_init_hook = 0x0)
                0x0000000000000000                PROVIDE (software_init_hook = 0x0)
                [!provide]                        PROVIDE (_software_init_hook = 0x0)

.vector
 *(.vector)

.text           0x0000000000000400    0x140b7
                0x0000000000000400                __text_start = .
 *(.text)
 .text          0x0000000000000400       0x90 crt0.o
                0x000000000000043c                start
 .text          0x0000000000000490      0x498 mon.o
                0x0000000000000490                monitor_begin
 .text          0x0000000000000928      0x15e csys68k.o
                0x0000000000000928                read
                0x00000000000009fa                write
                0x0000000000000a74                fcntl
 *fill*         0x0000000000000a86        0x2 
 .text          0x0000000000000a88       0x42 inchrw.o
                0x0000000000000a88                inbyte
 *fill*         0x0000000000000aca        0x2 
 .text          0x0000000000000acc      0x130 mtk_asm.o
                0x0000000000000acc                first_task
                0x0000000000000aee                swtch
                0x0000000000000b34                hard_clock
                0x0000000000000b64                init_timer
                0x0000000000000b80                skipmt
                0x0000000000000b8e                P
                0x0000000000000ba6                V
                0x0000000000000bbe                pv_handler
 .text          0x0000000000000bfc      0x3ee mtk_c.o
                0x0000000000000bfc                init_kernel
                0x0000000000000c6e                set_task
                0x0000000000000d46                init_stack
                0x0000000000000d88                begin_sch
                0x0000000000000dbc                addq
                0x0000000000000e14                removeq
                0x0000000000000e34                sched
                0x0000000000000e62                sleep
                0x0000000000000f04                p_body
                0x0000000000000f2e                wakeup
                0x0000000000000fc0                v_body
 *fill*         0x0000000000000fea        0x2 
 .text          0x0000000000000fec       0x2c outchr.o
                0x0000000000000fec                outbyte
 .text          0x0000000000001018      0x6f4 test3.o
                0x0000000000001018                random_generator
                0x0000000000001066                player0
                0x0000000000001100                player1
                0x00000000000011a0                judgment
                0x000000000000156c                get_random
                0x0000000000001574                init_card
                0x0000000000001588                shuffle_card
                0x00000000000015cc                first_display_round
                0x00000000000016b4                mapping
 .text          0x000000000000170c       0x28 /usr/local/m68k-elf/lib/libc.a(libc_a-exit.o)
                0x000000000000170c                exit
 .text          0x0000000000001734      0x102 /usr/local/m68k-elf/lib/libc.a(libc_a-fdopen.o)
                0x0000000000001734                _fdopen_r
                0x00000000000017b4                fdopen
 *fill*         0x0000000000001836        0x2 
 .text          0x0000000000001838      0x362 /usr/local/m68k-elf/lib/libc.a(libc_a-findfp.o)
                0x0000000000001a38                __sfp
                0x0000000000001b46                __sinit
                0x0000000000001b66                __sfp_lock_acquire
                0x0000000000001b68                __sfp_lock_release
                0x0000000000001b6a                __fp_lock_all
                0x0000000000001b82                __fp_unlock_all
 *fill*         0x0000000000001b9a        0x2 
 .text          0x0000000000001b9c       0xaa /usr/local/m68k-elf/lib/libc.a(libc_a-flags.o)
                0x0000000000001b9c                __sflags
 *fill*         0x0000000000001c46        0x2 
 .text          0x0000000000001c48       0x46 /usr/local/m68k-elf/lib/libc.a(libc_a-fprintf.o)
                0x0000000000001c48                _fprintf_r
                0x0000000000001c6a                fprintf
 *fill*         0x0000000000001c8e        0x2 
 .text          0x0000000000001c90       0x46 /usr/local/m68k-elf/lib/libc.a(libc_a-fscanf.o)
                0x0000000000001c90                fscanf
                0x0000000000001cb4                _fscanf_r
 *fill*         0x0000000000001cd6        0x2 
 .text          0x0000000000001cd8       0x56 /usr/local/m68k-elf/lib/libc.a(libc_a-fwalk.o)
                0x0000000000001cd8                _fwalk_sglue
 *fill*         0x0000000000001d2e        0x2 
 .text          0x0000000000001d30      0x15e /usr/local/m68k-elf/lib/libc.a(libc_a-fwrite.o)
                0x0000000000001d30                _fwrite_r
                0x0000000000001dde                fwrite
 *fill*         0x0000000000001e8e        0x2 
 .text          0x0000000000001e90      0x114 /usr/local/m68k-elf/lib/libc.a(libc_a-stdio.o)
                0x0000000000001e90                __sread
                0x0000000000001ec8                __seofread
                0x0000000000001ecc                __swrite
                0x0000000000001f52                __sseek
                0x0000000000001f92                __sclose
 .text          0x0000000000001fa4       0x2a /usr/local/m68k-elf/lib/libc.a(libc_a-closer.o)
                0x0000000000001fa4                _close_r
 *fill*         0x0000000000001fce        0x2 
 .text          0x0000000000001fd0       0x92 /usr/local/m68k-elf/lib/libc.a(libc_a-reent.o)
                0x0000000000001fd0                _reclaim_reent
 *fill*         0x0000000000002062        0x2 
 .text          0x0000000000002064        0x0 /usr/local/m68k-elf/lib/libc.a(libc_a-impure.o)
 .text          0x0000000000002064       0x34 /usr/local/m68k-elf/lib/libc.a(libc_a-lseekr.o)
                0x0000000000002064                _lseek_r
 .text          0x0000000000002098       0x34 /usr/local/m68k-elf/lib/libc.a(libc_a-readr.o)
                0x0000000000002098                _read_r
 .text          0x00000000000020cc       0x34 /usr/local/m68k-elf/lib/libc.a(libc_a-writer.o)
                0x00000000000020cc                _write_r
 .text          0x0000000000002100       0x72 /usr/local/m68k-elf/lib/libc.a(libc_a-memset.o)
                0x0000000000002100                memset
 *fill*         0x0000000000002172        0x2 
 .text          0x0000000000002174       0xaa /usr/local/m68k-elf/lib/libc.a(libc_a-__call_atexit.o)
                0x0000000000002174                __call_exitprocs
 *fill*         0x000000000000221e        0x2 
 .text          0x0000000000002220      0x424 /usr/local/m68k-elf/lib/libc.a(libc_a-freer.o)
                0x0000000000002220                _malloc_trim_r
                0x00000000000022fa                _free_r
 .text          0x0000000000002644      0x85a /usr/local/m68k-elf/lib/libc.a(libc_a-mallocr.o)
                0x0000000000002644                _malloc_r
 *fill*         0x0000000000002e9e        0x2 
 .text          0x0000000000002ea0        0x4 /usr/local/m68k-elf/lib/libc.a(libc_a-mlock.o)
                0x0000000000002ea0                __malloc_lock
                0x0000000000002ea2                __malloc_unlock
 .text          0x0000000000002ea4     0x1e7c /usr/local/m68k-elf/lib/libc.a(libc_a-vfprintf.o)
                0x0000000000002ea4                _vfprintf_r
                0x0000000000004c62                vfprintf
 .text          0x0000000000004d20     0x11c4 /usr/local/m68k-elf/lib/libc.a(libc_a-vfiprintf.o)
                0x0000000000004dbc                __sprint_r
                0x0000000000004de6                _vfiprintf_r
                0x0000000000005e26                vfiprintf
 .text          0x0000000000005ee4     0x188c /usr/local/m68k-elf/lib/libc.a(libc_a-vfscanf.o)
                0x0000000000005ee4                __svfscanf_r
                0x00000000000076a8                vfscanf
                0x00000000000076fa                __svfscanf
                0x0000000000007716                _vfscanf_r
 .text          0x0000000000007770       0xea /usr/local/m68k-elf/lib/libc.a(libc_a-fclose.o)
                0x0000000000007770                _fclose_r
                0x0000000000007848                fclose
 *fill*         0x000000000000785a        0x2 
 .text          0x000000000000785c      0x296 /usr/local/m68k-elf/lib/libc.a(libc_a-fflush.o)
                0x000000000000785c                __sflush_r
                0x0000000000007a40                _fflush_r
                0x0000000000007a82                fflush
 *fill*         0x0000000000007af2        0x2 
 .text          0x0000000000007af4      0x1ee /usr/local/m68k-elf/lib/libc.a(libc_a-fread.o)
                0x0000000000007af4                _fread_r
                0x0000000000007cc2                fread
 *fill*         0x0000000000007ce2        0x2 
 .text          0x0000000000007ce4      0x3cc /usr/local/m68k-elf/lib/libc.a(libc_a-fvwrite.o)
                0x0000000000007ce4                __sfvwrite_r
 .text          0x00000000000080b0      0x1fc /usr/local/m68k-elf/lib/libc.a(libc_a-refill.o)
                0x00000000000080d8                __srefill_r
 .text          0x00000000000082ac       0xce /usr/local/m68k-elf/lib/libc.a(libc_a-sccl.o)
                0x00000000000082ac                __sccl
 *fill*         0x000000000000837a        0x2 
 .text          0x000000000000837c       0xa2 /usr/local/m68k-elf/lib/libc.a(libc_a-sprintf.o)
                0x000000000000837c                _sprintf_r
                0x00000000000083cc                sprintf
 *fill*         0x000000000000841e        0x2 
 .text          0x0000000000008420      0x1fe /usr/local/m68k-elf/lib/libc.a(libc_a-ungetc.o)
                0x0000000000008420                __submore
                0x00000000000084c2                _ungetc_r
                0x0000000000008606                ungetc
 *fill*         0x000000000000861e        0x2 
 .text          0x0000000000008620      0x12a /usr/local/m68k-elf/lib/libc.a(libc_a-wsetup.o)
                0x0000000000008620                __swsetup_r
 *fill*         0x000000000000874a        0x2 
 .text          0x000000000000874c      0x166 /usr/local/m68k-elf/lib/libc.a(libc_a-fputwc.o)
                0x000000000000874c                __fputwc
                0x000000000000882a                _fputwc_r
                0x000000000000885e                fputwc
 *fill*         0x00000000000088b2        0x2 
 .text          0x00000000000088b4       0x9c /usr/local/m68k-elf/lib/libc.a(libc_a-memchr.o)
                0x00000000000088b4                memchr
 .text          0x0000000000008950       0xfa /usr/local/m68k-elf/lib/libc.a(libc_a-memmove.o)
                0x0000000000008950                memmove
 *fill*         0x0000000000008a4a        0x2 
 .text          0x0000000000008a4c       0xb4 /usr/local/m68k-elf/lib/libc.a(libc_a-locale.o)
                0x0000000000008a4c                _setlocale_r
                0x0000000000008aa0                __locale_mb_cur_max
                0x0000000000008aac                setlocale
 .text          0x0000000000008b00       0x1c /usr/local/m68k-elf/lib/libc.a(libc_a-localeconv.o)
                0x0000000000008b00                __localeconv_l
                0x0000000000008b0c                _localeconv_r
                0x0000000000008b14                localeconv
 .text          0x0000000000008b1c       0x2a /usr/local/m68k-elf/lib/libc.a(libc_a-sbrkr.o)
                0x0000000000008b1c                _sbrk_r
 *fill*         0x0000000000008b46        0x2 
 .text          0x0000000000008b48       0x14 /usr/local/m68k-elf/lib/libc.a(libc_a-strlen.o)
                0x0000000000008b48                strlen
 .text          0x0000000000008b5c       0x6e /usr/local/m68k-elf/lib/libc.a(libc_a-memcpy.o)
                0x0000000000008b5c                memcpy
 *fill*         0x0000000000008bca        0x2 
 .text          0x0000000000008bcc        0x8 /usr/local/m68k-elf/lib/libc.a(libm_a-sf_nan.o)
                0x0000000000008bcc                nanf
 .text          0x0000000000008bd4     0x1ae0 /usr/local/m68k-elf/lib/libc.a(libc_a-dtoa.o)
                0x0000000000008d5c                _dtoa_r
 .text          0x000000000000a6b4       0x4c /usr/local/m68k-elf/lib/libc.a(libc_a-mbtowc_r.o)
                0x000000000000a6b4                _mbtowc_r
                0x000000000000a6bc                __ascii_mbtowc
 .text          0x000000000000a700      0xe1a /usr/local/m68k-elf/lib/libc.a(libc_a-mprec.o)
                0x000000000000a700                _Balloc
                0x000000000000a790                _Bfree
                0x000000000000a7b4                __multadd
                0x000000000000a8ae                __s2b
                0x000000000000a98a                __hi0bits
                0x000000000000a9e4                __lo0bits
                0x000000000000aa5a                __i2b
                0x000000000000aafe                __multiply
                0x000000000000ad0e                __pow5mult
                0x000000000000ae06                __lshift
                0x000000000000aef6                __mcmp
                0x000000000000af44                __mdiff
                0x000000000000b11a                __ulp
                0x000000000000b16c                __b2d
                0x000000000000b25e                __d2b
                0x000000000000b378                __ratio
                0x000000000000b410                _mprec_log10
                0x000000000000b46a                __copybits
                0x000000000000b4c0                __any_on
 *fill*         0x000000000000b51a        0x2 
 .text          0x000000000000b51c      0x61a /usr/local/m68k-elf/lib/libc.a(libc_a-reallocr.o)
                0x000000000000b51c                _realloc_r
 *fill*         0x000000000000bb36        0x2 
 .text          0x000000000000bb38     0x1980 /usr/local/m68k-elf/lib/libc.a(libc_a-strtod.o)
                0x000000000000bb38                _strtod_l
                0x000000000000d25e                _strtod_r
                0x000000000000d27a                strtod_l
                0x000000000000d296                strtod
                0x000000000000d2b4                strtof_l
                0x000000000000d3b0                strtof
 .text          0x000000000000d4b8      0x2ba /usr/local/m68k-elf/lib/libc.a(libc_a-strtol.o)
                0x000000000000d734                _strtol_r
                0x000000000000d738                strtol_l
                0x000000000000d756                strtol
 *fill*         0x000000000000d772        0x2 
 .text          0x000000000000d774      0x240 /usr/local/m68k-elf/lib/libc.a(libc_a-strtoul.o)
                0x000000000000d976                _strtoul_r
                0x000000000000d97a                strtoul_l
                0x000000000000d998                strtoul
 .text          0x000000000000d9b4       0x36 /usr/local/m68k-elf/lib/libc.a(libc_a-wctomb_r.o)
                0x000000000000d9b4                _wctomb_r
                0x000000000000d9bc                __ascii_wctomb
 *fill*         0x000000000000d9ea        0x2 
 .text          0x000000000000d9ec       0xc8 /usr/local/m68k-elf/lib/libc.a(libc_a-mbrtowc.o)
                0x000000000000d9ec                _mbrtowc_r
                0x000000000000da4e                mbrtowc
 .text          0x000000000000dab4       0xc8 /usr/local/m68k-elf/lib/libc.a(libc_a-wcrtomb.o)
                0x000000000000dab4                _wcrtomb_r
                0x000000000000db14                wcrtomb
 .text          0x000000000000db7c        0x0 /usr/local/m68k-elf/lib/libc.a(libc_a-ctype_.o)
 .text          0x000000000000db7c       0x10 /usr/local/m68k-elf/lib/libc.a(libc_a-iswspace.o)
                0x000000000000db7c                iswspace
 .text          0x000000000000db8c       0x26 /usr/local/m68k-elf/lib/libc.a(libc_a-iswspace_l.o)
                0x000000000000db8c                iswspace_l
 *fill*         0x000000000000dbb2        0x2 
 .text          0x000000000000dbb4     0x1db0 /usr/local/m68k-elf/lib/libc.a(libc_a-svfprintf.o)
                0x000000000000dbb4                _svfprintf_r
 .text          0x000000000000f964      0x1d2 /usr/local/m68k-elf/lib/libc.a(libc_a-makebuf.o)
                0x000000000000f964                __smakebuf_r
                0x000000000000fa9a                __swhatbuf_r
 *fill*         0x000000000000fb36        0x2 
 .text          0x000000000000fb38      0x12a /usr/local/m68k-elf/lib/libc.a(libc_a-wbuf.o)
                0x000000000000fb38                __swbuf_r
                0x000000000000fc4a                __swbuf
 *fill*         0x000000000000fc62        0x2 
 .text          0x000000000000fc64       0x6e /usr/local/m68k-elf/lib/libc.a(libc_a-strcmp.o)
                0x000000000000fc64                strcmp
 *fill*         0x000000000000fcd2        0x2 
 .text          0x000000000000fcd4       0xa4 /usr/local/m68k-elf/lib/libc.a(libc_a-strncmp.o)
                0x000000000000fcd4                strncmp
 .text          0x000000000000fd78       0x2e /usr/local/m68k-elf/lib/libc.a(libc_a-fstatr.o)
                0x000000000000fd78                _fstat_r
 *fill*         0x000000000000fda6        0x2 
 .text          0x000000000000fda8       0x2a /usr/local/m68k-elf/lib/libc.a(libc_a-isattyr.o)
                0x000000000000fda8                _isatty_r
 *fill*         0x000000000000fdd2        0x2 
 .text          0x000000000000fdd4        0x8 /usr/local/m68k-elf/lib/libc.a(libc_a-errno.o)
                0x000000000000fdd4                __errno
 .text          0x000000000000fddc        0xa /usr/local/m68k-elf/lib/libc.a(libm_a-s_nan.o)
                0x000000000000fddc                nan
 *fill*         0x000000000000fde6        0x2 
 .text          0x000000000000fde8       0x80 /usr/local/m68k-elf/lib/libc.a(libc_a-assert.o)
                0x000000000000fde8                __assert_func
                0x000000000000fe56                __assert
 .text          0x000000000000fe68      0x122 /usr/local/m68k-elf/lib/libc.a(libc_a-callocr.o)
                0x000000000000fe68                _calloc_r
 *fill*         0x000000000000ff8a        0x2 
 .text          0x000000000000ff8c      0x8d0 /usr/local/m68k-elf/lib/libc.a(libc_a-gdtoa-gethex.o)
                0x000000000001005a                __gethex
 .text          0x000000000001085c      0x268 /usr/local/m68k-elf/lib/libc.a(libc_a-gdtoa-hexnan.o)
                0x000000000001085c                __match
                0x00000000000108a2                __hexnan
 .text          0x0000000000010ac4       0x46 /usr/local/m68k-elf/lib/libc.a(libc_a-fiprintf.o)
                0x0000000000010ac4                _fiprintf_r
                0x0000000000010ae6                fiprintf
 *fill*         0x0000000000010b0a        0x2 
 .text          0x0000000000010b0c      0xe32 /usr/local/m68k-elf/lib/libc.a(libc_a-svfiprintf.o)
                0x0000000000010b0c                __ssprint_r
                0x0000000000010c6c                _svfiprintf_r
 *fill*         0x000000000001193e        0x2 
 .text          0x0000000000011940       0x14 /usr/local/m68k-elf/lib/libc.a(libc_a-abort.o)
                0x0000000000011940                abort
 .text          0x0000000000011954      0x390 /usr/local/m68k-elf/lib/libc.a(libc_a-signal.o)
                0x0000000000011954                _init_signal_r
                0x0000000000011996                _signal_r
                0x0000000000011a02                _raise_r
                0x0000000000011a86                __sigtramp_r
                0x0000000000011b18                raise
                0x0000000000011b9e                signal
                0x0000000000011c0c                _init_signal
                0x0000000000011c50                __sigtramp
 .text          0x0000000000011ce4       0x34 /usr/local/m68k-elf/lib/libc.a(libc_a-signalr.o)
                0x0000000000011ce4                _kill_r
                0x0000000000011d12                _getpid_r
 .text          0x0000000000011d18       0x22 /usr/local/lib/gcc/m68k-elf/11/libgcc.a(_mulsi3.o)
                0x0000000000011d18                __mulsi3
 *fill*         0x0000000000011d3a        0x2 
 .text          0x0000000000011d3c       0x5c /usr/local/lib/gcc/m68k-elf/11/libgcc.a(_udivsi3.o)
                0x0000000000011d3c                __udivsi3
 .text          0x0000000000011d98       0x2e /usr/local/lib/gcc/m68k-elf/11/libgcc.a(_divsi3.o)
                0x0000000000011d98                __divsi3
 *fill*         0x0000000000011dc6        0x2 
 .text          0x0000000000011dc8       0x2e /usr/local/lib/gcc/m68k-elf/11/libgcc.a(_umodsi3.o)
                0x0000000000011dc8                __umodsi3
 *fill*         0x0000000000011df6        0x2 
 .text          0x0000000000011df8       0x2e /usr/local/lib/gcc/m68k-elf/11/libgcc.a(_modsi3.o)
                0x0000000000011df8                __modsi3
 *fill*         0x0000000000011e26        0x2 
 .text          0x0000000000011e28      0x9cc /usr/local/lib/gcc/m68k-elf/11/libgcc.a(_double.o)
                0x0000000000011e82                __subdf3
                0x0000000000011e88                __adddf3
                0x000000000001221e                __muldf3
                0x00000000000123cc                __divdf3
                0x0000000000012640                __negdf2
                0x000000000001269e                __cmpdf2_internal
                0x000000000001276e                __cmpdf2
 .text          0x00000000000127f4       0x6a /usr/local/lib/gcc/m68k-elf/11/libgcc.a(_floatex.o)
                0x00000000000127f4                __clear_sticky_bit
                0x0000000000012802                $_exception_handler
 *fill*         0x000000000001285e        0x2 
 .text          0x0000000000012860       0x22 /usr/local/lib/gcc/m68k-elf/11/libgcc.a(_eqdf2.o)
                0x0000000000012860                __eqdf2
 *fill*         0x0000000000012882        0x2 
 .text          0x0000000000012884       0x22 /usr/local/lib/gcc/m68k-elf/11/libgcc.a(_nedf2.o)
                0x0000000000012884                __nedf2
 *fill*         0x00000000000128a6        0x2 
 .text          0x00000000000128a8       0x22 /usr/local/lib/gcc/m68k-elf/11/libgcc.a(_gtdf2.o)
                0x00000000000128a8                __gtdf2
 *fill*         0x00000000000128ca        0x2 
 .text          0x00000000000128cc       0x22 /usr/local/lib/gcc/m68k-elf/11/libgcc.a(_ltdf2.o)
                0x00000000000128cc                __ltdf2
 *fill*         0x00000000000128ee        0x2 
 .text          0x00000000000128f0       0x22 /usr/local/lib/gcc/m68k-elf/11/libgcc.a(_ledf2.o)
                0x00000000000128f0                __ledf2
 *fill*         0x0000000000012912        0x2 
 .text          0x0000000000012914       0x1a /usr/local/lib/gcc/m68k-elf/11/libgcc.a(_lesf2.o)
                0x0000000000012914                __lesf2
 *fill*         0x000000000001292e        0x2 
 .text          0x0000000000012930       0x66 /usr/local/lib/gcc/m68k-elf/11/libgcc.a(_fixunsdfsi.o)
                0x0000000000012930                __fixunsdfsi
 *fill*         0x0000000000012996        0x2 
 .text          0x0000000000012998       0x52 /usr/local/lib/gcc/m68k-elf/11/libgcc.a(_fixdfdi.o)
                0x0000000000012998                __fixdfdi
 *fill*         0x00000000000129ea        0x2 
 .text          0x00000000000129ec       0x72 /usr/local/lib/gcc/m68k-elf/11/libgcc.a(_fixunsdfdi.o)
                0x00000000000129ec                __fixunsdfdi
 *fill*         0x0000000000012a5e        0x2 
 .text          0x0000000000012a60       0x4a /usr/local/lib/gcc/m68k-elf/11/libgcc.a(_floatdidf.o)
                0x0000000000012a60                __floatdidf
 *fill*         0x0000000000012aaa        0x2 
 .text          0x0000000000012aac      0x53a /usr/local/lib/gcc/m68k-elf/11/libgcc.a(fpgnulib.o)
                0x0000000000012b5a                __unordsf2
                0x0000000000012bb0                __unorddf2
                0x0000000000012c20                __floatunsidf
                0x0000000000012c96                __floatsidf
                0x0000000000012caa                __floatunsisf
                0x0000000000012d24                __floatsisf
                0x0000000000012d40                __extendsfdf2
                0x0000000000012db4                __truncdfsf2
                0x0000000000012ec2                __fixdfsi
                0x0000000000012f52                __fixsfsi
 *fill*         0x0000000000012fe6        0x2 
 .text          0x0000000000012fe8      0x8c0 /usr/local/lib/gcc/m68k-elf/11/libgcc.a(xfgnulib.o)
                0x0000000000012fe8                __unordxf2
                0x0000000000013088                __extenddfxf2
                0x000000000001313c                __truncxfdf2
                0x0000000000013204                __extendsfxf2
                0x00000000000132be                __truncxfsf2
                0x00000000000133b8                __floatsixf
                0x00000000000133fe                __floatunsixf
                0x0000000000013444                __fixxfsi
                0x0000000000013466                __addxf3
                0x00000000000134dc                __subxf3
                0x0000000000013552                __mulxf3
                0x00000000000135c8                __divxf3
                0x000000000001363e                __negxf2
                0x0000000000013694                __cmpxf2
                0x00000000000136e0                __eqxf2
                0x000000000001372c                __nexf2
                0x0000000000013778                __ltxf2
                0x00000000000137c4                __lexf2
                0x0000000000013810                __gtxf2
                0x000000000001385c                __gexf2
 .text          0x00000000000138a8      0x72a /usr/local/lib/gcc/m68k-elf/11/libgcc.a(_float.o)
                0x00000000000138f0                __subsf3
                0x00000000000138f6                __addsf3
                0x0000000000013b84                __mulsf3
                0x0000000000013cb0                __divsf3
                0x0000000000013e76                __negsf2
                0x0000000000013ec8                __cmpsf2_internal
                0x0000000000013f64                __cmpsf2
 *fill*         0x0000000000013fd2        0x2 
 .text          0x0000000000013fd4       0x22 /usr/local/lib/gcc/m68k-elf/11/libgcc.a(_gedf2.o)
                0x0000000000013fd4                __gedf2
 *fill*         0x0000000000013ff6        0x2 
 .text          0x0000000000013ff8        0x4 /usr/local/m68k-elf/lib/libidp.a(close.o)
                0x0000000000013ff8                close
 .text          0x0000000000013ffc       0x14 /usr/local/m68k-elf/lib/libidp.a(fstat.o)
                0x0000000000013ffc                fstat
 .text          0x0000000000014010        0x4 /usr/local/m68k-elf/lib/libidp.a(getpid.o)
                0x0000000000014010                getpid
 .text          0x0000000000014014        0x4 /usr/local/m68k-elf/lib/libidp.a(isatty.o)
                0x0000000000014014                isatty
 .text          0x0000000000014018       0x16 /usr/local/m68k-elf/lib/libidp.a(kill.o)
                0x0000000000014018                kill
 *fill*         0x000000000001402e        0x2 
 .text          0x0000000000014030       0x10 /usr/local/m68k-elf/lib/libidp.a(lseek.o)
                0x0000000000014030                lseek
 .text          0x0000000000014040       0x2a /usr/local/m68k-elf/lib/libidp.a(sbrk.o)
                0x0000000000014040                sbrk
 *fill*         0x000000000001406a        0x2 
 .text          0x000000000001406c       0x12 /usr/local/m68k-elf/lib/libidp.a(mc68ec.o)
                0x000000000001406c                _exit
                0x0000000000014070                delay
                0x0000000000014080                . = ALIGN (0x4)
 *fill*         0x000000000001407e        0x2 
                0x0000000000014080                __CTOR_LIST__ = .
                0x0000000000014080                ___CTOR_LIST__ = .
                0x0000000000014080        0x4 LONG 0x0 (((__CTOR_END__ - __CTOR_LIST__) / 0x4) - 0x2)
 *(.ctors)
                0x0000000000014084        0x4 LONG 0x0
                0x0000000000014088                __CTOR_END__ = .
                0x0000000000014088                __DTOR_LIST__ = .
                0x0000000000014088                ___DTOR_LIST__ = .
                0x0000000000014088        0x4 LONG 0x0 (((__DTOR_END__ - __DTOR_LIST__) / 0x4) - 0x2)
 *(.dtors)
                0x000000000001408c        0x4 LONG 0x0
                0x0000000000014090                __DTOR_END__ = .
 *(.rodata)
 .rodata        0x0000000000014090       0x20 /usr/local/m68k-elf/lib/libc.a(libc_a-vfprintf.o)
 .rodata        0x00000000000140b0       0x20 /usr/local/m68k-elf/lib/libc.a(libc_a-vfiprintf.o)
 .rodata        0x00000000000140d0       0x22 /usr/local/m68k-elf/lib/libc.a(libc_a-vfscanf.o)
 .rodata        0x00000000000140f2      0x124 /usr/local/m68k-elf/lib/libc.a(libc_a-mprec.o)
                0x00000000000140fe                __mprec_tinytens
                0x0000000000014126                __mprec_bigtens
                0x000000000001414e                __mprec_tens
 .rodata        0x0000000000014216       0x50 /usr/local/m68k-elf/lib/libc.a(libc_a-strtod.o)
 .rodata        0x0000000000014266      0x101 /usr/local/m68k-elf/lib/libc.a(libc_a-ctype_.o)
                0x0000000000014266                _ctype_
 .rodata        0x0000000000014367       0x20 /usr/local/m68k-elf/lib/libc.a(libc_a-svfprintf.o)
 .rodata        0x0000000000014387      0x100 /usr/local/m68k-elf/lib/libc.a(libc_a-gdtoa-gethex.o)
                0x0000000000014387                __hexdig
 .rodata        0x0000000000014487       0x20 /usr/local/m68k-elf/lib/libc.a(libc_a-svfiprintf.o)
 *(.gcc_except_table)
                0x00000000000144a7                __INIT_SECTION__ = .
                0x00000000000144a7        0x4 LONG 0x4e560000
 *(.init)
                0x00000000000144ab        0x2 SHORT 0x4e5e
                0x00000000000144ad        0x2 SHORT 0x4e75
                0x00000000000144af                __FINI_SECTION__ = .
                0x00000000000144af        0x4 LONG 0x4e560000
 *(.fini)
                0x00000000000144b3        0x2 SHORT 0x4e5e
                0x00000000000144b5        0x2 SHORT 0x4e75
                0x00000000000144b7                _etext = .
 *(.lit)

.text.startup   0x00000000000144b8       0x7c
 .text.startup  0x00000000000144b8       0x7c test3.o
                0x00000000000144b8                main

.rodata.str1.1  0x0000000000014534      0x2f7
 .rodata.str1.1
                0x0000000000014534       0xd9 test3.o
 .rodata.str1.1
                0x000000000001460d       0x3b /usr/local/m68k-elf/lib/libc.a(libc_a-vfprintf.o)
 .rodata.str1.1
                0x0000000000014648       0x29 /usr/local/m68k-elf/lib/libc.a(libc_a-vfiprintf.o)
 .rodata.str1.1
                0x0000000000014671        0x6 /usr/local/m68k-elf/lib/libc.a(libc_a-vfscanf.o)
 .rodata.str1.1
                0x0000000000014677        0xb /usr/local/m68k-elf/lib/libc.a(libc_a-locale.o)
 .rodata.str1.1
                0x0000000000014682       0x59 /usr/local/m68k-elf/lib/libc.a(libc_a-dtoa.o)
 .rodata.str1.1
                0x00000000000146db       0x4b /usr/local/m68k-elf/lib/libc.a(libc_a-mprec.o)
 .rodata.str1.1
                0x0000000000014726        0xf /usr/local/m68k-elf/lib/libc.a(libc_a-strtod.o)
 .rodata.str1.1
                0x0000000000014735        0x1 /usr/local/m68k-elf/lib/libc.a(libc_a-mbrtowc.o)
 .rodata.str1.1
                0x0000000000014736       0x3b /usr/local/m68k-elf/lib/libc.a(libc_a-svfprintf.o)
 .rodata.str1.1
                0x0000000000014771       0x3d /usr/local/m68k-elf/lib/libc.a(libc_a-assert.o)
 .rodata.str1.1
                0x00000000000147ae       0x54 /usr/local/m68k-elf/lib/libc.a(libc_a-gdtoa-gethex.o)
 .rodata.str1.1
                0x0000000000014802       0x29 /usr/local/m68k-elf/lib/libc.a(libc_a-svfiprintf.o)

.data           0x000000000001482c      0xb28
 *(.shdata)
 *(.data)
 .data          0x000000000001482c        0x4 crt0.o
 .data          0x0000000000014830      0x45a mon.o
 *fill*         0x0000000000014c8a        0x2 
 .data          0x0000000000014c8c        0x0 csys68k.o
 .data          0x0000000000014c8c        0x2 inchrw.o
 *fill*         0x0000000000014c8e        0x2 
 .data          0x0000000000014c90        0x0 mtk_asm.o
 .data          0x0000000000014c90        0x0 mtk_c.o
 .data          0x0000000000014c90        0x2 outchr.o
 *fill*         0x0000000000014c92        0x2 
 .data          0x0000000000014c94        0x4 test3.o
                0x0000000000014c94                rand_counter
 .data          0x0000000000014c98        0x0 /usr/local/m68k-elf/lib/libc.a(libc_a-exit.o)
 .data          0x0000000000014c98        0x0 /usr/local/m68k-elf/lib/libc.a(libc_a-fdopen.o)
 .data          0x0000000000014c98        0xc /usr/local/m68k-elf/lib/libc.a(libc_a-findfp.o)
                0x0000000000014c98                __sglue
 .data          0x0000000000014ca4        0x0 /usr/local/m68k-elf/lib/libc.a(libc_a-flags.o)
 .data          0x0000000000014ca4        0x0 /usr/local/m68k-elf/lib/libc.a(libc_a-fprintf.o)
 .data          0x0000000000014ca4        0x0 /usr/local/m68k-elf/lib/libc.a(libc_a-fscanf.o)
 .data          0x0000000000014ca4        0x0 /usr/local/m68k-elf/lib/libc.a(libc_a-fwalk.o)
 .data          0x0000000000014ca4        0x0 /usr/local/m68k-elf/lib/libc.a(libc_a-fwrite.o)
 .data          0x0000000000014ca4        0x0 /usr/local/m68k-elf/lib/libc.a(libc_a-stdio.o)
 .data          0x0000000000014ca4        0x0 /usr/local/m68k-elf/lib/libc.a(libc_a-closer.o)
 .data          0x0000000000014ca4        0x0 /usr/local/m68k-elf/lib/libc.a(libc_a-reent.o)
 .data          0x0000000000014ca4      0x11a /usr/local/m68k-elf/lib/libc.a(libc_a-impure.o)
                0x0000000000014ca4                _impure_ptr
                0x0000000000014ca8                _impure_data
 *fill*         0x0000000000014dbe        0x2 
 .data          0x0000000000014dc0        0x0 /usr/local/m68k-elf/lib/libc.a(libc_a-lseekr.o)
 .data          0x0000000000014dc0        0x0 /usr/local/m68k-elf/lib/libc.a(libc_a-readr.o)
 .data          0x0000000000014dc0        0x0 /usr/local/m68k-elf/lib/libc.a(libc_a-writer.o)
 .data          0x0000000000014dc0        0x0 /usr/local/m68k-elf/lib/libc.a(libc_a-memset.o)
 .data          0x0000000000014dc0        0x0 /usr/local/m68k-elf/lib/libc.a(libc_a-__call_atexit.o)
 .data          0x0000000000014dc0        0x0 /usr/local/m68k-elf/lib/libc.a(libc_a-freer.o)
 .data          0x0000000000014dc0      0x410 /usr/local/m68k-elf/lib/libc.a(libc_a-mallocr.o)
                0x0000000000014dc0                __malloc_sbrk_base
                0x0000000000014dc4                __malloc_trim_threshold
                0x0000000000014dc8                __malloc_av_
 .data          0x00000000000151d0        0x0 /usr/local/m68k-elf/lib/libc.a(libc_a-mlock.o)
 .data          0x00000000000151d0        0x0 /usr/local/m68k-elf/lib/libc.a(libc_a-vfprintf.o)
 .data          0x00000000000151d0        0x0 /usr/local/m68k-elf/lib/libc.a(libc_a-vfiprintf.o)
 .data          0x00000000000151d0        0x0 /usr/local/m68k-elf/lib/libc.a(libc_a-vfscanf.o)
 .data          0x00000000000151d0        0x0 /usr/local/m68k-elf/lib/libc.a(libc_a-fclose.o)
 .data          0x00000000000151d0        0x0 /usr/local/m68k-elf/lib/libc.a(libc_a-fflush.o)
 .data          0x00000000000151d0        0x0 /usr/local/m68k-elf/lib/libc.a(libc_a-fread.o)
 .data          0x00000000000151d0        0x0 /usr/local/m68k-elf/lib/libc.a(libc_a-fvwrite.o)
 .data          0x00000000000151d0        0x0 /usr/local/m68k-elf/lib/libc.a(libc_a-refill.o)
 .data          0x00000000000151d0        0x0 /usr/local/m68k-elf/lib/libc.a(libc_a-sccl.o)
 .data          0x00000000000151d0        0x0 /usr/local/m68k-elf/lib/libc.a(libc_a-sprintf.o)
 .data          0x00000000000151d0        0x0 /usr/local/m68k-elf/lib/libc.a(libc_a-ungetc.o)
 .data          0x00000000000151d0        0x0 /usr/local/m68k-elf/lib/libc.a(libc_a-wsetup.o)
 .data          0x00000000000151d0        0x0 /usr/local/m68k-elf/lib/libc.a(libc_a-fputwc.o)
 .data          0x00000000000151d0        0x0 /usr/local/m68k-elf/lib/libc.a(libc_a-memchr.o)
 .data          0x00000000000151d0        0x0 /usr/local/m68k-elf/lib/libc.a(libc_a-memmove.o)
 .data          0x00000000000151d0      0x168 /usr/local/m68k-elf/lib/libc.a(libc_a-locale.o)
                0x00000000000151d0                __global_locale
 .data          0x0000000000015338        0x0 /usr/local/m68k-elf/lib/libc.a(libc_a-localeconv.o)
 .data          0x0000000000015338        0x0 /usr/local/m68k-elf/lib/libc.a(libc_a-sbrkr.o)
 .data          0x0000000000015338        0x0 /usr/local/m68k-elf/lib/libc.a(libc_a-strlen.o)
 .data          0x0000000000015338        0x0 /usr/local/m68k-elf/lib/libc.a(libc_a-memcpy.o)
 .data          0x0000000000015338        0x0 /usr/local/m68k-elf/lib/libc.a(libm_a-sf_nan.o)
 .data          0x0000000000015338        0x0 /usr/local/m68k-elf/lib/libc.a(libc_a-dtoa.o)
 .data          0x0000000000015338        0x0 /usr/local/m68k-elf/lib/libc.a(libc_a-mbtowc_r.o)
 .data          0x0000000000015338        0x0 /usr/local/m68k-elf/lib/libc.a(libc_a-mprec.o)
 .data          0x0000000000015338        0x0 /usr/local/m68k-elf/lib/libc.a(libc_a-reallocr.o)
 .data          0x0000000000015338        0x0 /usr/local/m68k-elf/lib/libc.a(libc_a-strtod.o)
 .data          0x0000000000015338        0x0 /usr/local/m68k-elf/lib/libc.a(libc_a-strtol.o)
 .data          0x0000000000015338        0x0 /usr/local/m68k-elf/lib/libc.a(libc_a-strtoul.o)
 .data          0x0000000000015338        0x0 /usr/local/m68k-elf/lib/libc.a(libc_a-wctomb_r.o)
 .data          0x0000000000015338        0x0 /usr/local/m68k-elf/lib/libc.a(libc_a-mbrtowc.o)
 .data          0x0000000000015338        0x0 /usr/local/m68k-elf/lib/libc.a(libc_a-wcrtomb.o)
 .data          0x0000000000015338        0x0 /usr/local/m68k-elf/lib/libc.a(libc_a-ctype_.o)
 .data          0x0000000000015338        0x0 /usr/local/m68k-elf/lib/libc.a(libc_a-iswspace.o)
 .data          0x0000000000015338        0x0 /usr/local/m68k-elf/lib/libc.a(libc_a-iswspace_l.o)
 .data          0x0000000000015338        0x0 /usr/local/m68k-elf/lib/libc.a(libc_a-svfprintf.o)
 .data          0x0000000000015338        0x0 /usr/local/m68k-elf/lib/libc.a(libc_a-makebuf.o)
 .data          0x0000000000015338        0x0 /usr/local/m68k-elf/lib/libc.a(libc_a-wbuf.o)
 .data          0x0000000000015338        0x0 /usr/local/m68k-elf/lib/libc.a(libc_a-strcmp.o)
 .data          0x0000000000015338        0x0 /usr/local/m68k-elf/lib/libc.a(libc_a-strncmp.o)
 .data          0x0000000000015338        0x0 /usr/local/m68k-elf/lib/libc.a(libc_a-fstatr.o)
 .data          0x0000000000015338        0x0 /usr/local/m68k-elf/lib/libc.a(libc_a-isattyr.o)
 .data          0x0000000000015338        0x0 /usr/local/m68k-elf/lib/libc.a(libc_a-errno.o)
 .data          0x0000000000015338        0x0 /usr/local/m68k-elf/lib/libc.a(libm_a-s_nan.o)
 .data          0x0000000000015338        0x0 /usr/local/m68k-elf/lib/libc.a(libc_a-assert.o)
 .data          0x0000000000015338        0x0 /usr/local/m68k-elf/lib/libc.a(libc_a-callocr.o)
 .data          0x0000000000015338        0x0 /usr/local/m68k-elf/lib/libc.a(libc_a-gdtoa-gethex.o)
 .data          0x0000000000015338        0x0 /usr/local/m68k-elf/lib/libc.a(libc_a-gdtoa-hexnan.o)
 .data          0x0000000000015338        0x0 /usr/local/m68k-elf/lib/libc.a(libc_a-fiprintf.o)
 .data          0x0000000000015338        0x0 /usr/local/m68k-elf/lib/libc.a(libc_a-svfiprintf.o)
 .data          0x0000000000015338        0x0 /usr/local/m68k-elf/lib/libc.a(libc_a-abort.o)
 .data          0x0000000000015338        0x0 /usr/local/m68k-elf/lib/libc.a(libc_a-signal.o)
 .data          0x0000000000015338        0x0 /usr/local/m68k-elf/lib/libc.a(libc_a-signalr.o)
 .data          0x0000000000015338        0x0 /usr/local/lib/gcc/m68k-elf/11/libgcc.a(_mulsi3.o)
 .data          0x0000000000015338        0x0 /usr/local/lib/gcc/m68k-elf/11/libgcc.a(_udivsi3.o)
 .data          0x0000000000015338        0x0 /usr/local/lib/gcc/m68k-elf/11/libgcc.a(_divsi3.o)
 .data          0x0000000000015338        0x0 /usr/local/lib/gcc/m68k-elf/11/libgcc.a(_umodsi3.o)
 .data          0x0000000000015338        0x0 /usr/local/lib/gcc/m68k-elf/11/libgcc.a(_modsi3.o)
 .data          0x0000000000015338        0x0 /usr/local/lib/gcc/m68k-elf/11/libgcc.a(_double.o)
 .data          0x0000000000015338       0x1c /usr/local/lib/gcc/m68k-elf/11/libgcc.a(_floatex.o)
                0x0000000000015338                _fpCCR
 .data          0x0000000000015354        0x0 /usr/local/lib/gcc/m68k-elf/11/libgcc.a(_eqdf2.o)
 .data          0x0000000000015354        0x0 /usr/local/lib/gcc/m68k-elf/11/libgcc.a(_nedf2.o)
 .data          0x0000000000015354        0x0 /usr/local/lib/gcc/m68k-elf/11/libgcc.a(_gtdf2.o)
 .data          0x0000000000015354        0x0 /usr/local/lib/gcc/m68k-elf/11/libgcc.a(_ltdf2.o)
 .data          0x0000000000015354        0x0 /usr/local/lib/gcc/m68k-elf/11/libgcc.a(_ledf2.o)
 .data          0x0000000000015354        0x0 /usr/local/lib/gcc/m68k-elf/11/libgcc.a(_lesf2.o)
 .data          0x0000000000015354        0x0 /usr/local/lib/gcc/m68k-elf/11/libgcc.a(_fixunsdfsi.o)
 .data          0x0000000000015354        0x0 /usr/local/lib/gcc/m68k-elf/11/libgcc.a(_fixdfdi.o)
 .data          0x0000000000015354        0x0 /usr/local/lib/gcc/m68k-elf/11/libgcc.a(_fixunsdfdi.o)
 .data          0x0000000000015354        0x0 /usr/local/lib/gcc/m68k-elf/11/libgcc.a(_floatdidf.o)
 .data          0x0000000000015354        0x0 /usr/local/lib/gcc/m68k-elf/11/libgcc.a(fpgnulib.o)
 .data          0x0000000000015354        0x0 /usr/local/lib/gcc/m68k-elf/11/libgcc.a(xfgnulib.o)
 .data          0x0000000000015354        0x0 /usr/local/lib/gcc/m68k-elf/11/libgcc.a(_float.o)
 .data          0x0000000000015354        0x0 /usr/local/lib/gcc/m68k-elf/11/libgcc.a(_gedf2.o)
 .data          0x0000000000015354        0x0 /usr/local/m68k-elf/lib/libidp.a(close.o)
 .data          0x0000000000015354        0x0 /usr/local/m68k-elf/lib/libidp.a(fstat.o)
 .data          0x0000000000015354        0x0 /usr/local/m68k-elf/lib/libidp.a(getpid.o)
 .data          0x0000000000015354        0x0 /usr/local/m68k-elf/lib/libidp.a(isatty.o)
 .data          0x0000000000015354        0x0 /usr/local/m68k-elf/lib/libidp.a(kill.o)
 .data          0x0000000000015354        0x0 /usr/local/m68k-elf/lib/libidp.a(lseek.o)
 .data          0x0000000000015354        0x0 /usr/local/m68k-elf/lib/libidp.a(sbrk.o)
 .data          0x0000000000015354        0x0 /usr/local/m68k-elf/lib/libidp.a(mc68ec.o)
                0x0000000000015354                _edata = .

.bss            0x0000000000015354    0x131fc
                0x0000000000015354                . = ALIGN (0x4)
                0x0000000000015354                __bss_start = .
 *(.shbss)
 *(.bss)
 .bss           0x0000000000015354        0x0 crt0.o
 .bss           0x0000000000015354     0x8104 mon.o
 .bss           0x000000000001d458        0x0 csys68k.o
 .bss           0x000000000001d458     0x4324 inchrw.o
 .bss           0x000000000002177c        0x0 mtk_asm.o
 .bss           0x000000000002177c     0x28d4 mtk_c.o
                0x000000000002177c                com1out
                0x0000000000021780                com1in
                0x0000000000021784                com0out
                0x0000000000021788                com0in
                0x000000000002178c                stacks
                0x0000000000023f8c                task_tab
                0x0000000000024004                semaphore
                0x0000000000024040                ready
                0x0000000000024044                next_task
                0x0000000000024048                new_task
                0x000000000002404c                curr_task
 .bss           0x0000000000024050     0x4324 outchr.o
 .bss           0x0000000000028374       0x5c test3.o
                0x0000000000028374                flg1
                0x0000000000028378                flg0
                0x000000000002837c                winner
                0x0000000000028380                is_finish
                0x0000000000028384                guess2
                0x0000000000028388                guess1
                0x000000000002838c                score2
                0x0000000000028390                score1
                0x0000000000028394                top_index
                0x0000000000028398                round_count
                0x000000000002839c                cards
 .bss           0x00000000000283d0        0x0 /usr/local/m68k-elf/lib/libc.a(libc_a-exit.o)
 .bss           0x00000000000283d0        0x0 /usr/local/m68k-elf/lib/libc.a(libc_a-fdopen.o)
 .bss           0x00000000000283d0      0x13c /usr/local/m68k-elf/lib/libc.a(libc_a-findfp.o)
                0x00000000000283d0                __sf
                0x0000000000028508                __stdio_exit_handler
 .bss           0x000000000002850c        0x0 /usr/local/m68k-elf/lib/libc.a(libc_a-flags.o)
 .bss           0x000000000002850c        0x0 /usr/local/m68k-elf/lib/libc.a(libc_a-fprintf.o)
 .bss           0x000000000002850c        0x0 /usr/local/m68k-elf/lib/libc.a(libc_a-fscanf.o)
 .bss           0x000000000002850c        0x0 /usr/local/m68k-elf/lib/libc.a(libc_a-fwalk.o)
 .bss           0x000000000002850c        0x0 /usr/local/m68k-elf/lib/libc.a(libc_a-fwrite.o)
 .bss           0x000000000002850c        0x0 /usr/local/m68k-elf/lib/libc.a(libc_a-stdio.o)
 .bss           0x000000000002850c        0x0 /usr/local/m68k-elf/lib/libc.a(libc_a-closer.o)
 .bss           0x000000000002850c        0x4 /usr/local/m68k-elf/lib/libc.a(libc_a-reent.o)
                0x000000000002850c                errno
 .bss           0x0000000000028510        0x0 /usr/local/m68k-elf/lib/libc.a(libc_a-impure.o)
 .bss           0x0000000000028510        0x0 /usr/local/m68k-elf/lib/libc.a(libc_a-lseekr.o)
 .bss           0x0000000000028510        0x0 /usr/local/m68k-elf/lib/libc.a(libc_a-readr.o)
 .bss           0x0000000000028510        0x0 /usr/local/m68k-elf/lib/libc.a(libc_a-writer.o)
 .bss           0x0000000000028510        0x0 /usr/local/m68k-elf/lib/libc.a(libc_a-memset.o)
 .bss           0x0000000000028510        0x4 /usr/local/m68k-elf/lib/libc.a(libc_a-__call_atexit.o)
                0x0000000000028510                __atexit
 .bss           0x0000000000028514        0x0 /usr/local/m68k-elf/lib/libc.a(libc_a-freer.o)
 .bss           0x0000000000028514       0x34 /usr/local/m68k-elf/lib/libc.a(libc_a-mallocr.o)
                0x0000000000028514                __malloc_current_mallinfo
                0x000000000002853c                __malloc_max_total_mem
                0x0000000000028540                __malloc_max_sbrked_mem
                0x0000000000028544                __malloc_top_pad
 .bss           0x0000000000028548        0x0 /usr/local/m68k-elf/lib/libc.a(libc_a-mlock.o)
 .bss           0x0000000000028548        0x0 /usr/local/m68k-elf/lib/libc.a(libc_a-vfprintf.o)
 .bss           0x0000000000028548        0x0 /usr/local/m68k-elf/lib/libc.a(libc_a-vfiprintf.o)
 .bss           0x0000000000028548        0x0 /usr/local/m68k-elf/lib/libc.a(libc_a-vfscanf.o)
 .bss           0x0000000000028548        0x0 /usr/local/m68k-elf/lib/libc.a(libc_a-fclose.o)
 .bss           0x0000000000028548        0x0 /usr/local/m68k-elf/lib/libc.a(libc_a-fflush.o)
 .bss           0x0000000000028548        0x0 /usr/local/m68k-elf/lib/libc.a(libc_a-fread.o)
 .bss           0x0000000000028548        0x0 /usr/local/m68k-elf/lib/libc.a(libc_a-fvwrite.o)
 .bss           0x0000000000028548        0x0 /usr/local/m68k-elf/lib/libc.a(libc_a-refill.o)
 .bss           0x0000000000028548        0x0 /usr/local/m68k-elf/lib/libc.a(libc_a-sccl.o)
 .bss           0x0000000000028548        0x0 /usr/local/m68k-elf/lib/libc.a(libc_a-sprintf.o)
 .bss           0x0000000000028548        0x0 /usr/local/m68k-elf/lib/libc.a(libc_a-ungetc.o)
 .bss           0x0000000000028548        0x0 /usr/local/m68k-elf/lib/libc.a(libc_a-wsetup.o)
 .bss           0x0000000000028548        0x0 /usr/local/m68k-elf/lib/libc.a(libc_a-fputwc.o)
 .bss           0x0000000000028548        0x0 /usr/local/m68k-elf/lib/libc.a(libc_a-memchr.o)
 .bss           0x0000000000028548        0x0 /usr/local/m68k-elf/lib/libc.a(libc_a-memmove.o)
 .bss           0x0000000000028548        0x4 /usr/local/m68k-elf/lib/libc.a(libc_a-locale.o)
                0x0000000000028548                _PathLocale
 .bss           0x000000000002854c        0x0 /usr/local/m68k-elf/lib/libc.a(libc_a-localeconv.o)
 .bss           0x000000000002854c        0x0 /usr/local/m68k-elf/lib/libc.a(libc_a-sbrkr.o)
 .bss           0x000000000002854c        0x0 /usr/local/m68k-elf/lib/libc.a(libc_a-strlen.o)
 .bss           0x000000000002854c        0x0 /usr/local/m68k-elf/lib/libc.a(libc_a-memcpy.o)
 .bss           0x000000000002854c        0x0 /usr/local/m68k-elf/lib/libc.a(libm_a-sf_nan.o)
 .bss           0x000000000002854c        0x0 /usr/local/m68k-elf/lib/libc.a(libc_a-dtoa.o)
 .bss           0x000000000002854c        0x0 /usr/local/m68k-elf/lib/libc.a(libc_a-mbtowc_r.o)
 .bss           0x000000000002854c        0x0 /usr/local/m68k-elf/lib/libc.a(libc_a-mprec.o)
 .bss           0x000000000002854c        0x0 /usr/local/m68k-elf/lib/libc.a(libc_a-reallocr.o)
 .bss           0x000000000002854c        0x0 /usr/local/m68k-elf/lib/libc.a(libc_a-strtod.o)
 .bss           0x000000000002854c        0x0 /usr/local/m68k-elf/lib/libc.a(libc_a-strtol.o)
 .bss           0x000000000002854c        0x0 /usr/local/m68k-elf/lib/libc.a(libc_a-strtoul.o)
 .bss           0x000000000002854c        0x0 /usr/local/m68k-elf/lib/libc.a(libc_a-wctomb_r.o)
 .bss           0x000000000002854c        0x0 /usr/local/m68k-elf/lib/libc.a(libc_a-mbrtowc.o)
 .bss           0x000000000002854c        0x0 /usr/local/m68k-elf/lib/libc.a(libc_a-wcrtomb.o)
 .bss           0x000000000002854c        0x0 /usr/local/m68k-elf/lib/libc.a(libc_a-ctype_.o)
 .bss           0x000000000002854c        0x0 /usr/local/m68k-elf/lib/libc.a(libc_a-iswspace.o)
 .bss           0x000000000002854c        0x0 /usr/local/m68k-elf/lib/libc.a(libc_a-iswspace_l.o)
 .bss           0x000000000002854c        0x0 /usr/local/m68k-elf/lib/libc.a(libc_a-svfprintf.o)
 .bss           0x000000000002854c        0x0 /usr/local/m68k-elf/lib/libc.a(libc_a-makebuf.o)
 .bss           0x000000000002854c        0x0 /usr/local/m68k-elf/lib/libc.a(libc_a-wbuf.o)
 .bss           0x000000000002854c        0x0 /usr/local/m68k-elf/lib/libc.a(libc_a-strcmp.o)
 .bss           0x000000000002854c        0x0 /usr/local/m68k-elf/lib/libc.a(libc_a-strncmp.o)
 .bss           0x000000000002854c        0x0 /usr/local/m68k-elf/lib/libc.a(libc_a-fstatr.o)
 .bss           0x000000000002854c        0x0 /usr/local/m68k-elf/lib/libc.a(libc_a-isattyr.o)
 .bss           0x000000000002854c        0x0 /usr/local/m68k-elf/lib/libc.a(libc_a-errno.o)
 .bss           0x000000000002854c        0x0 /usr/local/m68k-elf/lib/libc.a(libm_a-s_nan.o)
 .bss           0x000000000002854c        0x0 /usr/local/m68k-elf/lib/libc.a(libc_a-assert.o)
 .bss           0x000000000002854c        0x0 /usr/local/m68k-elf/lib/libc.a(libc_a-callocr.o)
 .bss           0x000000000002854c        0x0 /usr/local/m68k-elf/lib/libc.a(libc_a-gdtoa-gethex.o)
 .bss           0x000000000002854c        0x0 /usr/local/m68k-elf/lib/libc.a(libc_a-gdtoa-hexnan.o)
 .bss           0x000000000002854c        0x0 /usr/local/m68k-elf/lib/libc.a(libc_a-fiprintf.o)
 .bss           0x000000000002854c        0x0 /usr/local/m68k-elf/lib/libc.a(libc_a-svfiprintf.o)
 .bss           0x000000000002854c        0x0 /usr/local/m68k-elf/lib/libc.a(libc_a-abort.o)
 .bss           0x000000000002854c        0x0 /usr/local/m68k-elf/lib/libc.a(libc_a-signal.o)
 .bss           0x000000000002854c        0x0 /usr/local/m68k-elf/lib/libc.a(libc_a-signalr.o)
 .bss           0x000000000002854c        0x0 /usr/local/lib/gcc/m68k-elf/11/libgcc.a(_mulsi3.o)
 .bss           0x000000000002854c        0x0 /usr/local/lib/gcc/m68k-elf/11/libgcc.a(_udivsi3.o)
 .bss           0x000000000002854c        0x0 /usr/local/lib/gcc/m68k-elf/11/libgcc.a(_divsi3.o)
 .bss           0x000000000002854c        0x0 /usr/local/lib/gcc/m68k-elf/11/libgcc.a(_umodsi3.o)
 .bss           0x000000000002854c        0x0 /usr/local/lib/gcc/m68k-elf/11/libgcc.a(_modsi3.o)
 .bss           0x000000000002854c        0x0 /usr/local/lib/gcc/m68k-elf/11/libgcc.a(_double.o)
 .bss           0x000000000002854c        0x0 /usr/local/lib/gcc/m68k-elf/11/libgcc.a(_floatex.o)
 .bss           0x000000000002854c        0x0 /usr/local/lib/gcc/m68k-elf/11/libgcc.a(_eqdf2.o)
 .bss           0x000000000002854c        0x0 /usr/local/lib/gcc/m68k-elf/11/libgcc.a(_nedf2.o)
 .bss           0x000000000002854c        0x0 /usr/local/lib/gcc/m68k-elf/11/libgcc.a(_gtdf2.o)
 .bss           0x000000000002854c        0x0 /usr/local/lib/gcc/m68k-elf/11/libgcc.a(_ltdf2.o)
 .bss           0x000000000002854c        0x0 /usr/local/lib/gcc/m68k-elf/11/libgcc.a(_ledf2.o)
 .bss           0x000000000002854c        0x0 /usr/local/lib/gcc/m68k-elf/11/libgcc.a(_lesf2.o)
 .bss           0x000000000002854c        0x0 /usr/local/lib/gcc/m68k-elf/11/libgcc.a(_fixunsdfsi.o)
 .bss           0x000000000002854c        0x0 /usr/local/lib/gcc/m68k-elf/11/libgcc.a(_fixdfdi.o)
 .bss           0x000000000002854c        0x0 /usr/local/lib/gcc/m68k-elf/11/libgcc.a(_fixunsdfdi.o)
 .bss           0x000000000002854c        0x0 /usr/local/lib/gcc/m68k-elf/11/libgcc.a(_floatdidf.o)
 .bss           0x000000000002854c        0x0 /usr/local/lib/gcc/m68k-elf/11/libgcc.a(fpgnulib.o)
 .bss           0x000000000002854c        0x0 /usr/local/lib/gcc/m68k-elf/11/libgcc.a(xfgnulib.o)
 .bss           0x000000000002854c        0x0 /usr/local/lib/gcc/m68k-elf/11/libgcc.a(_float.o)
 .bss           0x000000000002854c        0x0 /usr/local/lib/gcc/m68k-elf/11/libgcc.a(_gedf2.o)
 .bss           0x000000000002854c        0x0 /usr/local/m68k-elf/lib/libidp.a(close.o)
 .bss           0x000000000002854c        0x0 /usr/local/m68k-elf/lib/libidp.a(fstat.o)
 .bss           0x000000000002854c        0x0 /usr/local/m68k-elf/lib/libidp.a(getpid.o)
 .bss           0x000000000002854c        0x0 /usr/local/m68k-elf/lib/libidp.a(isatty.o)
 .bss           0x000000000002854c        0x0 /usr/local/m68k-elf/lib/libidp.a(kill.o)
 .bss           0x000000000002854c        0x0 /usr/local/m68k-elf/lib/libidp.a(lseek.o)
 .bss           0x000000000002854c        0x4 /usr/local/m68k-elf/lib/libidp.a(sbrk.o)
                0x000000000002854c                heap_ptr
 .bss           0x0000000000028550        0x0 /usr/local/m68k-elf/lib/libidp.a(mc68ec.o)
 *(COMMON)
                0x0000000000028550                _end = ALIGN (0x8)
                0x0000000000028550                __end = _end

.stab
 *(.stab)

.stabstr
 *(.stabstr)
OUTPUT(test3.hex srec)

.debug_info     0x0000000000000000    0x2c621
 .debug_info    0x0000000000000000      0x22d csys68k.o
 .debug_info    0x000000000000022d      0xeab mtk_c.o
 .debug_info    0x00000000000010d8      0xddb test3.o
 .debug_info    0x0000000000001eb3       0xee /usr/local/m68k-elf/lib/libc.a(libc_a-exit.o)
 .debug_info    0x0000000000001fa1      0x934 /usr/local/m68k-elf/lib/libc.a(libc_a-fdopen.o)
 .debug_info    0x00000000000028d5      0xdee /usr/local/m68k-elf/lib/libc.a(libc_a-findfp.o)
 .debug_info    0x00000000000036c3      0x777 /usr/local/m68k-elf/lib/libc.a(libc_a-flags.o)
 .debug_info    0x0000000000003e3a      0x839 /usr/local/m68k-elf/lib/libc.a(libc_a-fprintf.o)
 .debug_info    0x0000000000004673      0x839 /usr/local/m68k-elf/lib/libc.a(libc_a-fscanf.o)
 .debug_info    0x0000000000004eac      0x7d6 /usr/local/m68k-elf/lib/libc.a(libc_a-fwalk.o)
 .debug_info    0x0000000000005682      0xa10 /usr/local/m68k-elf/lib/libc.a(libc_a-fwrite.o)
 .debug_info    0x0000000000006092      0x9ff /usr/local/m68k-elf/lib/libc.a(libc_a-stdio.o)
 .debug_info    0x0000000000006a91      0x764 /usr/local/m68k-elf/lib/libc.a(libc_a-closer.o)
 .debug_info    0x00000000000071f5      0x7bb /usr/local/m68k-elf/lib/libc.a(libc_a-reent.o)
 .debug_info    0x00000000000079b0      0x735 /usr/local/m68k-elf/lib/libc.a(libc_a-impure.o)
 .debug_info    0x00000000000080e5      0x7a3 /usr/local/m68k-elf/lib/libc.a(libc_a-lseekr.o)
 .debug_info    0x0000000000008888      0x796 /usr/local/m68k-elf/lib/libc.a(libc_a-readr.o)
 .debug_info    0x000000000000901e      0x79c /usr/local/m68k-elf/lib/libc.a(libc_a-writer.o)
 .debug_info    0x00000000000097ba       0x24 /usr/local/m68k-elf/lib/libc.a(libc_a-memset.o)
 .debug_info    0x00000000000097de      0x21b /usr/local/m68k-elf/lib/libc.a(libc_a-__call_atexit.o)
 .debug_info    0x00000000000099f9      0xac7 /usr/local/m68k-elf/lib/libc.a(libc_a-freer.o)
 .debug_info    0x000000000000a4c0      0xc29 /usr/local/m68k-elf/lib/libc.a(libc_a-mallocr.o)
 .debug_info    0x000000000000b0e9      0x747 /usr/local/m68k-elf/lib/libc.a(libc_a-mlock.o)
 .debug_info    0x000000000000b830     0x158a /usr/local/m68k-elf/lib/libc.a(libc_a-vfprintf.o)
 .debug_info    0x000000000000cdba     0x164c /usr/local/m68k-elf/lib/libc.a(libc_a-vfiprintf.o)
 .debug_info    0x000000000000e406     0x149c /usr/local/m68k-elf/lib/libc.a(libc_a-vfscanf.o)
 .debug_info    0x000000000000f8a2      0x897 /usr/local/m68k-elf/lib/libc.a(libc_a-fclose.o)
 .debug_info    0x0000000000010139      0x9ca /usr/local/m68k-elf/lib/libc.a(libc_a-fflush.o)
 .debug_info    0x0000000000010b03      0x99f /usr/local/m68k-elf/lib/libc.a(libc_a-fread.o)
 .debug_info    0x00000000000114a2      0xa3c /usr/local/m68k-elf/lib/libc.a(libc_a-fvwrite.o)
 .debug_info    0x0000000000011ede      0x931 /usr/local/m68k-elf/lib/libc.a(libc_a-refill.o)
 .debug_info    0x000000000001280f      0x10b /usr/local/m68k-elf/lib/libc.a(libc_a-sccl.o)
 .debug_info    0x000000000001291a      0x85d /usr/local/m68k-elf/lib/libc.a(libc_a-sprintf.o)
 .debug_info    0x0000000000013177      0x8e4 /usr/local/m68k-elf/lib/libc.a(libc_a-ungetc.o)
 .debug_info    0x0000000000013a5b      0x7b9 /usr/local/m68k-elf/lib/libc.a(libc_a-wsetup.o)
 .debug_info    0x0000000000014214      0x9e8 /usr/local/m68k-elf/lib/libc.a(libc_a-fputwc.o)
 .debug_info    0x0000000000014bfc      0x142 /usr/local/m68k-elf/lib/libc.a(libc_a-memchr.o)
 .debug_info    0x0000000000014d3e      0x144 /usr/local/m68k-elf/lib/libc.a(libc_a-memmove.o)
 .debug_info    0x0000000000014e82      0xbc8 /usr/local/m68k-elf/lib/libc.a(libc_a-locale.o)
 .debug_info    0x0000000000015a4a      0xa2e /usr/local/m68k-elf/lib/libc.a(libc_a-localeconv.o)
 .debug_info    0x0000000000016478      0x783 /usr/local/m68k-elf/lib/libc.a(libc_a-sbrkr.o)
 .debug_info    0x0000000000016bfb       0xdb /usr/local/m68k-elf/lib/libc.a(libc_a-strlen.o)
 .debug_info    0x0000000000016cd6       0x24 /usr/local/m68k-elf/lib/libc.a(libc_a-memcpy.o)
 .debug_info    0x0000000000016cfa       0xca /usr/local/m68k-elf/lib/libc.a(libm_a-sf_nan.o)
 .debug_info    0x0000000000016dc4     0x156f /usr/local/m68k-elf/lib/libc.a(libc_a-dtoa.o)
 .debug_info    0x0000000000018333      0xaa2 /usr/local/m68k-elf/lib/libc.a(libc_a-mbtowc_r.o)
 .debug_info    0x0000000000018dd5     0x1b9d /usr/local/m68k-elf/lib/libc.a(libc_a-mprec.o)
 .debug_info    0x000000000001a972      0xb69 /usr/local/m68k-elf/lib/libc.a(libc_a-reallocr.o)
 .debug_info    0x000000000001b4db     0x1b8f /usr/local/m68k-elf/lib/libc.a(libc_a-strtod.o)
 .debug_info    0x000000000001d06a      0xd78 /usr/local/m68k-elf/lib/libc.a(libc_a-strtol.o)
 .debug_info    0x000000000001dde2      0xcc1 /usr/local/m68k-elf/lib/libc.a(libc_a-strtoul.o)
 .debug_info    0x000000000001eaa3      0xa63 /usr/local/m68k-elf/lib/libc.a(libc_a-wctomb_r.o)
 .debug_info    0x000000000001f506      0xa8a /usr/local/m68k-elf/lib/libc.a(libc_a-mbrtowc.o)
 .debug_info    0x000000000001ff90      0xab8 /usr/local/m68k-elf/lib/libc.a(libc_a-wcrtomb.o)
 .debug_info    0x0000000000020a48       0xb9 /usr/local/m68k-elf/lib/libc.a(libc_a-ctype_.o)
 .debug_info    0x0000000000020b01       0xd9 /usr/local/m68k-elf/lib/libc.a(libc_a-iswspace.o)
 .debug_info    0x0000000000020bda      0x9b7 /usr/local/m68k-elf/lib/libc.a(libc_a-iswspace_l.o)
 .debug_info    0x0000000000021591     0x1402 /usr/local/m68k-elf/lib/libc.a(libc_a-svfprintf.o)
 .debug_info    0x0000000000022993      0xbcc /usr/local/m68k-elf/lib/libc.a(libc_a-makebuf.o)
 .debug_info    0x000000000002355f      0x830 /usr/local/m68k-elf/lib/libc.a(libc_a-wbuf.o)
 .debug_info    0x0000000000023d8f       0xeb /usr/local/m68k-elf/lib/libc.a(libc_a-strcmp.o)
 .debug_info    0x0000000000023e7a      0x108 /usr/local/m68k-elf/lib/libc.a(libc_a-strncmp.o)
 .debug_info    0x0000000000023f82      0x977 /usr/local/m68k-elf/lib/libc.a(libc_a-fstatr.o)
 .debug_info    0x00000000000248f9      0x764 /usr/local/m68k-elf/lib/libc.a(libc_a-isattyr.o)
 .debug_info    0x000000000002505d      0x71b /usr/local/m68k-elf/lib/libc.a(libc_a-errno.o)
 .debug_info    0x0000000000025778       0xce /usr/local/m68k-elf/lib/libc.a(libm_a-s_nan.o)
 .debug_info    0x0000000000025846      0x7ef /usr/local/m68k-elf/lib/libc.a(libc_a-assert.o)
 .debug_info    0x0000000000026035      0x8a6 /usr/local/m68k-elf/lib/libc.a(libc_a-callocr.o)
 .debug_info    0x00000000000268db     0x10ec /usr/local/m68k-elf/lib/libc.a(libc_a-gdtoa-gethex.o)
 .debug_info    0x00000000000279c7      0x3c1 /usr/local/m68k-elf/lib/libc.a(libc_a-gdtoa-hexnan.o)
 .debug_info    0x0000000000027d88      0x830 /usr/local/m68k-elf/lib/libc.a(libc_a-fiprintf.o)
 .debug_info    0x00000000000285b8      0xfd3 /usr/local/m68k-elf/lib/libc.a(libc_a-svfiprintf.o)
 .debug_info    0x000000000002958b       0xc8 /usr/local/m68k-elf/lib/libc.a(libc_a-abort.o)
 .debug_info    0x0000000000029653      0xc54 /usr/local/m68k-elf/lib/libc.a(libc_a-signal.o)
 .debug_info    0x000000000002a2a7      0x7da /usr/local/m68k-elf/lib/libc.a(libc_a-signalr.o)
 .debug_info    0x000000000002aa81       0x24 /usr/local/lib/gcc/m68k-elf/11/libgcc.a(_mulsi3.o)
 .debug_info    0x000000000002aaa5       0x24 /usr/local/lib/gcc/m68k-elf/11/libgcc.a(_udivsi3.o)
 .debug_info    0x000000000002aac9       0x24 /usr/local/lib/gcc/m68k-elf/11/libgcc.a(_divsi3.o)
 .debug_info    0x000000000002aaed       0x24 /usr/local/lib/gcc/m68k-elf/11/libgcc.a(_umodsi3.o)
 .debug_info    0x000000000002ab11       0x24 /usr/local/lib/gcc/m68k-elf/11/libgcc.a(_modsi3.o)
 .debug_info    0x000000000002ab35       0x25 /usr/local/lib/gcc/m68k-elf/11/libgcc.a(_double.o)
 .debug_info    0x000000000002ab5a       0x24 /usr/local/lib/gcc/m68k-elf/11/libgcc.a(_floatex.o)
 .debug_info    0x000000000002ab7e       0x24 /usr/local/lib/gcc/m68k-elf/11/libgcc.a(_eqdf2.o)
 .debug_info    0x000000000002aba2       0x24 /usr/local/lib/gcc/m68k-elf/11/libgcc.a(_nedf2.o)
 .debug_info    0x000000000002abc6       0x24 /usr/local/lib/gcc/m68k-elf/11/libgcc.a(_gtdf2.o)
 .debug_info    0x000000000002abea       0x24 /usr/local/lib/gcc/m68k-elf/11/libgcc.a(_ltdf2.o)
 .debug_info    0x000000000002ac0e       0x24 /usr/local/lib/gcc/m68k-elf/11/libgcc.a(_ledf2.o)
 .debug_info    0x000000000002ac32       0x24 /usr/local/lib/gcc/m68k-elf/11/libgcc.a(_lesf2.o)
 .debug_info    0x000000000002ac56      0x128 /usr/local/lib/gcc/m68k-elf/11/libgcc.a(_fixunsdfsi.o)
 .debug_info    0x000000000002ad7e      0x124 /usr/local/lib/gcc/m68k-elf/11/libgcc.a(_fixdfdi.o)
 .debug_info    0x000000000002aea2      0x156 /usr/local/lib/gcc/m68k-elf/11/libgcc.a(_fixunsdfdi.o)
 .debug_info    0x000000000002aff8      0x14f /usr/local/lib/gcc/m68k-elf/11/libgcc.a(_floatdidf.o)
 .debug_info    0x000000000002b147      0x5bf /usr/local/lib/gcc/m68k-elf/11/libgcc.a(fpgnulib.o)
 .debug_info    0x000000000002b706      0x7d0 /usr/local/lib/gcc/m68k-elf/11/libgcc.a(xfgnulib.o)
 .debug_info    0x000000000002bed6       0x25 /usr/local/lib/gcc/m68k-elf/11/libgcc.a(_float.o)
 .debug_info    0x000000000002befb       0x24 /usr/local/lib/gcc/m68k-elf/11/libgcc.a(_gedf2.o)
 .debug_info    0x000000000002bf1f       0x5e /usr/local/m68k-elf/lib/libidp.a(close.o)
 .debug_info    0x000000000002bf7d      0x2b9 /usr/local/m68k-elf/lib/libidp.a(fstat.o)
 .debug_info    0x000000000002c236       0x4b /usr/local/m68k-elf/lib/libidp.a(getpid.o)
 .debug_info    0x000000000002c281       0x5e /usr/local/m68k-elf/lib/libidp.a(isatty.o)
 .debug_info    0x000000000002c2df       0x9b /usr/local/m68k-elf/lib/libidp.a(kill.o)
 .debug_info    0x000000000002c37a       0xfb /usr/local/m68k-elf/lib/libidp.a(lseek.o)
 .debug_info    0x000000000002c475       0xe4 /usr/local/m68k-elf/lib/libidp.a(sbrk.o)
 .debug_info    0x000000000002c559       0xc8 /usr/local/m68k-elf/lib/libidp.a(mc68ec.o)

.debug_abbrev   0x0000000000000000     0xb1e5
 .debug_abbrev  0x0000000000000000       0xf4 csys68k.o
 .debug_abbrev  0x00000000000000f4      0x3cb mtk_c.o
 .debug_abbrev  0x00000000000004bf      0x39e test3.o
 .debug_abbrev  0x000000000000085d       0xbe /usr/local/m68k-elf/lib/libc.a(libc_a-exit.o)
 .debug_abbrev  0x000000000000091b      0x28d /usr/local/m68k-elf/lib/libc.a(libc_a-fdopen.o)
 .debug_abbrev  0x0000000000000ba8      0x425 /usr/local/m68k-elf/lib/libc.a(libc_a-findfp.o)
 .debug_abbrev  0x0000000000000fcd      0x1d5 /usr/local/m68k-elf/lib/libc.a(libc_a-flags.o)
 .debug_abbrev  0x00000000000011a2      0x228 /usr/local/m68k-elf/lib/libc.a(libc_a-fprintf.o)
 .debug_abbrev  0x00000000000013ca      0x228 /usr/local/m68k-elf/lib/libc.a(libc_a-fscanf.o)
 .debug_abbrev  0x00000000000015f2      0x1d6 /usr/local/m68k-elf/lib/libc.a(libc_a-fwalk.o)
 .debug_abbrev  0x00000000000017c8      0x2cf /usr/local/m68k-elf/lib/libc.a(libc_a-fwrite.o)
 .debug_abbrev  0x0000000000001a97      0x243 /usr/local/m68k-elf/lib/libc.a(libc_a-stdio.o)
 .debug_abbrev  0x0000000000001cda      0x1e0 /usr/local/m68k-elf/lib/libc.a(libc_a-closer.o)
 .debug_abbrev  0x0000000000001eba      0x208 /usr/local/m68k-elf/lib/libc.a(libc_a-reent.o)
 .debug_abbrev  0x00000000000020c2      0x185 /usr/local/m68k-elf/lib/libc.a(libc_a-impure.o)
 .debug_abbrev  0x0000000000002247      0x1f1 /usr/local/m68k-elf/lib/libc.a(libc_a-lseekr.o)
 .debug_abbrev  0x0000000000002438      0x1e0 /usr/local/m68k-elf/lib/libc.a(libc_a-readr.o)
 .debug_abbrev  0x0000000000002618      0x1e5 /usr/local/m68k-elf/lib/libc.a(libc_a-writer.o)
 .debug_abbrev  0x00000000000027fd       0x14 /usr/local/m68k-elf/lib/libc.a(libc_a-memset.o)
 .debug_abbrev  0x0000000000002811      0x154 /usr/local/m68k-elf/lib/libc.a(libc_a-__call_atexit.o)
 .debug_abbrev  0x0000000000002965      0x274 /usr/local/m68k-elf/lib/libc.a(libc_a-freer.o)
 .debug_abbrev  0x0000000000002bd9      0x2b7 /usr/local/m68k-elf/lib/libc.a(libc_a-mallocr.o)
 .debug_abbrev  0x0000000000002e90      0x1ce /usr/local/m68k-elf/lib/libc.a(libc_a-mlock.o)
 .debug_abbrev  0x000000000000305e      0x482 /usr/local/m68k-elf/lib/libc.a(libc_a-vfprintf.o)
 .debug_abbrev  0x00000000000034e0      0x46c /usr/local/m68k-elf/lib/libc.a(libc_a-vfiprintf.o)
 .debug_abbrev  0x000000000000394c      0x44c /usr/local/m68k-elf/lib/libc.a(libc_a-vfscanf.o)
 .debug_abbrev  0x0000000000003d98      0x2c1 /usr/local/m68k-elf/lib/libc.a(libc_a-fclose.o)
 .debug_abbrev  0x0000000000004059      0x311 /usr/local/m68k-elf/lib/libc.a(libc_a-fflush.o)
 .debug_abbrev  0x000000000000436a      0x299 /usr/local/m68k-elf/lib/libc.a(libc_a-fread.o)
 .debug_abbrev  0x0000000000004603      0x241 /usr/local/m68k-elf/lib/libc.a(libc_a-fvwrite.o)
 .debug_abbrev  0x0000000000004844      0x2a7 /usr/local/m68k-elf/lib/libc.a(libc_a-refill.o)
 .debug_abbrev  0x0000000000004aeb       0xaa /usr/local/m68k-elf/lib/libc.a(libc_a-sccl.o)
 .debug_abbrev  0x0000000000004b95      0x23b /usr/local/m68k-elf/lib/libc.a(libc_a-sprintf.o)
 .debug_abbrev  0x0000000000004dd0      0x297 /usr/local/m68k-elf/lib/libc.a(libc_a-ungetc.o)
 .debug_abbrev  0x0000000000005067      0x1fe /usr/local/m68k-elf/lib/libc.a(libc_a-wsetup.o)
 .debug_abbrev  0x0000000000005265      0x34a /usr/local/m68k-elf/lib/libc.a(libc_a-fputwc.o)
 .debug_abbrev  0x00000000000055af       0xd4 /usr/local/m68k-elf/lib/libc.a(libc_a-memchr.o)
 .debug_abbrev  0x0000000000005683       0xc3 /usr/local/m68k-elf/lib/libc.a(libc_a-memmove.o)
 .debug_abbrev  0x0000000000005746      0x2e5 /usr/local/m68k-elf/lib/libc.a(libc_a-locale.o)
 .debug_abbrev  0x0000000000005a2b      0x264 /usr/local/m68k-elf/lib/libc.a(libc_a-localeconv.o)
 .debug_abbrev  0x0000000000005c8f      0x1f3 /usr/local/m68k-elf/lib/libc.a(libc_a-sbrkr.o)
 .debug_abbrev  0x0000000000005e82       0x8a /usr/local/m68k-elf/lib/libc.a(libc_a-strlen.o)
 .debug_abbrev  0x0000000000005f0c       0x14 /usr/local/m68k-elf/lib/libc.a(libc_a-memcpy.o)
 .debug_abbrev  0x0000000000005f20       0x77 /usr/local/m68k-elf/lib/libc.a(libm_a-sf_nan.o)
 .debug_abbrev  0x0000000000005f97      0x365 /usr/local/m68k-elf/lib/libc.a(libc_a-dtoa.o)
 .debug_abbrev  0x00000000000062fc      0x252 /usr/local/m68k-elf/lib/libc.a(libc_a-mbtowc_r.o)
 .debug_abbrev  0x000000000000654e      0x527 /usr/local/m68k-elf/lib/libc.a(libc_a-mprec.o)
 .debug_abbrev  0x0000000000006a75      0x256 /usr/local/m68k-elf/lib/libc.a(libc_a-reallocr.o)
 .debug_abbrev  0x0000000000006ccb      0x52e /usr/local/m68k-elf/lib/libc.a(libc_a-strtod.o)
 .debug_abbrev  0x00000000000071f9      0x330 /usr/local/m68k-elf/lib/libc.a(libc_a-strtol.o)
 .debug_abbrev  0x0000000000007529      0x2f3 /usr/local/m68k-elf/lib/libc.a(libc_a-strtoul.o)
 .debug_abbrev  0x000000000000781c      0x226 /usr/local/m68k-elf/lib/libc.a(libc_a-wctomb_r.o)
 .debug_abbrev  0x0000000000007a42      0x21d /usr/local/m68k-elf/lib/libc.a(libc_a-mbrtowc.o)
 .debug_abbrev  0x0000000000007c5f      0x233 /usr/local/m68k-elf/lib/libc.a(libc_a-wcrtomb.o)
 .debug_abbrev  0x0000000000007e92       0x62 /usr/local/m68k-elf/lib/libc.a(libc_a-ctype_.o)
 .debug_abbrev  0x0000000000007ef4       0xad /usr/local/m68k-elf/lib/libc.a(libc_a-iswspace.o)
 .debug_abbrev  0x0000000000007fa1      0x1db /usr/local/m68k-elf/lib/libc.a(libc_a-iswspace_l.o)
 .debug_abbrev  0x000000000000817c      0x3de /usr/local/m68k-elf/lib/libc.a(libc_a-svfprintf.o)
 .debug_abbrev  0x000000000000855a      0x2ad /usr/local/m68k-elf/lib/libc.a(libc_a-makebuf.o)
 .debug_abbrev  0x0000000000008807      0x25a /usr/local/m68k-elf/lib/libc.a(libc_a-wbuf.o)
 .debug_abbrev  0x0000000000008a61       0x83 /usr/local/m68k-elf/lib/libc.a(libc_a-strcmp.o)
 .debug_abbrev  0x0000000000008ae4       0x92 /usr/local/m68k-elf/lib/libc.a(libc_a-strncmp.o)
 .debug_abbrev  0x0000000000008b76      0x1f0 /usr/local/m68k-elf/lib/libc.a(libc_a-fstatr.o)
 .debug_abbrev  0x0000000000008d66      0x1e0 /usr/local/m68k-elf/lib/libc.a(libc_a-isattyr.o)
 .debug_abbrev  0x0000000000008f46      0x19a /usr/local/m68k-elf/lib/libc.a(libc_a-errno.o)
 .debug_abbrev  0x00000000000090e0       0x77 /usr/local/m68k-elf/lib/libc.a(libm_a-s_nan.o)
 .debug_abbrev  0x0000000000009157      0x206 /usr/local/m68k-elf/lib/libc.a(libc_a-assert.o)
 .debug_abbrev  0x000000000000935d      0x238 /usr/local/m68k-elf/lib/libc.a(libc_a-callocr.o)
 .debug_abbrev  0x0000000000009595      0x3e8 /usr/local/m68k-elf/lib/libc.a(libc_a-gdtoa-gethex.o)
 .debug_abbrev  0x000000000000997d      0x1c8 /usr/local/m68k-elf/lib/libc.a(libc_a-gdtoa-hexnan.o)
 .debug_abbrev  0x0000000000009b45      0x221 /usr/local/m68k-elf/lib/libc.a(libc_a-fiprintf.o)
 .debug_abbrev  0x0000000000009d66      0x311 /usr/local/m68k-elf/lib/libc.a(libc_a-svfiprintf.o)
 .debug_abbrev  0x000000000000a077       0x85 /usr/local/m68k-elf/lib/libc.a(libc_a-abort.o)
 .debug_abbrev  0x000000000000a0fc      0x2f9 /usr/local/m68k-elf/lib/libc.a(libc_a-signal.o)
 .debug_abbrev  0x000000000000a3f5      0x22d /usr/local/m68k-elf/lib/libc.a(libc_a-signalr.o)
 .debug_abbrev  0x000000000000a622       0x14 /usr/local/lib/gcc/m68k-elf/11/libgcc.a(_mulsi3.o)
 .debug_abbrev  0x000000000000a636       0x14 /usr/local/lib/gcc/m68k-elf/11/libgcc.a(_udivsi3.o)
 .debug_abbrev  0x000000000000a64a       0x14 /usr/local/lib/gcc/m68k-elf/11/libgcc.a(_divsi3.o)
 .debug_abbrev  0x000000000000a65e       0x14 /usr/local/lib/gcc/m68k-elf/11/libgcc.a(_umodsi3.o)
 .debug_abbrev  0x000000000000a672       0x14 /usr/local/lib/gcc/m68k-elf/11/libgcc.a(_modsi3.o)
 .debug_abbrev  0x000000000000a686       0x14 /usr/local/lib/gcc/m68k-elf/11/libgcc.a(_double.o)
 .debug_abbrev  0x000000000000a69a       0x14 /usr/local/lib/gcc/m68k-elf/11/libgcc.a(_floatex.o)
 .debug_abbrev  0x000000000000a6ae       0x14 /usr/local/lib/gcc/m68k-elf/11/libgcc.a(_eqdf2.o)
 .debug_abbrev  0x000000000000a6c2       0x14 /usr/local/lib/gcc/m68k-elf/11/libgcc.a(_nedf2.o)
 .debug_abbrev  0x000000000000a6d6       0x14 /usr/local/lib/gcc/m68k-elf/11/libgcc.a(_gtdf2.o)
 .debug_abbrev  0x000000000000a6ea       0x14 /usr/local/lib/gcc/m68k-elf/11/libgcc.a(_ltdf2.o)
 .debug_abbrev  0x000000000000a6fe       0x14 /usr/local/lib/gcc/m68k-elf/11/libgcc.a(_ledf2.o)
 .debug_abbrev  0x000000000000a712       0x14 /usr/local/lib/gcc/m68k-elf/11/libgcc.a(_lesf2.o)
 .debug_abbrev  0x000000000000a726       0x7e /usr/local/lib/gcc/m68k-elf/11/libgcc.a(_fixunsdfsi.o)
 .debug_abbrev  0x000000000000a7a4       0xa8 /usr/local/lib/gcc/m68k-elf/11/libgcc.a(_fixdfdi.o)
 .debug_abbrev  0x000000000000a84c       0xa5 /usr/local/lib/gcc/m68k-elf/11/libgcc.a(_fixunsdfdi.o)
 .debug_abbrev  0x000000000000a8f1       0x92 /usr/local/lib/gcc/m68k-elf/11/libgcc.a(_floatdidf.o)
 .debug_abbrev  0x000000000000a983      0x25f /usr/local/lib/gcc/m68k-elf/11/libgcc.a(fpgnulib.o)
 .debug_abbrev  0x000000000000abe2      0x1e3 /usr/local/lib/gcc/m68k-elf/11/libgcc.a(xfgnulib.o)
 .debug_abbrev  0x000000000000adc5       0x14 /usr/local/lib/gcc/m68k-elf/11/libgcc.a(_float.o)
 .debug_abbrev  0x000000000000add9       0x14 /usr/local/lib/gcc/m68k-elf/11/libgcc.a(_gedf2.o)
 .debug_abbrev  0x000000000000aded       0x58 /usr/local/m68k-elf/lib/libidp.a(close.o)
 .debug_abbrev  0x000000000000ae45       0xa6 /usr/local/m68k-elf/lib/libidp.a(fstat.o)
 .debug_abbrev  0x000000000000aeeb       0x45 /usr/local/m68k-elf/lib/libidp.a(getpid.o)
 .debug_abbrev  0x000000000000af30       0x58 /usr/local/m68k-elf/lib/libidp.a(isatty.o)
 .debug_abbrev  0x000000000000af88       0x99 /usr/local/m68k-elf/lib/libidp.a(kill.o)
 .debug_abbrev  0x000000000000b021       0x9e /usr/local/m68k-elf/lib/libidp.a(lseek.o)
 .debug_abbrev  0x000000000000b0bf       0xa5 /usr/local/m68k-elf/lib/libidp.a(sbrk.o)
 .debug_abbrev  0x000000000000b164       0x81 /usr/local/m68k-elf/lib/libidp.a(mc68ec.o)

.debug_loclists
                0x0000000000000000    0x16dd2
 .debug_loclists
                0x0000000000000000      0x130 csys68k.o
 .debug_loclists
                0x0000000000000130      0x434 mtk_c.o
 .debug_loclists
                0x0000000000000564       0xbd test3.o
 .debug_loclists
                0x0000000000000621      0x15e /usr/local/m68k-elf/lib/libc.a(libc_a-fdopen.o)
 .debug_loclists
                0x000000000000077f      0x19a /usr/local/m68k-elf/lib/libc.a(libc_a-findfp.o)
 .debug_loclists
                0x0000000000000919       0xcb /usr/local/m68k-elf/lib/libc.a(libc_a-flags.o)
 .debug_loclists
                0x00000000000009e4       0xc1 /usr/local/m68k-elf/lib/libc.a(libc_a-fprintf.o)
 .debug_loclists
                0x0000000000000aa5       0xc1 /usr/local/m68k-elf/lib/libc.a(libc_a-fscanf.o)
 .debug_loclists
                0x0000000000000b66       0x62 /usr/local/m68k-elf/lib/libc.a(libc_a-fwalk.o)
 .debug_loclists
                0x0000000000000bc8      0x374 /usr/local/m68k-elf/lib/libc.a(libc_a-fwrite.o)
 .debug_loclists
                0x0000000000000f3c       0x92 /usr/local/m68k-elf/lib/libc.a(libc_a-stdio.o)
 .debug_loclists
                0x0000000000000fce       0x14 /usr/local/m68k-elf/lib/libc.a(libc_a-closer.o)
 .debug_loclists
                0x0000000000000fe2       0x23 /usr/local/m68k-elf/lib/libc.a(libc_a-reent.o)
 .debug_loclists
                0x0000000000001005       0x14 /usr/local/m68k-elf/lib/libc.a(libc_a-lseekr.o)
 .debug_loclists
                0x0000000000001019       0x14 /usr/local/m68k-elf/lib/libc.a(libc_a-readr.o)
 .debug_loclists
                0x000000000000102d       0x14 /usr/local/m68k-elf/lib/libc.a(libc_a-writer.o)
 .debug_loclists
                0x0000000000001041       0xb1 /usr/local/m68k-elf/lib/libc.a(libc_a-__call_atexit.o)
 .debug_loclists
                0x00000000000010f2      0x3eb /usr/local/m68k-elf/lib/libc.a(libc_a-freer.o)
 .debug_loclists
                0x00000000000014dd      0x9b7 /usr/local/m68k-elf/lib/libc.a(libc_a-mallocr.o)
 .debug_loclists
                0x0000000000001e94     0x2748 /usr/local/m68k-elf/lib/libc.a(libc_a-vfprintf.o)
 .debug_loclists
                0x00000000000045dc     0x1c2f /usr/local/m68k-elf/lib/libc.a(libc_a-vfiprintf.o)
 .debug_loclists
                0x000000000000620b     0x1ed3 /usr/local/m68k-elf/lib/libc.a(libc_a-vfscanf.o)
 .debug_loclists
                0x00000000000080de       0x6c /usr/local/m68k-elf/lib/libc.a(libc_a-fclose.o)
 .debug_loclists
                0x000000000000814a      0x17d /usr/local/m68k-elf/lib/libc.a(libc_a-fflush.o)
 .debug_loclists
                0x00000000000082c7      0x1b8 /usr/local/m68k-elf/lib/libc.a(libc_a-fread.o)
 .debug_loclists
                0x000000000000847f      0x3e1 /usr/local/m68k-elf/lib/libc.a(libc_a-fvwrite.o)
 .debug_loclists
                0x0000000000008860       0x90 /usr/local/m68k-elf/lib/libc.a(libc_a-refill.o)
 .debug_loclists
                0x00000000000088f0      0x19e /usr/local/m68k-elf/lib/libc.a(libc_a-sccl.o)
 .debug_loclists
                0x0000000000008a8e       0xa1 /usr/local/m68k-elf/lib/libc.a(libc_a-sprintf.o)
 .debug_loclists
                0x0000000000008b2f      0x119 /usr/local/m68k-elf/lib/libc.a(libc_a-ungetc.o)
 .debug_loclists
                0x0000000000008c48       0x1d /usr/local/m68k-elf/lib/libc.a(libc_a-wsetup.o)
 .debug_loclists
                0x0000000000008c65      0x198 /usr/local/m68k-elf/lib/libc.a(libc_a-fputwc.o)
 .debug_loclists
                0x0000000000008dfd       0xe3 /usr/local/m68k-elf/lib/libc.a(libc_a-memchr.o)
 .debug_loclists
                0x0000000000008ee0      0x2be /usr/local/m68k-elf/lib/libc.a(libc_a-memmove.o)
 .debug_loclists
                0x000000000000919e       0x56 /usr/local/m68k-elf/lib/libc.a(libc_a-locale.o)
 .debug_loclists
                0x00000000000091f4       0x21 /usr/local/m68k-elf/lib/libc.a(libc_a-localeconv.o)
 .debug_loclists
                0x0000000000009215       0x14 /usr/local/m68k-elf/lib/libc.a(libc_a-sbrkr.o)
 .debug_loclists
                0x0000000000009229       0x25 /usr/local/m68k-elf/lib/libc.a(libc_a-strlen.o)
 .debug_loclists
                0x000000000000924e     0x270b /usr/local/m68k-elf/lib/libc.a(libc_a-dtoa.o)
 .debug_loclists
                0x000000000000b959       0x33 /usr/local/m68k-elf/lib/libc.a(libc_a-mbtowc_r.o)
 .debug_loclists
                0x000000000000b98c     0x18c8 /usr/local/m68k-elf/lib/libc.a(libc_a-mprec.o)
 .debug_loclists
                0x000000000000d254     0x131f /usr/local/m68k-elf/lib/libc.a(libc_a-reallocr.o)
 .debug_loclists
                0x000000000000e573     0x1efd /usr/local/m68k-elf/lib/libc.a(libc_a-strtod.o)
 .debug_loclists
                0x0000000000010470      0x3d4 /usr/local/m68k-elf/lib/libc.a(libc_a-strtol.o)
 .debug_loclists
                0x0000000000010844      0x375 /usr/local/m68k-elf/lib/libc.a(libc_a-strtoul.o)
 .debug_loclists
                0x0000000000010bb9       0x3a /usr/local/m68k-elf/lib/libc.a(libc_a-wctomb_r.o)
 .debug_loclists
                0x0000000000010bf3       0x6c /usr/local/m68k-elf/lib/libc.a(libc_a-mbrtowc.o)
 .debug_loclists
                0x0000000000010c5f      0x1de /usr/local/m68k-elf/lib/libc.a(libc_a-wcrtomb.o)
 .debug_loclists
                0x0000000000010e3d     0x265f /usr/local/m68k-elf/lib/libc.a(libc_a-svfprintf.o)
 .debug_loclists
                0x000000000001349c      0x32e /usr/local/m68k-elf/lib/libc.a(libc_a-makebuf.o)
 .debug_loclists
                0x00000000000137ca       0x7b /usr/local/m68k-elf/lib/libc.a(libc_a-wbuf.o)
 .debug_loclists
                0x0000000000013845       0x5a /usr/local/m68k-elf/lib/libc.a(libc_a-strcmp.o)
 .debug_loclists
                0x000000000001389f       0xe9 /usr/local/m68k-elf/lib/libc.a(libc_a-strncmp.o)
 .debug_loclists
                0x0000000000013988       0x14 /usr/local/m68k-elf/lib/libc.a(libc_a-fstatr.o)
 .debug_loclists
                0x000000000001399c       0x14 /usr/local/m68k-elf/lib/libc.a(libc_a-isattyr.o)
 .debug_loclists
                0x00000000000139b0      0x1c1 /usr/local/m68k-elf/lib/libc.a(libc_a-callocr.o)
 .debug_loclists
                0x0000000000013b71      0xece /usr/local/m68k-elf/lib/libc.a(libc_a-gdtoa-gethex.o)
 .debug_loclists
                0x0000000000014a3f      0x536 /usr/local/m68k-elf/lib/libc.a(libc_a-gdtoa-hexnan.o)
 .debug_loclists
                0x0000000000014f75       0xc1 /usr/local/m68k-elf/lib/libc.a(libc_a-fiprintf.o)
 .debug_loclists
                0x0000000000015036     0x1313 /usr/local/m68k-elf/lib/libc.a(libc_a-svfiprintf.o)
 .debug_loclists
                0x0000000000016349      0x245 /usr/local/m68k-elf/lib/libc.a(libc_a-signal.o)
 .debug_loclists
                0x000000000001658e       0x14 /usr/local/m68k-elf/lib/libc.a(libc_a-signalr.o)
 .debug_loclists
                0x00000000000165a2       0x82 /usr/local/lib/gcc/m68k-elf/11/libgcc.a(_fixunsdfdi.o)
 .debug_loclists
                0x0000000000016624       0x37 /usr/local/lib/gcc/m68k-elf/11/libgcc.a(_floatdidf.o)
 .debug_loclists
                0x000000000001665b      0x536 /usr/local/lib/gcc/m68k-elf/11/libgcc.a(fpgnulib.o)
 .debug_loclists
                0x0000000000016b91      0x1eb /usr/local/lib/gcc/m68k-elf/11/libgcc.a(xfgnulib.o)
 .debug_loclists
                0x0000000000016d7c       0x1f /usr/local/m68k-elf/lib/libidp.a(sbrk.o)
 .debug_loclists
                0x0000000000016d9b       0x37 /usr/local/m68k-elf/lib/libidp.a(mc68ec.o)

.debug_aranges  0x0000000000000000      0xcf8
 .debug_aranges
                0x0000000000000000       0x20 csys68k.o
 .debug_aranges
                0x0000000000000020       0x20 mtk_c.o
 .debug_aranges
                0x0000000000000040       0x28 test3.o
 .debug_aranges
                0x0000000000000068       0x20 /usr/local/m68k-elf/lib/libc.a(libc_a-exit.o)
 .debug_aranges
                0x0000000000000088       0x20 /usr/local/m68k-elf/lib/libc.a(libc_a-fdopen.o)
 .debug_aranges
                0x00000000000000a8       0x20 /usr/local/m68k-elf/lib/libc.a(libc_a-findfp.o)
 .debug_aranges
                0x00000000000000c8       0x20 /usr/local/m68k-elf/lib/libc.a(libc_a-flags.o)
 .debug_aranges
                0x00000000000000e8       0x20 /usr/local/m68k-elf/lib/libc.a(libc_a-fprintf.o)
 .debug_aranges
                0x0000000000000108       0x20 /usr/local/m68k-elf/lib/libc.a(libc_a-fscanf.o)
 .debug_aranges
                0x0000000000000128       0x20 /usr/local/m68k-elf/lib/libc.a(libc_a-fwalk.o)
 .debug_aranges
                0x0000000000000148       0x20 /usr/local/m68k-elf/lib/libc.a(libc_a-fwrite.o)
 .debug_aranges
                0x0000000000000168       0x20 /usr/local/m68k-elf/lib/libc.a(libc_a-stdio.o)
 .debug_aranges
                0x0000000000000188       0x20 /usr/local/m68k-elf/lib/libc.a(libc_a-closer.o)
 .debug_aranges
                0x00000000000001a8       0x20 /usr/local/m68k-elf/lib/libc.a(libc_a-reent.o)
 .debug_aranges
                0x00000000000001c8       0x18 /usr/local/m68k-elf/lib/libc.a(libc_a-impure.o)
 .debug_aranges
                0x00000000000001e0       0x20 /usr/local/m68k-elf/lib/libc.a(libc_a-lseekr.o)
 .debug_aranges
                0x0000000000000200       0x20 /usr/local/m68k-elf/lib/libc.a(libc_a-readr.o)
 .debug_aranges
                0x0000000000000220       0x20 /usr/local/m68k-elf/lib/libc.a(libc_a-writer.o)
 .debug_aranges
                0x0000000000000240       0x20 /usr/local/m68k-elf/lib/libc.a(libc_a-memset.o)
 .debug_aranges
                0x0000000000000260       0x20 /usr/local/m68k-elf/lib/libc.a(libc_a-__call_atexit.o)
 .debug_aranges
                0x0000000000000280       0x20 /usr/local/m68k-elf/lib/libc.a(libc_a-freer.o)
 .debug_aranges
                0x00000000000002a0       0x20 /usr/local/m68k-elf/lib/libc.a(libc_a-mallocr.o)
 .debug_aranges
                0x00000000000002c0       0x20 /usr/local/m68k-elf/lib/libc.a(libc_a-mlock.o)
 .debug_aranges
                0x00000000000002e0       0x20 /usr/local/m68k-elf/lib/libc.a(libc_a-vfprintf.o)
 .debug_aranges
                0x0000000000000300       0x20 /usr/local/m68k-elf/lib/libc.a(libc_a-vfiprintf.o)
 .debug_aranges
                0x0000000000000320       0x20 /usr/local/m68k-elf/lib/libc.a(libc_a-vfscanf.o)
 .debug_aranges
                0x0000000000000340       0x20 /usr/local/m68k-elf/lib/libc.a(libc_a-fclose.o)
 .debug_aranges
                0x0000000000000360       0x20 /usr/local/m68k-elf/lib/libc.a(libc_a-fflush.o)
 .debug_aranges
                0x0000000000000380       0x20 /usr/local/m68k-elf/lib/libc.a(libc_a-fread.o)
 .debug_aranges
                0x00000000000003a0       0x20 /usr/local/m68k-elf/lib/libc.a(libc_a-fvwrite.o)
 .debug_aranges
                0x00000000000003c0       0x20 /usr/local/m68k-elf/lib/libc.a(libc_a-refill.o)
 .debug_aranges
                0x00000000000003e0       0x20 /usr/local/m68k-elf/lib/libc.a(libc_a-sccl.o)
 .debug_aranges
                0x0000000000000400       0x20 /usr/local/m68k-elf/lib/libc.a(libc_a-sprintf.o)
 .debug_aranges
                0x0000000000000420       0x20 /usr/local/m68k-elf/lib/libc.a(libc_a-ungetc.o)
 .debug_aranges
                0x0000000000000440       0x20 /usr/local/m68k-elf/lib/libc.a(libc_a-wsetup.o)
 .debug_aranges
                0x0000000000000460       0x20 /usr/local/m68k-elf/lib/libc.a(libc_a-fputwc.o)
 .debug_aranges
                0x0000000000000480       0x20 /usr/local/m68k-elf/lib/libc.a(libc_a-memchr.o)
 .debug_aranges
                0x00000000000004a0       0x20 /usr/local/m68k-elf/lib/libc.a(libc_a-memmove.o)
 .debug_aranges
                0x00000000000004c0       0x20 /usr/local/m68k-elf/lib/libc.a(libc_a-locale.o)
 .debug_aranges
                0x00000000000004e0       0x20 /usr/local/m68k-elf/lib/libc.a(libc_a-localeconv.o)
 .debug_aranges
                0x0000000000000500       0x20 /usr/local/m68k-elf/lib/libc.a(libc_a-sbrkr.o)
 .debug_aranges
                0x0000000000000520       0x20 /usr/local/m68k-elf/lib/libc.a(libc_a-strlen.o)
 .debug_aranges
                0x0000000000000540       0x20 /usr/local/m68k-elf/lib/libc.a(libc_a-memcpy.o)
 .debug_aranges
                0x0000000000000560       0x20 /usr/local/m68k-elf/lib/libc.a(libm_a-sf_nan.o)
 .debug_aranges
                0x0000000000000580       0x20 /usr/local/m68k-elf/lib/libc.a(libc_a-dtoa.o)
 .debug_aranges
                0x00000000000005a0       0x20 /usr/local/m68k-elf/lib/libc.a(libc_a-mbtowc_r.o)
 .debug_aranges
                0x00000000000005c0       0x20 /usr/local/m68k-elf/lib/libc.a(libc_a-mprec.o)
 .debug_aranges
                0x00000000000005e0       0x20 /usr/local/m68k-elf/lib/libc.a(libc_a-reallocr.o)
 .debug_aranges
                0x0000000000000600       0x20 /usr/local/m68k-elf/lib/libc.a(libc_a-strtod.o)
 .debug_aranges
                0x0000000000000620       0x20 /usr/local/m68k-elf/lib/libc.a(libc_a-strtol.o)
 .debug_aranges
                0x0000000000000640       0x20 /usr/local/m68k-elf/lib/libc.a(libc_a-strtoul.o)
 .debug_aranges
                0x0000000000000660       0x20 /usr/local/m68k-elf/lib/libc.a(libc_a-wctomb_r.o)
 .debug_aranges
                0x0000000000000680       0x20 /usr/local/m68k-elf/lib/libc.a(libc_a-mbrtowc.o)
 .debug_aranges
                0x00000000000006a0       0x20 /usr/local/m68k-elf/lib/libc.a(libc_a-wcrtomb.o)
 .debug_aranges
                0x00000000000006c0       0x18 /usr/local/m68k-elf/lib/libc.a(libc_a-ctype_.o)
 .debug_aranges
                0x00000000000006d8       0x20 /usr/local/m68k-elf/lib/libc.a(libc_a-iswspace.o)
 .debug_aranges
                0x00000000000006f8       0x20 /usr/local/m68k-elf/lib/libc.a(libc_a-iswspace_l.o)
 .debug_aranges
                0x0000000000000718       0x20 /usr/local/m68k-elf/lib/libc.a(libc_a-svfprintf.o)
 .debug_aranges
                0x0000000000000738       0x20 /usr/local/m68k-elf/lib/libc.a(libc_a-makebuf.o)
 .debug_aranges
                0x0000000000000758       0x20 /usr/local/m68k-elf/lib/libc.a(libc_a-wbuf.o)
 .debug_aranges
                0x0000000000000778       0x20 /usr/local/m68k-elf/lib/libc.a(libc_a-strcmp.o)
 .debug_aranges
                0x0000000000000798       0x20 /usr/local/m68k-elf/lib/libc.a(libc_a-strncmp.o)
 .debug_aranges
                0x00000000000007b8       0x20 /usr/local/m68k-elf/lib/libc.a(libc_a-fstatr.o)
 .debug_aranges
                0x00000000000007d8       0x20 /usr/local/m68k-elf/lib/libc.a(libc_a-isattyr.o)
 .debug_aranges
                0x00000000000007f8       0x20 /usr/local/m68k-elf/lib/libc.a(libc_a-errno.o)
 .debug_aranges
                0x0000000000000818       0x20 /usr/local/m68k-elf/lib/libc.a(libm_a-s_nan.o)
 .debug_aranges
                0x0000000000000838       0x20 /usr/local/m68k-elf/lib/libc.a(libc_a-assert.o)
 .debug_aranges
                0x0000000000000858       0x20 /usr/local/m68k-elf/lib/libc.a(libc_a-callocr.o)
 .debug_aranges
                0x0000000000000878       0x20 /usr/local/m68k-elf/lib/libc.a(libc_a-gdtoa-gethex.o)
 .debug_aranges
                0x0000000000000898       0x20 /usr/local/m68k-elf/lib/libc.a(libc_a-gdtoa-hexnan.o)
 .debug_aranges
                0x00000000000008b8       0x20 /usr/local/m68k-elf/lib/libc.a(libc_a-fiprintf.o)
 .debug_aranges
                0x00000000000008d8       0x20 /usr/local/m68k-elf/lib/libc.a(libc_a-svfiprintf.o)
 .debug_aranges
                0x00000000000008f8       0x20 /usr/local/m68k-elf/lib/libc.a(libc_a-abort.o)
 .debug_aranges
                0x0000000000000918       0x20 /usr/local/m68k-elf/lib/libc.a(libc_a-signal.o)
 .debug_aranges
                0x0000000000000938       0x20 /usr/local/m68k-elf/lib/libc.a(libc_a-signalr.o)
 .debug_aranges
                0x0000000000000958       0x20 /usr/local/lib/gcc/m68k-elf/11/libgcc.a(_mulsi3.o)
 .debug_aranges
                0x0000000000000978       0x20 /usr/local/lib/gcc/m68k-elf/11/libgcc.a(_udivsi3.o)
 .debug_aranges
                0x0000000000000998       0x20 /usr/local/lib/gcc/m68k-elf/11/libgcc.a(_divsi3.o)
 .debug_aranges
                0x00000000000009b8       0x20 /usr/local/lib/gcc/m68k-elf/11/libgcc.a(_umodsi3.o)
 .debug_aranges
                0x00000000000009d8       0x20 /usr/local/lib/gcc/m68k-elf/11/libgcc.a(_modsi3.o)
 .debug_aranges
                0x00000000000009f8       0x20 /usr/local/lib/gcc/m68k-elf/11/libgcc.a(_double.o)
 .debug_aranges
                0x0000000000000a18       0x20 /usr/local/lib/gcc/m68k-elf/11/libgcc.a(_floatex.o)
 .debug_aranges
                0x0000000000000a38       0x20 /usr/local/lib/gcc/m68k-elf/11/libgcc.a(_eqdf2.o)
 .debug_aranges
                0x0000000000000a58       0x20 /usr/local/lib/gcc/m68k-elf/11/libgcc.a(_nedf2.o)
 .debug_aranges
                0x0000000000000a78       0x20 /usr/local/lib/gcc/m68k-elf/11/libgcc.a(_gtdf2.o)
 .debug_aranges
                0x0000000000000a98       0x20 /usr/local/lib/gcc/m68k-elf/11/libgcc.a(_ltdf2.o)
 .debug_aranges
                0x0000000000000ab8       0x20 /usr/local/lib/gcc/m68k-elf/11/libgcc.a(_ledf2.o)
 .debug_aranges
                0x0000000000000ad8       0x20 /usr/local/lib/gcc/m68k-elf/11/libgcc.a(_lesf2.o)
 .debug_aranges
                0x0000000000000af8       0x20 /usr/local/lib/gcc/m68k-elf/11/libgcc.a(_fixunsdfsi.o)
 .debug_aranges
                0x0000000000000b18       0x20 /usr/local/lib/gcc/m68k-elf/11/libgcc.a(_fixdfdi.o)
 .debug_aranges
                0x0000000000000b38       0x20 /usr/local/lib/gcc/m68k-elf/11/libgcc.a(_fixunsdfdi.o)
 .debug_aranges
                0x0000000000000b58       0x20 /usr/local/lib/gcc/m68k-elf/11/libgcc.a(_floatdidf.o)
 .debug_aranges
                0x0000000000000b78       0x20 /usr/local/lib/gcc/m68k-elf/11/libgcc.a(fpgnulib.o)
 .debug_aranges
                0x0000000000000b98       0x20 /usr/local/lib/gcc/m68k-elf/11/libgcc.a(xfgnulib.o)
 .debug_aranges
                0x0000000000000bb8       0x20 /usr/local/lib/gcc/m68k-elf/11/libgcc.a(_float.o)
 .debug_aranges
                0x0000000000000bd8       0x20 /usr/local/lib/gcc/m68k-elf/11/libgcc.a(_gedf2.o)
 .debug_aranges
                0x0000000000000bf8       0x20 /usr/local/m68k-elf/lib/libidp.a(close.o)
 .debug_aranges
                0x0000000000000c18       0x20 /usr/local/m68k-elf/lib/libidp.a(fstat.o)
 .debug_aranges
                0x0000000000000c38       0x20 /usr/local/m68k-elf/lib/libidp.a(getpid.o)
 .debug_aranges
                0x0000000000000c58       0x20 /usr/local/m68k-elf/lib/libidp.a(isatty.o)
 .debug_aranges
                0x0000000000000c78       0x20 /usr/local/m68k-elf/lib/libidp.a(kill.o)
 .debug_aranges